Archive member included because of file (symbol)

/home/lieven/.platformio/packages/toolchain-gccarmnoneeabi@1.40804.0/bin/../lib/gcc/arm-none-eabi/4.8.4/../../../../arm-none-eabi/lib/armv7e-m/fpu/libc.a(lib_a-aeabi_atexit.o)
                              .pio/build/lplm4f120h5qr/src/main.cpp.o (__aeabi_atexit)
/home/lieven/.platformio/packages/toolchain-gccarmnoneeabi@1.40804.0/bin/../lib/gcc/arm-none-eabi/4.8.4/../../../../arm-none-eabi/lib/armv7e-m/fpu/libc.a(lib_a-cxa_atexit.o)
                              /home/lieven/.platformio/packages/toolchain-gccarmnoneeabi@1.40804.0/bin/../lib/gcc/arm-none-eabi/4.8.4/../../../../arm-none-eabi/lib/armv7e-m/fpu/libc.a(lib_a-aeabi_atexit.o) (__cxa_atexit)
/home/lieven/.platformio/packages/toolchain-gccarmnoneeabi@1.40804.0/bin/../lib/gcc/arm-none-eabi/4.8.4/../../../../arm-none-eabi/lib/armv7e-m/fpu/libc.a(lib_a-malloc.o)
                              .pio/build/lplm4f120h5qr/src/main.cpp.o (malloc)
/home/lieven/.platformio/packages/toolchain-gccarmnoneeabi@1.40804.0/bin/../lib/gcc/arm-none-eabi/4.8.4/../../../../arm-none-eabi/lib/armv7e-m/fpu/libc.a(lib_a-mallocr.o)
                              /home/lieven/.platformio/packages/toolchain-gccarmnoneeabi@1.40804.0/bin/../lib/gcc/arm-none-eabi/4.8.4/../../../../arm-none-eabi/lib/armv7e-m/fpu/libc.a(lib_a-malloc.o) (_malloc_r)
/home/lieven/.platformio/packages/toolchain-gccarmnoneeabi@1.40804.0/bin/../lib/gcc/arm-none-eabi/4.8.4/../../../../arm-none-eabi/lib/armv7e-m/fpu/libc.a(lib_a-memcpy.o)
                              .pio/build/lplm4f120h5qr/src/MqttSerial.cpp.o (memcpy)
/home/lieven/.platformio/packages/toolchain-gccarmnoneeabi@1.40804.0/bin/../lib/gcc/arm-none-eabi/4.8.4/../../../../arm-none-eabi/lib/armv7e-m/fpu/libc.a(lib_a-memmove.o)
                              .pio/build/lplm4f120h5qr/src/MqttSerial.cpp.o (memmove)
/home/lieven/.platformio/packages/toolchain-gccarmnoneeabi@1.40804.0/bin/../lib/gcc/arm-none-eabi/4.8.4/../../../../arm-none-eabi/lib/armv7e-m/fpu/libc.a(lib_a-mlock.o)
                              /home/lieven/.platformio/packages/toolchain-gccarmnoneeabi@1.40804.0/bin/../lib/gcc/arm-none-eabi/4.8.4/../../../../arm-none-eabi/lib/armv7e-m/fpu/libc.a(lib_a-mallocr.o) (__malloc_lock)
/home/lieven/.platformio/packages/toolchain-gccarmnoneeabi@1.40804.0/bin/../lib/gcc/arm-none-eabi/4.8.4/../../../../arm-none-eabi/lib/armv7e-m/fpu/libc.a(lib_a-sbrkr.o)
                              /home/lieven/.platformio/packages/toolchain-gccarmnoneeabi@1.40804.0/bin/../lib/gcc/arm-none-eabi/4.8.4/../../../../arm-none-eabi/lib/armv7e-m/fpu/libc.a(lib_a-mallocr.o) (_sbrk_r)
/home/lieven/.platformio/packages/toolchain-gccarmnoneeabi@1.40804.0/bin/../lib/gcc/arm-none-eabi/4.8.4/../../../../arm-none-eabi/lib/armv7e-m/fpu/libc.a(lib_a-sf_fpclassify.o)
                              .pio/build/lplm4f120h5qr/src/MqttSerial.cpp.o (__fpclassifyf)
/home/lieven/.platformio/packages/toolchain-gccarmnoneeabi@1.40804.0/bin/../lib/gcc/arm-none-eabi/4.8.4/../../../../arm-none-eabi/lib/armv7e-m/fpu/libc.a(lib_a-strcmp.o)
                              .pio/build/lplm4f120h5qr/src/MqttSerial.cpp.o (strcmp)
/home/lieven/.platformio/packages/toolchain-gccarmnoneeabi@1.40804.0/bin/../lib/gcc/arm-none-eabi/4.8.4/../../../../arm-none-eabi/lib/armv7e-m/fpu/libc.a(lib_a-strlen.o)
                              .pio/build/lplm4f120h5qr/src/MqttSerial.cpp.o (strlen)
/home/lieven/.platformio/packages/toolchain-gccarmnoneeabi@1.40804.0/bin/../lib/gcc/arm-none-eabi/4.8.4/../../../../arm-none-eabi/lib/armv7e-m/fpu/libc.a(lib_a-strncpy.o)
                              .pio/build/lplm4f120h5qr/src/Sys.cpp.o (strncpy)
/home/lieven/.platformio/packages/toolchain-gccarmnoneeabi@1.40804.0/bin/../lib/gcc/arm-none-eabi/4.8.4/../../../../arm-none-eabi/lib/armv7e-m/fpu/libc.a(lib_a-syssbrk.o)
                              .pio/build/lplm4f120h5qr/src/main.cpp.o (sbrk)
/home/lieven/.platformio/packages/toolchain-gccarmnoneeabi@1.40804.0/bin/../lib/gcc/arm-none-eabi/4.8.4/../../../../arm-none-eabi/lib/armv7e-m/fpu/libc.a(lib_a-__atexit.o)
                              /home/lieven/.platformio/packages/toolchain-gccarmnoneeabi@1.40804.0/bin/../lib/gcc/arm-none-eabi/4.8.4/../../../../arm-none-eabi/lib/armv7e-m/fpu/libc.a(lib_a-cxa_atexit.o) (__register_exitproc)
/home/lieven/.platformio/packages/toolchain-gccarmnoneeabi@1.40804.0/bin/../lib/gcc/arm-none-eabi/4.8.4/../../../../arm-none-eabi/lib/armv7e-m/fpu/libc.a(lib_a-freer.o)
                              /home/lieven/.platformio/packages/toolchain-gccarmnoneeabi@1.40804.0/bin/../lib/gcc/arm-none-eabi/4.8.4/../../../../arm-none-eabi/lib/armv7e-m/fpu/libc.a(lib_a-malloc.o) (_free_r)
/home/lieven/.platformio/packages/toolchain-gccarmnoneeabi@1.40804.0/bin/../lib/gcc/arm-none-eabi/4.8.4/../../../../arm-none-eabi/lib/armv7e-m/fpu/libc.a(lib_a-impure.o)
[...]
Memory Configuration

Name             Origin             Length             Attributes
flash            0x0000000000000000 0x0000000000040000 xr
ram              0x0000000020000000 0x0000000000008000 xrw
*default*        0x0000000000000000 0xffffffffffffffff

Linker script and memory map

LOAD .pio/build/lplm4f120h5qr/src/MqttSerial.cpp.o
LOAD .pio/build/lplm4f120h5qr/src/NanoAkka.cpp.o
LOAD .pio/build/lplm4f120h5qr/src/Sys.cpp.o
LOAD .pio/build/lplm4f120h5qr/src/main.cpp.o
LOAD .pio/build/lplm4f120h5qr/src/printf.c.o
START GROUP
LOAD /home/lieven/.platformio/packages/toolchain-gccarmnoneeabi@1.40804.0/bin/../lib/gcc/arm-none-eabi/4.8.4/../../../../arm-none-eabi/lib/armv7e-m/fpu/libc.a
LOAD /home/lieven/.platformio/packages/toolchain-gccarmnoneeabi@1.40804.0/bin/../lib/gcc/arm-none-eabi/4.8.4/armv7e-m/fpu/libgcc.a
LOAD /home/lieven/.platformio/packages/toolchain-gccarmnoneeabi@1.40804.0/bin/../lib/gcc/arm-none-eabi/4.8.4/../../../../arm-none-eabi/lib/armv7e-m/fpu/libm.a
LOAD /home/lieven/.platformio/packages/framework-energiativa/system/driverlib/libdriverlib.a
LOAD .pio/build/lplm4f120h5qr/libFrameworkEnergia.a
END GROUP

.text           0x0000000000000000     0xa944
                0x0000000000000000                . = ALIGN (0x4)
                0x0000000000000000                _text = .
 *(.isr_vector)
 .isr_vector    0x0000000000000000      0x26c .pio/build/lplm4f120h5qr/libFrameworkEnergia.a(startup_gcc.c.o)
                0x0000000000000000                g_pfnVectors
 *(.text .text* .gnu.linkonce.t.*)
 .text._ZNK23ArduinoJson6151_100001020DeserializationError14safeBoolHelperEv
                0x000000000000026c        0x2 .pio/build/lplm4f120h5qr/src/MqttSerial.cpp.o
                0x000000000000026c                ArduinoJson6151_1000010::DeserializationError::safeBoolHelper() const
 .text._ZN10MqttSerial7requestEv
                0x000000000000026e        0x2 .pio/build/lplm4f120h5qr/src/MqttSerial.cpp.o
                0x000000000000026e                MqttSerial::request()
 .text._ZN10SubscriberI11MqttMessageED2Ev
                0x0000000000000270        0xc .pio/build/lplm4f120h5qr/src/MqttSerial.cpp.o
                0x0000000000000270                Subscriber<MqttMessage>::~Subscriber()
                0x0000000000000270                Subscriber<MqttMessage>::~Subscriber()
 .text._ZN10SubscriberI8TimerMsgED2Ev
                0x000000000000027c        0xc .pio/build/lplm4f120h5qr/src/MqttSerial.cpp.o
                0x000000000000027c                Subscriber<TimerMsg>::~Subscriber()
                0x000000000000027c                Subscriber<TimerMsg>::~Subscriber()
 .text._ZN4SinkI8TimerMsgLi3EE7requestEv
                0x0000000000000288        0xa .pio/build/lplm4f120h5qr/src/MqttSerial.cpp.o
                0x0000000000000288                Sink<TimerMsg, 3>::request()
 .text._ZN4SinkI11MqttMessageLi10EE7requestEv
                0x0000000000000292        0xa .pio/build/lplm4f120h5qr/src/MqttSerial.cpp.o
                0x0000000000000292                Sink<MqttMessage, 10>::request()
 .text._ZN9QueueFlowI11MqttMessageLi5EE7requestEv
                0x000000000000029c       0x10 .pio/build/lplm4f120h5qr/src/MqttSerial.cpp.o
                0x000000000000029c                QueueFlow<MqttMessage, 5>::request()
                0x00000000000002a6                non-virtual thunk to QueueFlow<MqttMessage, 5>::request()
 .text._ZN10SubscriberI11MqttMessageED0Ev
                0x00000000000002ac       0x14 .pio/build/lplm4f120h5qr/src/MqttSerial.cpp.o
                0x00000000000002ac                Subscriber<MqttMessage>::~Subscriber()
 .text._ZN10SubscriberI8TimerMsgED0Ev
                0x00000000000002c0       0x14 .pio/build/lplm4f120h5qr/src/MqttSerial.cpp.o
                0x00000000000002c0                Subscriber<TimerMsg>::~Subscriber()
 .text._ZNSt14_Function_base13_Base_managerIZN10MqttSerial4initEvEUlRK11MqttMessageE_E10_M_managerERSt9_Any_dataRKS7_St18_Manager_operation
                0x00000000000002d4       0x30 .pio/build/lplm4f120h5qr/src/MqttSerial.cpp.o
 .text._ZN23ArduinoJson6151_100001011VariantData7setTypeEh.isra.15
                0x0000000000000304        0xc .pio/build/lplm4f120h5qr/src/MqttSerial.cpp.o
 .text._ZN11TimerSource7requestEv
                0x0000000000000310       0x78 .pio/build/lplm4f120h5qr/src/MqttSerial.cpp.o
                0x0000000000000310                TimerSource::request()
                0x0000000000000382                non-virtual thunk to TimerSource::request()
 .text._ZN10ArrayQueueI11MqttMessageLi10EE4pushERKS0_
                0x0000000000000388       0x68 .pio/build/lplm4f120h5qr/src/MqttSerial.cpp.o
                0x0000000000000388                ArrayQueue<MqttMessage, 10>::push(MqttMessage const&)
 .text._ZNSt14_Function_base13_Base_managerIZN4SinkI11MqttMessageLi10EEC1EvEUlRKS2_E_E10_M_managerERSt9_Any_dataRKS8_St18_Manager_operation
                0x00000000000003f0       0x2a .pio/build/lplm4f120h5qr/src/MqttSerial.cpp.o
                0x00000000000003f0                std::_Function_base::_Base_manager<Sink<MqttMessage, 10>::Sink()::{lambda(MqttMessage const&)#1}>::_M_manager(std::_Any_data&, std::_Function_base::_Base_manager<Sink<MqttMessage, 10>::Sink()::{lambda(MqttMessage const&)#1}> const&, std::_Manager_operation)
 .text._ZNSt14_Function_base13_Base_managerIZN4SinkI8TimerMsgLi3EEC1EvEUlRKS2_E_E10_M_managerERSt9_Any_dataRKS8_St18_Manager_operation
                0x000000000000041a       0x2a .pio/build/lplm4f120h5qr/src/MqttSerial.cpp.o
                0x000000000000041a                std::_Function_base::_Base_manager<Sink<TimerMsg, 3>::Sink()::{lambda(TimerMsg const&)#1}>::_M_manager(std::_Any_data&, std::_Function_base::_Base_manager<Sink<TimerMsg, 3>::Sink()::{lambda(TimerMsg const&)#1}> const&, std::_Manager_operation)
 .text._ZN10ArrayQueueI11MqttMessageLi5EE3popERS0_
                0x0000000000000444       0x5c .pio/build/lplm4f120h5qr/src/MqttSerial.cpp.o
                0x0000000000000444                ArrayQueue<MqttMessage, 5>::pop(MqttMessage&)
 .text._ZN10ArrayQueueI8TimerMsgLi3EE3popERS0_
                0x00000000000004a0       0x48 .pio/build/lplm4f120h5qr/src/MqttSerial.cpp.o
                0x00000000000004a0                ArrayQueue<TimerMsg, 3>::pop(TimerMsg&)
 .text._ZN10ArrayQueueI8TimerMsgLi3EE4pushERKS0_
                0x00000000000004e8       0x54 .pio/build/lplm4f120h5qr/src/MqttSerial.cpp.o
                0x00000000000004e8                ArrayQueue<TimerMsg, 3>::push(TimerMsg const&)
 .text._ZN10ArrayQueueI11MqttMessageLi5EE4pushERKS0_
                0x000000000000053c       0x68 .pio/build/lplm4f120h5qr/src/MqttSerial.cpp.o
                0x000000000000053c                ArrayQueue<MqttMessage, 5>::push(MqttMessage const&)
 .text._ZN10ArrayQueueI11MqttMessageLi10EE3popERS0_
                0x00000000000005a4       0x5c .pio/build/lplm4f120h5qr/src/MqttSerial.cpp.o
                0x00000000000005a4                ArrayQueue<MqttMessage, 10>::pop(MqttMessage&)
 .text._ZNSt14_Function_baseD2Ev
                0x0000000000000600       0x12 .pio/build/lplm4f120h5qr/src/MqttSerial.cpp.o
                0x0000000000000600                std::_Function_base::~_Function_base()
                0x0000000000000600                std::_Function_base::~_Function_base()
 .text._ZN23ArduinoJson6151_100001010MemoryPoolC2EPcj
                0x0000000000000612       0x16 .pio/build/lplm4f120h5qr/src/MqttSerial.cpp.o
                0x0000000000000612                ArduinoJson6151_1000010::MemoryPool::MemoryPool(char*, unsigned int)
                0x0000000000000612                ArduinoJson6151_1000010::MemoryPool::MemoryPool(char*, unsigned int)
 .text._ZN23ArduinoJson6151_100001012JsonDocument5clearEv
                0x0000000000000628       0x10 .pio/build/lplm4f120h5qr/src/MqttSerial.cpp.o
                0x0000000000000628                ArduinoJson6151_1000010::JsonDocument::clear()
 .text._ZN23ArduinoJson6151_100001014CollectionData7addSlotEPNS_10MemoryPoolE
                0x0000000000000638       0x3c .pio/build/lplm4f120h5qr/src/MqttSerial.cpp.o
                0x0000000000000638                ArduinoJson6151_1000010::CollectionData::addSlot(ArduinoJson6151_1000010::MemoryPool*)
 .text._ZN23ArduinoJson6151_100001011VariantData10addElementEPNS_10MemoryPoolE
                0x0000000000000674       0x30 .pio/build/lplm4f120h5qr/src/MqttSerial.cpp.o
                0x0000000000000674                ArduinoJson6151_1000010::VariantData::addElement(ArduinoJson6151_1000010::MemoryPool*)
 .text._ZNK23ArduinoJson6151_100001014CollectionData10getElementEj
                0x00000000000006a4       0x16 .pio/build/lplm4f120h5qr/src/MqttSerial.cpp.o
                0x00000000000006a4                ArduinoJson6151_1000010::CollectionData::getElement(unsigned int) const
 *fill*         0x00000000000006ba        0x2 
 .text._ZNK23ArduinoJson6151_100001020DeserializationErrorcvMS0_KFvvEEv
                0x00000000000006bc       0x18 .pio/build/lplm4f120h5qr/src/MqttSerial.cpp.o
                0x00000000000006bc                ArduinoJson6151_1000010::DeserializationError::operator void (ArduinoJson6151_1000010::DeserializationError::*)() const() const
 .text._ZN23ArduinoJson6151_100001013StringBuilder6appendEc
                0x00000000000006d4       0x1c .pio/build/lplm4f120h5qr/src/MqttSerial.cpp.o
                0x00000000000006d4                ArduinoJson6151_1000010::StringBuilder::append(char)
 .text._ZN23ArduinoJson6151_100001013StringBuilder8completeEv
                0x00000000000006f0       0x22 .pio/build/lplm4f120h5qr/src/MqttSerial.cpp.o
                0x00000000000006f0                ArduinoJson6151_1000010::StringBuilder::complete()
 .text._ZN23ArduinoJson6151_10000106WriterI6StringvE5flushEv
                0x0000000000000712       0x18 .pio/build/lplm4f120h5qr/src/MqttSerial.cpp.o
                0x0000000000000712                ArduinoJson6151_1000010::Writer<String, void>::flush()
 .text._ZN23ArduinoJson6151_10000106WriterI6StringvE5writeEh
                0x000000000000072a       0x1c .pio/build/lplm4f120h5qr/src/MqttSerial.cpp.o
                0x000000000000072a                ArduinoJson6151_1000010::Writer<String, void>::write(unsigned char)
 .text._ZN11MqttMessageD2Ev
                0x0000000000000746       0x14 .pio/build/lplm4f120h5qr/src/MqttSerial.cpp.o
                0x0000000000000746                MqttMessage::~MqttMessage()
                0x0000000000000746                MqttMessage::~MqttMessage()
 *fill*         0x000000000000075a        0x2 
 .text._ZN11MqttMessageC2Ev
                0x000000000000075c       0x20 .pio/build/lplm4f120h5qr/src/MqttSerial.cpp.o
                0x000000000000075c                MqttMessage::MqttMessage()
                0x000000000000075c                MqttMessage::MqttMessage()
 .text._ZNSt6vectorIP11TimerSourceSaIS1_EE19_M_emplace_back_auxIIRKS1_EEEvDpOT_
                0x000000000000077c       0x72 .pio/build/lplm4f120h5qr/src/MqttSerial.cpp.o
                0x000000000000077c                void std::vector<TimerSource*, std::allocator<TimerSource*> >::_M_emplace_back_aux<TimerSource* const&>(TimerSource* const&)
                0x000000000000077c                void std::vector<TimerSource*, std::allocator<TimerSource*> >::_M_emplace_back_aux<TimerSource* const&>(TimerSource* const&)
 *fill*         0x00000000000007ee        0x2 
 .text._ZN11TimerSourceC2ER6Threadimb
                0x00000000000007f0       0x68 .pio/build/lplm4f120h5qr/src/MqttSerial.cpp.o
                0x00000000000007f0                TimerSource::TimerSource(Thread&, int, unsigned long, bool)
                0x00000000000007f0                TimerSource::TimerSource(Thread&, int, unsigned long, bool)
 .text._ZNKSt8functionIFvRK11MqttMessageEEclES2_
                0x0000000000000858       0x10 .pio/build/lplm4f120h5qr/src/MqttSerial.cpp.o
                0x0000000000000858                std::function<void (MqttMessage const&)>::operator()(MqttMessage const&) const
 .text._ZN4SinkI11MqttMessageLi10EE2onERKS0_
                0x0000000000000868       0x2a .pio/build/lplm4f120h5qr/src/MqttSerial.cpp.o
                0x0000000000000868                Sink<MqttMessage, 10>::on(MqttMessage const&)
 .text._ZN6SourceIbE4emitERKb
                0x0000000000000892       0x1c .pio/build/lplm4f120h5qr/src/MqttSerial.cpp.o
                0x0000000000000892                Source<bool>::emit(bool const&)
 .text._ZN11ValueSourceIbEaSEb
                0x00000000000008ae       0x12 .pio/build/lplm4f120h5qr/src/MqttSerial.cpp.o
                0x00000000000008ae                ValueSource<bool>::operator=(bool)
 .text._ZN11ValueSourceIbE7requestEv
                0x00000000000008c0       0x12 .pio/build/lplm4f120h5qr/src/MqttSerial.cpp.o
                0x00000000000008c0                ValueSource<bool>::request()
                0x00000000000008cc                non-virtual thunk to ValueSource<bool>::request()
 .text._ZN6SourceI11MqttMessageE4emitERKS0_
                0x00000000000008d2       0x1c .pio/build/lplm4f120h5qr/src/MqttSerial.cpp.o
                0x00000000000008d2                Source<MqttMessage>::emit(MqttMessage const&)
 .text._ZN9QueueFlowI11MqttMessageLi5EE2onERKS0_
                0x00000000000008ee       0x2a .pio/build/lplm4f120h5qr/src/MqttSerial.cpp.o
                0x00000000000008ee                QueueFlow<MqttMessage, 5>::on(MqttMessage const&)
 .text._ZSt4swapISt9_Any_dataEvRT_S2_
                0x0000000000000918       0x20 .pio/build/lplm4f120h5qr/src/MqttSerial.cpp.o
                0x0000000000000918                void std::swap<std::_Any_data>(std::_Any_data&, std::_Any_data&)
 .text._ZN4MqttC2ER6Thread
                0x0000000000000938      0x154 .pio/build/lplm4f120h5qr/src/MqttSerial.cpp.o
                0x0000000000000938                Mqtt::Mqtt(Thread&)
                0x0000000000000938                Mqtt::Mqtt(Thread&)
 .text._ZN10MqttSerialC2ER6Thread
                0x0000000000000a8c      0x180 .pio/build/lplm4f120h5qr/src/MqttSerial.cpp.o
                0x0000000000000a8c                MqttSerial::MqttSerial(Thread&)
                0x0000000000000a8c                MqttSerial::MqttSerial(Thread&)
 .text._ZN23ArduinoJson6151_100001021variantSetOwnedStringINS_20ArduinoStringAdapterEEEbPNS_11VariantDataET_PNS_10MemoryPoolE
                0x0000000000000c0c       0x44 .pio/build/lplm4f120h5qr/src/MqttSerial.cpp.o
                0x0000000000000c0c                bool ArduinoJson6151_1000010::variantSetOwnedString<ArduinoJson6151_1000010::ArduinoStringAdapter>(ArduinoJson6151_1000010::VariantData*, ArduinoJson6151_1000010::ArduinoStringAdapter, ArduinoJson6151_1000010::MemoryPool*)
 .text._ZN23ArduinoJson6151_100001014JsonSerializerINS_6WriterI6StringvEEEC2ES3_
                0x0000000000000c50       0x3e .pio/build/lplm4f120h5qr/src/MqttSerial.cpp.o
                0x0000000000000c50                ArduinoJson6151_1000010::JsonSerializer<ArduinoJson6151_1000010::Writer<String, void> >::JsonSerializer(ArduinoJson6151_1000010::Writer<String, void>)
                0x0000000000000c50                ArduinoJson6151_1000010::JsonSerializer<ArduinoJson6151_1000010::Writer<String, void> >::JsonSerializer(ArduinoJson6151_1000010::Writer<String, void>)
 .text._ZN23ArduinoJson6151_100001016JsonDeserializerINS_6ReaderI6StringvEENS_12StringCopierEE7currentEv
                0x0000000000000c8e       0x24 .pio/build/lplm4f120h5qr/src/MqttSerial.cpp.o
                0x0000000000000c8e                ArduinoJson6151_1000010::JsonDeserializer<ArduinoJson6151_1000010::Reader<String, void>, ArduinoJson6151_1000010::StringCopier>::current()
 .text._ZN23ArduinoJson6151_100001016JsonDeserializerINS_6ReaderI6StringvEENS_12StringCopierEE21skipSpacesAndCommentsEv
                0x0000000000000cb2       0x2e .pio/build/lplm4f120h5qr/src/MqttSerial.cpp.o
                0x0000000000000cb2                ArduinoJson6151_1000010::JsonDeserializer<ArduinoJson6151_1000010::Reader<String, void>, ArduinoJson6151_1000010::StringCopier>::skipSpacesAndComments()
 .text._ZN23ArduinoJson6151_100001016JsonDeserializerINS_6ReaderI6StringvEENS_12StringCopierEE3eatEc
                0x0000000000000ce0       0x18 .pio/build/lplm4f120h5qr/src/MqttSerial.cpp.o
                0x0000000000000ce0                ArduinoJson6151_1000010::JsonDeserializer<ArduinoJson6151_1000010::Reader<String, void>, ArduinoJson6151_1000010::StringCopier>::eat(char)
 .text._ZN23ArduinoJson6151_100001016JsonDeserializerINS_6ReaderI6StringvEENS_12StringCopierEE17parseQuotedStringEv
                0x0000000000000cf8       0x90 .pio/build/lplm4f120h5qr/src/MqttSerial.cpp.o
                0x0000000000000cf8                ArduinoJson6151_1000010::JsonDeserializer<ArduinoJson6151_1000010::Reader<String, void>, ArduinoJson6151_1000010::StringCopier>::parseQuotedString()
 .text._ZN23ArduinoJson6151_100001016JsonDeserializerINS_6ReaderI6StringvEENS_12StringCopierEE22canBeInNonQuotedStringEc
                0x0000000000000d88       0x2e .pio/build/lplm4f120h5qr/src/MqttSerial.cpp.o
                0x0000000000000d88                ArduinoJson6151_1000010::JsonDeserializer<ArduinoJson6151_1000010::Reader<String, void>, ArduinoJson6151_1000010::StringCopier>::canBeInNonQuotedString(char)
 *fill*         0x0000000000000db6        0x2 
 .text._ZN23ArduinoJson6151_100001011parseNumberIfyEENS_12ParsedNumberIT_T0_EEPKc
                0x0000000000000db8      0x214 .pio/build/lplm4f120h5qr/src/MqttSerial.cpp.o
                0x0000000000000db8                ArduinoJson6151_1000010::ParsedNumber<float, unsigned long long> ArduinoJson6151_1000010::parseNumber<float, unsigned long long>(char const*)
 .text._ZN23ArduinoJson6151_100001016JsonDeserializerINS_6ReaderI6StringvEENS_12StringCopierEE17parseNumericValueERNS_11VariantDataE
                0x0000000000000fcc       0xc8 .pio/build/lplm4f120h5qr/src/MqttSerial.cpp.o
                0x0000000000000fcc                ArduinoJson6151_1000010::JsonDeserializer<ArduinoJson6151_1000010::Reader<String, void>, ArduinoJson6151_1000010::StringCopier>::parseNumericValue(ArduinoJson6151_1000010::VariantData&)
 .text._ZN23ArduinoJson6151_100001016JsonDeserializerINS_6ReaderI6StringvEENS_12StringCopierEE12parseVariantINS_14AllowAllFilterEEENS_20DeserializationErrorERNS_11VariantDataET_NS_12NestingLimitE
                0x0000000000001094       0xc4 .pio/build/lplm4f120h5qr/src/MqttSerial.cpp.o
                0x0000000000001094                ArduinoJson6151_1000010::DeserializationError ArduinoJson6151_1000010::JsonDeserializer<ArduinoJson6151_1000010::Reader<String, void>, ArduinoJson6151_1000010::StringCopier>::parseVariant<ArduinoJson6151_1000010::AllowAllFilter>(ArduinoJson6151_1000010::VariantData&, ArduinoJson6151_1000010::AllowAllFilter, ArduinoJson6151_1000010::NestingLimit)
 .text._ZN23ArduinoJson6151_100001016JsonDeserializerINS_6ReaderI6StringvEENS_12StringCopierEE10parseArrayINS_14AllowAllFilterEEENS_20DeserializationErrorERNS_14CollectionDataET_NS_12NestingLimitE
                0x0000000000001158       0xb8 .pio/build/lplm4f120h5qr/src/MqttSerial.cpp.o
                0x0000000000001158                ArduinoJson6151_1000010::DeserializationError ArduinoJson6151_1000010::JsonDeserializer<ArduinoJson6151_1000010::Reader<String, void>, ArduinoJson6151_1000010::StringCopier>::parseArray<ArduinoJson6151_1000010::AllowAllFilter>(ArduinoJson6151_1000010::CollectionData&, ArduinoJson6151_1000010::AllowAllFilter, ArduinoJson6151_1000010::NestingLimit)
 .text._ZN23ArduinoJson6151_100001016JsonDeserializerINS_6ReaderI6StringvEENS_12StringCopierEE11parseObjectINS_14AllowAllFilterEEENS_20DeserializationErrorERNS_14CollectionDataET_NS_12NestingLimitE
                0x0000000000001210      0x1d6 .pio/build/lplm4f120h5qr/src/MqttSerial.cpp.o
                0x0000000000001210                ArduinoJson6151_1000010::DeserializationError ArduinoJson6151_1000010::JsonDeserializer<ArduinoJson6151_1000010::Reader<String, void>, ArduinoJson6151_1000010::StringCopier>::parseObject<ArduinoJson6151_1000010::AllowAllFilter>(ArduinoJson6151_1000010::CollectionData&, ArduinoJson6151_1000010::AllowAllFilter, ArduinoJson6151_1000010::NestingLimit)
 .text._ZN23ArduinoJson6151_100001013TextFormatterINS_6WriterI6StringvEEE8writeRawEPKc
                0x00000000000013e6       0x28 .pio/build/lplm4f120h5qr/src/MqttSerial.cpp.o
                0x00000000000013e6                ArduinoJson6151_1000010::TextFormatter<ArduinoJson6151_1000010::Writer<String, void> >::writeRaw(char const*)
 .text._ZN23ArduinoJson6151_100001013TextFormatterINS_6WriterI6StringvEEE8writeRawEc
                0x000000000000140e       0x10 .pio/build/lplm4f120h5qr/src/MqttSerial.cpp.o
                0x000000000000140e                ArduinoJson6151_1000010::TextFormatter<ArduinoJson6151_1000010::Writer<String, void> >::writeRaw(char)
 *fill*         0x000000000000141e        0x2 
 .text._ZN23ArduinoJson6151_100001013TextFormatterINS_6WriterI6StringvEEE11writeStringEPKc
                0x0000000000001420       0x4c .pio/build/lplm4f120h5qr/src/MqttSerial.cpp.o
                0x0000000000001420                ArduinoJson6151_1000010::TextFormatter<ArduinoJson6151_1000010::Writer<String, void> >::writeString(char const*)
 *fill*         0x000000000000146c        0x4 
 .text._ZN23ArduinoJson6151_100001010FloatPartsIfEC2Ef
                0x0000000000001470      0x178 .pio/build/lplm4f120h5qr/src/MqttSerial.cpp.o
                0x0000000000001470                ArduinoJson6151_1000010::FloatParts<float>::FloatParts(float)
                0x0000000000001470                ArduinoJson6151_1000010::FloatParts<float>::FloatParts(float)
 .text._ZN23ArduinoJson6151_100001013TextFormatterINS_6WriterI6StringvEEE8writeRawEPKcS6_
                0x00000000000015e8       0x22 .pio/build/lplm4f120h5qr/src/MqttSerial.cpp.o
                0x00000000000015e8                ArduinoJson6151_1000010::TextFormatter<ArduinoJson6151_1000010::Writer<String, void> >::writeRaw(char const*, char const*)
 *fill*         0x000000000000160a        0x2 
 .text._ZN23ArduinoJson6151_100001013TextFormatterINS_6WriterI6StringvEEE10writeFloatIfEEvT_
                0x000000000000160c      0x134 .pio/build/lplm4f120h5qr/src/MqttSerial.cpp.o
                0x000000000000160c                void ArduinoJson6151_1000010::TextFormatter<ArduinoJson6151_1000010::Writer<String, void> >::writeFloat<float>(float)
 .text._ZN23ArduinoJson6151_100001013TextFormatterINS_6WriterI6StringvEEE20writePositiveIntegerIyEEvT_
                0x0000000000001740       0x4c .pio/build/lplm4f120h5qr/src/MqttSerial.cpp.o
                0x0000000000001740                void ArduinoJson6151_1000010::TextFormatter<ArduinoJson6151_1000010::Writer<String, void> >::writePositiveInteger<unsigned long long>(unsigned long long)
 .text._ZNK23ArduinoJson6151_100001011VariantData6acceptINS_14JsonSerializerINS_6WriterI6StringvEEEEEEvRT_
                0x000000000000178c      0x124 .pio/build/lplm4f120h5qr/src/MqttSerial.cpp.o
                0x000000000000178c                void ArduinoJson6151_1000010::VariantData::accept<ArduinoJson6151_1000010::JsonSerializer<ArduinoJson6151_1000010::Writer<String, void> > >(ArduinoJson6151_1000010::JsonSerializer<ArduinoJson6151_1000010::Writer<String, void> >&) const
 .text._ZN23ArduinoJson6151_10000109serializeINS_14JsonSerializerENS_15VariantConstRefE6StringEEjRKT0_RT1_
                0x00000000000018b0       0x74 .pio/build/lplm4f120h5qr/src/MqttSerial.cpp.o
                0x00000000000018b0                unsigned int ArduinoJson6151_1000010::serialize<ArduinoJson6151_1000010::JsonSerializer, ArduinoJson6151_1000010::VariantConstRef, String>(ArduinoJson6151_1000010::VariantConstRef const&, String&)
 .text._ZN23ArduinoJson6151_10000109variantAsI6StringEENS_9enable_ifIXsrNS_17IsWriteableStringIT_EE5valueES4_E4typeEPKNS_11VariantDataE
                0x0000000000001924       0x50 .pio/build/lplm4f120h5qr/src/MqttSerial.cpp.o
                0x0000000000001924                ArduinoJson6151_1000010::enable_if<ArduinoJson6151_1000010::IsWriteableString<String>::value, String>::type ArduinoJson6151_1000010::variantAs<String>(ArduinoJson6151_1000010::VariantData const*)
 .text._ZNKSt8functionIFvRK8TimerMsgEEclES2_
                0x0000000000001974       0x10 .pio/build/lplm4f120h5qr/src/MqttSerial.cpp.o
                0x0000000000001974                std::function<void (TimerMsg const&)>::operator()(TimerMsg const&) const
 .text._ZN4SinkI8TimerMsgLi3EE2onERKS0_
                0x0000000000001984       0x24 .pio/build/lplm4f120h5qr/src/MqttSerial.cpp.o
                0x0000000000001984                Sink<TimerMsg, 3>::on(TimerMsg const&)
 .text._ZNSt6vectorIP10SubscriberIbESaIS2_EE19_M_emplace_back_auxIIRKS2_EEEvDpOT_
                0x00000000000019a8       0x72 .pio/build/lplm4f120h5qr/src/MqttSerial.cpp.o
                0x00000000000019a8                void std::vector<Subscriber<bool>*, std::allocator<Subscriber<bool>*> >::_M_emplace_back_aux<Subscriber<bool>* const&>(Subscriber<bool>* const&)
                0x00000000000019a8                void std::vector<Subscriber<bool>*, std::allocator<Subscriber<bool>*> >::_M_emplace_back_aux<Subscriber<bool>* const&>(Subscriber<bool>* const&)
 .text._ZN6SourceIbE9subscribeEP10SubscriberIbE
                0x0000000000001a1a       0x26 .pio/build/lplm4f120h5qr/src/MqttSerial.cpp.o
                0x0000000000001a1a                Source<bool>::subscribe(Subscriber<bool>*)
 .text._ZNSt6vectorIP10SubscriberI11MqttMessageESaIS3_EE19_M_emplace_back_auxIIRKS3_EEEvDpOT_
                0x0000000000001a40       0x72 .pio/build/lplm4f120h5qr/src/MqttSerial.cpp.o
                0x0000000000001a40                void std::vector<Subscriber<MqttMessage>*, std::allocator<Subscriber<MqttMessage>*> >::_M_emplace_back_aux<Subscriber<MqttMessage>* const&>(Subscriber<MqttMessage>* const&)
                0x0000000000001a40                void std::vector<Subscriber<MqttMessage>*, std::allocator<Subscriber<MqttMessage>*> >::_M_emplace_back_aux<Subscriber<MqttMessage>* const&>(Subscriber<MqttMessage>* const&)
 .text._ZN6SourceI11MqttMessageE9subscribeEP10SubscriberIS0_E
                0x0000000000001ab2       0x26 .pio/build/lplm4f120h5qr/src/MqttSerial.cpp.o
                0x0000000000001ab2                Source<MqttMessage>::subscribe(Subscriber<MqttMessage>*)
 .text._ZNSt6vectorIP10SubscriberI8TimerMsgESaIS3_EE19_M_emplace_back_auxIIRKS3_EEEvDpOT_
                0x0000000000001ad8       0x72 .pio/build/lplm4f120h5qr/src/MqttSerial.cpp.o
                0x0000000000001ad8                void std::vector<Subscriber<TimerMsg>*, std::allocator<Subscriber<TimerMsg>*> >::_M_emplace_back_aux<Subscriber<TimerMsg>* const&>(Subscriber<TimerMsg>* const&)
                0x0000000000001ad8                void std::vector<Subscriber<TimerMsg>*, std::allocator<Subscriber<TimerMsg>*> >::_M_emplace_back_aux<Subscriber<TimerMsg>* const&>(Subscriber<TimerMsg>* const&)
 .text._ZN6SourceI8TimerMsgE9subscribeEP10SubscriberIS0_E
                0x0000000000001b4a       0x26 .pio/build/lplm4f120h5qr/src/MqttSerial.cpp.o
                0x0000000000001b4a                Source<TimerMsg>::subscribe(Subscriber<TimerMsg>*)
 .text._ZN6SourceI11MqttMessageED2Ev
                0x0000000000001b70       0x6c .pio/build/lplm4f120h5qr/src/MqttSerial.cpp.o
                0x0000000000001b70                Source<MqttMessage>::~Source()
                0x0000000000001b70                Source<MqttMessage>::~Source()
 .text._ZN4FlowI11MqttMessageS0_ED2Ev
                0x0000000000001bdc       0x28 .pio/build/lplm4f120h5qr/src/MqttSerial.cpp.o
                0x0000000000001bdc                Flow<MqttMessage, MqttMessage>::~Flow()
                0x0000000000001bdc                Flow<MqttMessage, MqttMessage>::~Flow()
 .text._ZN4FlowI11MqttMessageS0_ED0Ev
                0x0000000000001c04       0x12 .pio/build/lplm4f120h5qr/src/MqttSerial.cpp.o
                0x0000000000001c04                Flow<MqttMessage, MqttMessage>::~Flow()
 *fill*         0x0000000000001c16        0x2 
 .text._ZN9QueueFlowI11MqttMessageLi5EED2Ev
                0x0000000000001c18       0x4c .pio/build/lplm4f120h5qr/src/MqttSerial.cpp.o
                0x0000000000001c18                QueueFlow<MqttMessage, 5>::~QueueFlow()
                0x0000000000001c18                QueueFlow<MqttMessage, 5>::~QueueFlow()
 .text._ZN9QueueFlowI11MqttMessageLi5EED0Ev
                0x0000000000001c64       0x12 .pio/build/lplm4f120h5qr/src/MqttSerial.cpp.o
                0x0000000000001c64                QueueFlow<MqttMessage, 5>::~QueueFlow()
 *fill*         0x0000000000001c76        0x2 
 .text._ZZN4SinkI11MqttMessageLi10EEC1EvENKUlRKS0_E_clES3_
                0x0000000000001c78       0x58 .pio/build/lplm4f120h5qr/src/MqttSerial.cpp.o
                0x0000000000001c78                Sink<MqttMessage, 10>::Sink()::{lambda(MqttMessage const&)#1}::operator()(MqttMessage const&) const
 .text._ZNSt17_Function_handlerIFvRK11MqttMessageEZN4SinkIS0_Li10EEC1EvEUlS2_E_E9_M_invokeERKSt9_Any_dataS2_
                0x0000000000001cd0        0xa .pio/build/lplm4f120h5qr/src/MqttSerial.cpp.o
                0x0000000000001cd0                std::_Function_handler<void (MqttMessage const&), Sink<MqttMessage, 10>::Sink()::{lambda(MqttMessage const&)#1}>::_M_invoke(std::_Any_data const&, MqttMessage const&)
 .text._ZZN4SinkI11MqttMessageLi10EEC1EvENUlRKS0_E_4_FUNES3_
                0x0000000000001cda        0xc .pio/build/lplm4f120h5qr/src/MqttSerial.cpp.o
                0x0000000000001cda                Sink<MqttMessage, 10>::Sink()::{lambda(MqttMessage const&)#1}::_FUN(MqttMessage const&)
 *fill*         0x0000000000001ce6        0x2 
 .text._ZZN4SinkI8TimerMsgLi3EEC1EvENKUlRKS0_E_clES3_
                0x0000000000001ce8       0x58 .pio/build/lplm4f120h5qr/src/MqttSerial.cpp.o
                0x0000000000001ce8                Sink<TimerMsg, 3>::Sink()::{lambda(TimerMsg const&)#1}::operator()(TimerMsg const&) const
 .text._ZNSt17_Function_handlerIFvRK8TimerMsgEZN4SinkIS0_Li3EEC1EvEUlS2_E_E9_M_invokeERKSt9_Any_dataS2_
                0x0000000000001d40        0xa .pio/build/lplm4f120h5qr/src/MqttSerial.cpp.o
                0x0000000000001d40                std::_Function_handler<void (TimerMsg const&), Sink<TimerMsg, 3>::Sink()::{lambda(TimerMsg const&)#1}>::_M_invoke(std::_Any_data const&, TimerMsg const&)
 .text._ZZN4SinkI8TimerMsgLi3EEC1EvENUlRKS0_E_4_FUNES3_
                0x0000000000001d4a        0xc .pio/build/lplm4f120h5qr/src/MqttSerial.cpp.o
                0x0000000000001d4a                Sink<TimerMsg, 3>::Sink()::{lambda(TimerMsg const&)#1}::_FUN(TimerMsg const&)
 *fill*         0x0000000000001d56        0x2 
 .text._ZN6SourceI8TimerMsgED2Ev
                0x0000000000001d58       0x6c .pio/build/lplm4f120h5qr/src/MqttSerial.cpp.o
                0x0000000000001d58                Source<TimerMsg>::~Source()
                0x0000000000001d58                Source<TimerMsg>::~Source()
 .text._ZN11TimerSourceD2Ev
                0x0000000000001dc4       0x6c .pio/build/lplm4f120h5qr/src/MqttSerial.cpp.o
                0x0000000000001dc4                TimerSource::~TimerSource()
                0x0000000000001dc4                TimerSource::~TimerSource()
 .text._ZN6SourceIbED2Ev
                0x0000000000001e30       0x6c .pio/build/lplm4f120h5qr/src/MqttSerial.cpp.o
                0x0000000000001e30                Source<bool>::~Source()
                0x0000000000001e30                Source<bool>::~Source()
 .text._ZN4SinkI8TimerMsgLi3EED2Ev
                0x0000000000001e9c       0x78 .pio/build/lplm4f120h5qr/src/MqttSerial.cpp.o
                0x0000000000001e9c                Sink<TimerMsg, 3>::~Sink()
                0x0000000000001e9c                Sink<TimerMsg, 3>::~Sink()
 .text._ZN4SinkI8TimerMsgLi3EED0Ev
                0x0000000000001f14       0x12 .pio/build/lplm4f120h5qr/src/MqttSerial.cpp.o
                0x0000000000001f14                Sink<TimerMsg, 3>::~Sink()
 *fill*         0x0000000000001f26        0x2 
 .text._ZN10MqttSerial4initEv
                0x0000000000001f28      0x14c .pio/build/lplm4f120h5qr/src/MqttSerial.cpp.o
                0x0000000000001f28                MqttSerial::init()
 .text._ZN10MqttSerial9rxdSerialER6String
                0x0000000000002074      0x18c .pio/build/lplm4f120h5qr/src/MqttSerial.cpp.o
                0x0000000000002074                MqttSerial::rxdSerial(String&)
 .text._ZN10MqttSerial16handleSerialByteEh
                0x0000000000002200       0x3c .pio/build/lplm4f120h5qr/src/MqttSerial.cpp.o
                0x0000000000002200                MqttSerial::handleSerialByte(unsigned char)
 .text._ZN10MqttSerial5onRxdEPv
                0x000000000000223c       0x50 .pio/build/lplm4f120h5qr/src/MqttSerial.cpp.o
                0x000000000000223c                MqttSerial::onRxd(void*)
 .text._ZN10MqttSerial9txdSerialERN23ArduinoJson6151_100001012JsonDocumentE
                0x000000000000228c       0x98 .pio/build/lplm4f120h5qr/src/MqttSerial.cpp.o
                0x000000000000228c                MqttSerial::txdSerial(ArduinoJson6151_1000010::JsonDocument&)
 .text._ZN10MqttSerial7publishER6StringS0_
                0x0000000000002324       0x60 .pio/build/lplm4f120h5qr/src/MqttSerial.cpp.o
                0x0000000000002324                MqttSerial::publish(String&, String)
 .text._ZNSt17_Function_handlerIFvRK11MqttMessageEZN10MqttSerial4initEvEUlS2_E_E9_M_invokeERKSt9_Any_dataS2_
                0x0000000000002384       0x4c .pio/build/lplm4f120h5qr/src/MqttSerial.cpp.o
 .text._ZN10MqttSerial9subscribeER6String
                0x00000000000023d0       0x4e .pio/build/lplm4f120h5qr/src/MqttSerial.cpp.o
                0x00000000000023d0                MqttSerial::subscribe(String&)
 *fill*         0x000000000000241e        0x2 
 .text._ZN10MqttSerial2onERK8TimerMsg
                0x0000000000002420      0x128 .pio/build/lplm4f120h5qr/src/MqttSerial.cpp.o
                0x0000000000002420                MqttSerial::on(TimerMsg const&)
 .text._ZN4SinkI11MqttMessageLi10EED2Ev
                0x0000000000002548       0x9c .pio/build/lplm4f120h5qr/src/MqttSerial.cpp.o
                0x0000000000002548                Sink<MqttMessage, 10>::~Sink()
                0x0000000000002548                Sink<MqttMessage, 10>::~Sink()
 .text._ZN4SinkI11MqttMessageLi10EED0Ev
                0x00000000000025e4       0x12 .pio/build/lplm4f120h5qr/src/MqttSerial.cpp.o
                0x00000000000025e4                Sink<MqttMessage, 10>::~Sink()
 *fill*         0x00000000000025f6        0x2 
 .text._ZN10MqttSerialD2Ev
                0x00000000000025f8       0xb0 .pio/build/lplm4f120h5qr/src/MqttSerial.cpp.o
                0x00000000000025f8                MqttSerial::~MqttSerial()
                0x00000000000025f8                MqttSerial::~MqttSerial()
 .text._ZN10MqttSerialD0Ev
                0x00000000000026a8       0x12 .pio/build/lplm4f120h5qr/src/MqttSerial.cpp.o
                0x00000000000026a8                MqttSerial::~MqttSerial()
 *fill*         0x00000000000026ba        0x2 
 .text._ZN4SinkI8TimerMsgLi3EE6invokeEv
                0x00000000000026bc       0x78 .pio/build/lplm4f120h5qr/src/MqttSerial.cpp.o
                0x00000000000026bc                Sink<TimerMsg, 3>::invoke()
                0x000000000000272c                non-virtual thunk to Sink<TimerMsg, 3>::invoke()
 .text._ZN4SinkI11MqttMessageLi10EE6invokeEv
                0x0000000000002734       0x78 .pio/build/lplm4f120h5qr/src/MqttSerial.cpp.o
                0x0000000000002734                Sink<MqttMessage, 10>::invoke()
                0x00000000000027a4                non-virtual thunk to Sink<MqttMessage, 10>::invoke()
 .text._ZN9QueueFlowI11MqttMessageLi5EE6invokeEv
                0x00000000000027ac       0x80 .pio/build/lplm4f120h5qr/src/MqttSerial.cpp.o
                0x00000000000027ac                QueueFlow<MqttMessage, 5>::invoke()
                0x0000000000002824                non-virtual thunk to QueueFlow<MqttMessage, 5>::invoke()
 .text._ZN6Thread11createQueueEv
                0x000000000000282c        0x2 .pio/build/lplm4f120h5qr/src/NanoAkka.cpp.o
                0x000000000000282c                Thread::createQueue()
 *fill*         0x000000000000282e        0x2 
 .text._ZN6Thread7enqueueEP7Invoker
                0x0000000000002830       0x48 .pio/build/lplm4f120h5qr/src/NanoAkka.cpp.o
                0x0000000000002830                Thread::enqueue(Invoker*)
 .text._ZN6Thread4loopEv
                0x0000000000002878      0x1a8 .pio/build/lplm4f120h5qr/src/NanoAkka.cpp.o
                0x0000000000002878                Thread::loop()
 .text._ZN3Sys6millisEv
                0x0000000000002a20        0xa .pio/build/lplm4f120h5qr/src/Sys.cpp.o
                0x0000000000002a20                Sys::millis()
 *fill*         0x0000000000002a2a        0x2 
 .text._ZN3Sys3cpuEv
                0x0000000000002a2c        0x8 .pio/build/lplm4f120h5qr/src/Sys.cpp.o
                0x0000000000002a2c                Sys::cpu()
 .text._ZN3Sys5boardEv
                0x0000000000002a34        0x8 .pio/build/lplm4f120h5qr/src/Sys.cpp.o
                0x0000000000002a34                Sys::board()
 .text._ZN3Sys3nowEv
                0x0000000000002a3c       0x1c .pio/build/lplm4f120h5qr/src/Sys.cpp.o
                0x0000000000002a3c                Sys::now()
 .text._ZN3Sys8hostnameEPKc
                0x0000000000002a58       0x10 .pio/build/lplm4f120h5qr/src/Sys.cpp.o
                0x0000000000002a58                Sys::hostname(char const*)
 .text._ZN3Sys8hostnameEv
                0x0000000000002a68        0x8 .pio/build/lplm4f120h5qr/src/Sys.cpp.o
                0x0000000000002a68                Sys::hostname()
 .text._ZN10SubscriberIbED2Ev
                0x0000000000002a70        0xc .pio/build/lplm4f120h5qr/src/main.cpp.o
                0x0000000000002a70                Subscriber<bool>::~Subscriber()
                0x0000000000002a70                Subscriber<bool>::~Subscriber()
 .text._ZNSt17_Function_handlerIFvRKbEZN10LedBlinkerC1ER6ThreadmmEUlbE_E9_M_invokeERKSt9_Any_dataS1_
                0x0000000000002a7c       0x16 .pio/build/lplm4f120h5qr/src/main.cpp.o
 *fill*         0x0000000000002a92        0x2 
 .text._ZN10SubscriberIiED2Ev
                0x0000000000002a94        0xc .pio/build/lplm4f120h5qr/src/main.cpp.o
                0x0000000000002a94                Subscriber<int>::~Subscriber()
                0x0000000000002a94                Subscriber<int>::~Subscriber()
 .text._ZNSt17_Function_handlerIFvRKbEZN6PollerC1ER6ThreadEUlS1_E_E9_M_invokeERKSt9_Any_dataS1_
                0x0000000000002aa0        0xc .pio/build/lplm4f120h5qr/src/main.cpp.o
                0x0000000000002aa0                std::_Function_handler<void (bool const&), Poller::Poller(Thread&)::{lambda(bool const&)#1}>::_M_invoke(std::_Any_data const&, bool const&)
 .text._ZN10SubscriberImED2Ev
                0x0000000000002aac        0xc .pio/build/lplm4f120h5qr/src/main.cpp.o
                0x0000000000002aac                Subscriber<unsigned long>::~Subscriber()
                0x0000000000002aac                Subscriber<unsigned long>::~Subscriber()
 .text._ZN10SubscriberIyED2Ev
                0x0000000000002ab8        0xc .pio/build/lplm4f120h5qr/src/main.cpp.o
                0x0000000000002ab8                Subscriber<unsigned long long>::~Subscriber()
                0x0000000000002ab8                Subscriber<unsigned long long>::~Subscriber()
 .text._ZN10SubscriberIPKcED2Ev
                0x0000000000002ac4        0xc .pio/build/lplm4f120h5qr/src/main.cpp.o
                0x0000000000002ac4                Subscriber<char const*>::~Subscriber()
                0x0000000000002ac4                Subscriber<char const*>::~Subscriber()
 .text._ZN6ToMqttIiE7requestEv
                0x0000000000002ad0        0x8 .pio/build/lplm4f120h5qr/src/main.cpp.o
                0x0000000000002ad0                ToMqtt<int>::request()
                0x0000000000002ad2                non-virtual thunk to ToMqtt<int>::request()
 .text._ZN10LambdaFlowIi11MqttMessageE7requestEv
                0x0000000000002ad8        0x8 .pio/build/lplm4f120h5qr/src/main.cpp.o
                0x0000000000002ad8                LambdaFlow<int, MqttMessage>::request()
                0x0000000000002ada                non-virtual thunk to LambdaFlow<int, MqttMessage>::request()
 .text._ZN8FromMqttIiE7requestEv
                0x0000000000002ae0        0x8 .pio/build/lplm4f120h5qr/src/main.cpp.o
                0x0000000000002ae0                FromMqtt<int>::request()
                0x0000000000002ae2                non-virtual thunk to FromMqtt<int>::request()
 .text._ZN10LambdaFlowI11MqttMessageiE7requestEv
                0x0000000000002ae8        0x8 .pio/build/lplm4f120h5qr/src/main.cpp.o
                0x0000000000002ae8                LambdaFlow<MqttMessage, int>::request()
                0x0000000000002aea                non-virtual thunk to LambdaFlow<MqttMessage, int>::request()
 .text._ZN6ToMqttIPKcE7requestEv
                0x0000000000002af0        0x8 .pio/build/lplm4f120h5qr/src/main.cpp.o
                0x0000000000002af0                ToMqtt<char const*>::request()
                0x0000000000002af2                non-virtual thunk to ToMqtt<char const*>::request()
 .text._ZN10LambdaFlowIPKc11MqttMessageE7requestEv
                0x0000000000002af8        0x8 .pio/build/lplm4f120h5qr/src/main.cpp.o
                0x0000000000002af8                LambdaFlow<char const*, MqttMessage>::request()
                0x0000000000002afa                non-virtual thunk to LambdaFlow<char const*, MqttMessage>::request()
 .text._ZN6ToMqttIyE7requestEv
                0x0000000000002b00        0x8 .pio/build/lplm4f120h5qr/src/main.cpp.o
                0x0000000000002b00                ToMqtt<unsigned long long>::request()
                0x0000000000002b02                non-virtual thunk to ToMqtt<unsigned long long>::request()
 .text._ZN10LambdaFlowIy11MqttMessageE7requestEv
                0x0000000000002b08        0x8 .pio/build/lplm4f120h5qr/src/main.cpp.o
                0x0000000000002b08                LambdaFlow<unsigned long long, MqttMessage>::request()
                0x0000000000002b0a                non-virtual thunk to LambdaFlow<unsigned long long, MqttMessage>::request()
 .text._ZN6ToMqttImE7requestEv
                0x0000000000002b10        0x8 .pio/build/lplm4f120h5qr/src/main.cpp.o
                0x0000000000002b10                ToMqtt<unsigned long>::request()
                0x0000000000002b12                non-virtual thunk to ToMqtt<unsigned long>::request()
 .text._ZN10LambdaFlowIm11MqttMessageE7requestEv
                0x0000000000002b18        0x8 .pio/build/lplm4f120h5qr/src/main.cpp.o
                0x0000000000002b18                LambdaFlow<unsigned long, MqttMessage>::request()
                0x0000000000002b1a                non-virtual thunk to LambdaFlow<unsigned long, MqttMessage>::request()
 .text._ZN6ToMqttIbE7requestEv
                0x0000000000002b20        0x8 .pio/build/lplm4f120h5qr/src/main.cpp.o
                0x0000000000002b20                ToMqtt<bool>::request()
                0x0000000000002b22                non-virtual thunk to ToMqtt<bool>::request()
 .text._ZN10LambdaFlowIb11MqttMessageE7requestEv
                0x0000000000002b28        0x8 .pio/build/lplm4f120h5qr/src/main.cpp.o
                0x0000000000002b28                LambdaFlow<bool, MqttMessage>::request()
                0x0000000000002b2a                non-virtual thunk to LambdaFlow<bool, MqttMessage>::request()
 .text._ZN4SinkI8TimerMsgLi2EE7requestEv
                0x0000000000002b30        0xa .pio/build/lplm4f120h5qr/src/main.cpp.o
                0x0000000000002b30                Sink<TimerMsg, 2>::request()
 .text._ZN4SinkIiLi4EE7requestEv
                0x0000000000002b3a        0xa .pio/build/lplm4f120h5qr/src/main.cpp.o
                0x0000000000002b3a                Sink<int, 4>::request()
 .text._ZN4SinkIbLi2EE7requestEv
                0x0000000000002b44        0xa .pio/build/lplm4f120h5qr/src/main.cpp.o
                0x0000000000002b44                Sink<bool, 2>::request()
 .text._ZNSt17_Function_handlerIFyvEUlvE0_E9_M_invokeERKSt9_Any_data
                0x0000000000002b4e        0x4 .pio/build/lplm4f120h5qr/src/main.cpp.o
 *fill*         0x0000000000002b52        0x2 
 .text._ZN10SubscriberIbED0Ev
                0x0000000000002b54       0x14 .pio/build/lplm4f120h5qr/src/main.cpp.o
                0x0000000000002b54                Subscriber<bool>::~Subscriber()
 .text._ZN10SubscriberIiED0Ev
                0x0000000000002b68       0x14 .pio/build/lplm4f120h5qr/src/main.cpp.o
                0x0000000000002b68                Subscriber<int>::~Subscriber()
 .text._ZN10SubscriberImED0Ev
                0x0000000000002b7c       0x14 .pio/build/lplm4f120h5qr/src/main.cpp.o
                0x0000000000002b7c                Subscriber<unsigned long>::~Subscriber()
 .text._ZN10SubscriberIyED0Ev
                0x0000000000002b90       0x14 .pio/build/lplm4f120h5qr/src/main.cpp.o
                0x0000000000002b90                Subscriber<unsigned long long>::~Subscriber()
 .text._ZN10SubscriberIPKcED0Ev
                0x0000000000002ba4       0x14 .pio/build/lplm4f120h5qr/src/main.cpp.o
                0x0000000000002ba4                Subscriber<char const*>::~Subscriber()
 .text._ZN10LedBlinker2onERK8TimerMsg
                0x0000000000002bb8       0x1e .pio/build/lplm4f120h5qr/src/main.cpp.o
                0x0000000000002bb8                LedBlinker::on(TimerMsg const&)
 .text._ZNSt17_Function_handlerIFPKcvEUlvE1_E9_M_invokeERKSt9_Any_data
                0x0000000000002bd6        0x4 .pio/build/lplm4f120h5qr/src/main.cpp.o
 .text._ZNSt17_Function_handlerIFPKcvEUlvE2_E9_M_invokeERKSt9_Any_data
                0x0000000000002bda        0x4 .pio/build/lplm4f120h5qr/src/main.cpp.o
 .text._ZNSt17_Function_handlerIFPKcvEUlvE3_E9_M_invokeERKSt9_Any_data
                0x0000000000002bde        0x4 .pio/build/lplm4f120h5qr/src/main.cpp.o
 .text._ZNSt14_Function_base13_Base_managerIZN10LedBlinkerC1ER6ThreadmmEUlbE_E10_M_managerERSt9_Any_dataRKS6_St18_Manager_operation
                0x0000000000002be2       0x30 .pio/build/lplm4f120h5qr/src/main.cpp.o
 .text._ZNSt14_Function_base13_Base_managerIUlvE_E10_M_managerERSt9_Any_dataRKS3_St18_Manager_operation
                0x0000000000002c12       0x2a .pio/build/lplm4f120h5qr/src/main.cpp.o
 .text._ZNSt14_Function_base13_Base_managerIUlvE0_E10_M_managerERSt9_Any_dataRKS3_St18_Manager_operation
                0x0000000000002c3c       0x2a .pio/build/lplm4f120h5qr/src/main.cpp.o
 .text._ZNSt14_Function_base13_Base_managerIUlvE1_E10_M_managerERSt9_Any_dataRKS3_St18_Manager_operation
                0x0000000000002c66       0x2a .pio/build/lplm4f120h5qr/src/main.cpp.o
 .text._ZNSt14_Function_base13_Base_managerIUlvE2_E10_M_managerERSt9_Any_dataRKS3_St18_Manager_operation
                0x0000000000002c90       0x2a .pio/build/lplm4f120h5qr/src/main.cpp.o
 .text._ZNSt14_Function_base13_Base_managerIUlvE3_E10_M_managerERSt9_Any_dataRKS3_St18_Manager_operation
                0x0000000000002cba       0x2a .pio/build/lplm4f120h5qr/src/main.cpp.o
 .text._ZN23ArduinoJson6151_100001011VariantData7setTypeEh.isra.45
                0x0000000000002ce4        0xc .pio/build/lplm4f120h5qr/src/main.cpp.o
 .text._ZN6Button4initEv.isra.54
                0x0000000000002cf0       0x38 .pio/build/lplm4f120h5qr/src/main.cpp.o
 .text._ZNSt17_Function_handlerIFvRK8TimerMsgEZN6PollerC1ER6ThreadEUlS0_E0_E9_M_invokeERKSt9_Any_dataS2_
                0x0000000000002d28       0x30 .pio/build/lplm4f120h5qr/src/main.cpp.o
                0x0000000000002d28                std::_Function_handler<void (TimerMsg const&), Poller::Poller(Thread&)::{lambda(TimerMsg)#2}>::_M_invoke(std::_Any_data const&, TimerMsg const&)
 .text._ZNSt14_Function_base13_Base_managerIZN4EchoC1ER6ThreadEUlRKiE_E10_M_managerERSt9_Any_dataRKS8_St18_Manager_operation
                0x0000000000002d58       0x30 .pio/build/lplm4f120h5qr/src/main.cpp.o
                0x0000000000002d58                std::_Function_base::_Base_manager<Echo::Echo(Thread&)::{lambda(int const&)#1}>::_M_manager(std::_Any_data&, std::_Function_base::_Base_manager<Echo::Echo(Thread&)::{lambda(int const&)#1}> const&, std::_Manager_operation)
 .text._ZNSt14_Function_base13_Base_managerIZN6PollerC1ER6ThreadEUlRKbE_E10_M_managerERSt9_Any_dataRKS8_St18_Manager_operation
                0x0000000000002d88       0x30 .pio/build/lplm4f120h5qr/src/main.cpp.o
                0x0000000000002d88                std::_Function_base::_Base_manager<Poller::Poller(Thread&)::{lambda(bool const&)#1}>::_M_manager(std::_Any_data&, std::_Function_base::_Base_manager<Poller::Poller(Thread&)::{lambda(bool const&)#1}> const&, std::_Manager_operation)
 .text._ZNSt14_Function_base13_Base_managerIZN6PollerC1ER6ThreadEUl8TimerMsgE0_E10_M_managerERSt9_Any_dataRKS7_St18_Manager_operation
                0x0000000000002db8       0x30 .pio/build/lplm4f120h5qr/src/main.cpp.o
                0x0000000000002db8                std::_Function_base::_Base_manager<Poller::Poller(Thread&)::{lambda(TimerMsg)#2}>::_M_manager(std::_Any_data&, std::_Function_base::_Base_manager<Poller::Poller(Thread&)::{lambda(TimerMsg)#2}> const&, std::_Manager_operation)
 .text._ZNSt14_Function_base13_Base_managerIZN4SinkI8TimerMsgLi2EEC1EvEUlRKS2_E_E10_M_managerERSt9_Any_dataRKS8_St18_Manager_operation
                0x0000000000002de8       0x2a .pio/build/lplm4f120h5qr/src/main.cpp.o
                0x0000000000002de8                std::_Function_base::_Base_manager<Sink<TimerMsg, 2>::Sink()::{lambda(TimerMsg const&)#1}>::_M_manager(std::_Any_data&, std::_Function_base::_Base_manager<Sink<TimerMsg, 2>::Sink()::{lambda(TimerMsg const&)#1}> const&, std::_Manager_operation)
 .text._ZNSt14_Function_base13_Base_managerIZN4SinkIbLi2EEC1EvEUlRKbE_E10_M_managerERSt9_Any_dataRKS7_St18_Manager_operation
                0x0000000000002e12       0x2a .pio/build/lplm4f120h5qr/src/main.cpp.o
                0x0000000000002e12                std::_Function_base::_Base_manager<Sink<bool, 2>::Sink()::{lambda(bool const&)#1}>::_M_manager(std::_Any_data&, std::_Function_base::_Base_manager<Sink<bool, 2>::Sink()::{lambda(bool const&)#1}> const&, std::_Manager_operation)
 .text._ZNSt14_Function_base13_Base_managerIZN4SinkIiLi4EEC1EvEUlRKiE_E10_M_managerERSt9_Any_dataRKS7_St18_Manager_operation
                0x0000000000002e3c       0x2a .pio/build/lplm4f120h5qr/src/main.cpp.o
                0x0000000000002e3c                std::_Function_base::_Base_manager<Sink<int, 4>::Sink()::{lambda(int const&)#1}>::_M_manager(std::_Any_data&, std::_Function_base::_Base_manager<Sink<int, 4>::Sink()::{lambda(int const&)#1}> const&, std::_Manager_operation)
 .text._ZNSt14_Function_base13_Base_managerIZN6ToMqttIbEC1E6StringEUlR11MqttMessageRKbE_E10_M_managerERSt9_Any_dataRKSA_St18_Manager_operation
                0x0000000000002e66       0x30 .pio/build/lplm4f120h5qr/src/main.cpp.o
                0x0000000000002e66                std::_Function_base::_Base_manager<ToMqtt<bool>::ToMqtt(String)::{lambda(MqttMessage&, bool const&)#1}>::_M_manager(std::_Any_data&, std::_Function_base::_Base_manager<ToMqtt<bool>::ToMqtt(String)::{lambda(MqttMessage&, bool const&)#1}> const&, std::_Manager_operation)
 .text._ZNSt14_Function_base13_Base_managerIZN6ToMqttImEC1E6StringEUlR11MqttMessageRKmE_E10_M_managerERSt9_Any_dataRKSA_St18_Manager_operation
                0x0000000000002e96       0x30 .pio/build/lplm4f120h5qr/src/main.cpp.o
                0x0000000000002e96                std::_Function_base::_Base_manager<ToMqtt<unsigned long>::ToMqtt(String)::{lambda(MqttMessage&, unsigned long const&)#1}>::_M_manager(std::_Any_data&, std::_Function_base::_Base_manager<ToMqtt<unsigned long>::ToMqtt(String)::{lambda(MqttMessage&, unsigned long const&)#1}> const&, std::_Manager_operation)
 .text._ZNSt14_Function_base13_Base_managerIZN6ToMqttIyEC1E6StringEUlR11MqttMessageRKyE_E10_M_managerERSt9_Any_dataRKSA_St18_Manager_operation
                0x0000000000002ec6       0x30 .pio/build/lplm4f120h5qr/src/main.cpp.o
                0x0000000000002ec6                std::_Function_base::_Base_manager<ToMqtt<unsigned long long>::ToMqtt(String)::{lambda(MqttMessage&, unsigned long long const&)#1}>::_M_manager(std::_Any_data&, std::_Function_base::_Base_manager<ToMqtt<unsigned long long>::ToMqtt(String)::{lambda(MqttMessage&, unsigned long long const&)#1}> const&, std::_Manager_operation)
 .text._ZNSt14_Function_base13_Base_managerIZN6ToMqttIPKcEC1E6StringEUlR11MqttMessageRKS3_E_E10_M_managerERSt9_Any_dataRKSC_St18_Manager_operation
                0x0000000000002ef6       0x30 .pio/build/lplm4f120h5qr/src/main.cpp.o
                0x0000000000002ef6                std::_Function_base::_Base_manager<ToMqtt<char const*>::ToMqtt(String)::{lambda(MqttMessage&, char const* const&)#1}>::_M_manager(std::_Any_data&, std::_Function_base::_Base_manager<ToMqtt<char const*>::ToMqtt(String)::{lambda(MqttMessage&, char const* const&)#1}> const&, std::_Manager_operation)
 .text._ZNSt14_Function_base13_Base_managerIZN8FromMqttIiEC1E6StringEUlRiRK11MqttMessageE_E10_M_managerERSt9_Any_dataRKSA_St18_Manager_operation
                0x0000000000002f26       0x30 .pio/build/lplm4f120h5qr/src/main.cpp.o
                0x0000000000002f26                std::_Function_base::_Base_manager<FromMqtt<int>::FromMqtt(String)::{lambda(int&, MqttMessage const&)#1}>::_M_manager(std::_Any_data&, std::_Function_base::_Base_manager<FromMqtt<int>::FromMqtt(String)::{lambda(int&, MqttMessage const&)#1}> const&, std::_Manager_operation)
 .text._ZNSt14_Function_base13_Base_managerIZN6ToMqttIiEC1E6StringEUlR11MqttMessageRKiE_E10_M_managerERSt9_Any_dataRKSA_St18_Manager_operation
                0x0000000000002f56       0x30 .pio/build/lplm4f120h5qr/src/main.cpp.o
                0x0000000000002f56                std::_Function_base::_Base_manager<ToMqtt<int>::ToMqtt(String)::{lambda(MqttMessage&, int const&)#1}>::_M_manager(std::_Any_data&, std::_Function_base::_Base_manager<ToMqtt<int>::ToMqtt(String)::{lambda(MqttMessage&, int const&)#1}> const&, std::_Manager_operation)
 *fill*         0x0000000000002f86        0x2 
 .text._ZN10ArrayQueueIiLi4EE3popERi
                0x0000000000002f88       0x50 .pio/build/lplm4f120h5qr/src/main.cpp.o
                0x0000000000002f88                ArrayQueue<int, 4>::pop(int&)
 .text._ZN10ArrayQueueIiLi4EE4pushERKi
                0x0000000000002fd8       0x5c .pio/build/lplm4f120h5qr/src/main.cpp.o
                0x0000000000002fd8                ArrayQueue<int, 4>::push(int const&)
 .text._ZN10ArrayQueueIbLi2EE3popERb
                0x0000000000003034       0x50 .pio/build/lplm4f120h5qr/src/main.cpp.o
                0x0000000000003034                ArrayQueue<bool, 2>::pop(bool&)
 .text._ZN10ArrayQueueIbLi2EE4pushERKb
                0x0000000000003084       0x5c .pio/build/lplm4f120h5qr/src/main.cpp.o
                0x0000000000003084                ArrayQueue<bool, 2>::push(bool const&)
 .text._ZN10ArrayQueueI8TimerMsgLi2EE3popERS0_
                0x00000000000030e0       0x50 .pio/build/lplm4f120h5qr/src/main.cpp.o
                0x00000000000030e0                ArrayQueue<TimerMsg, 2>::pop(TimerMsg&)
 .text._ZN10ArrayQueueI8TimerMsgLi2EE4pushERKS0_
                0x0000000000003130       0x5c .pio/build/lplm4f120h5qr/src/main.cpp.o
                0x0000000000003130                ArrayQueue<TimerMsg, 2>::push(TimerMsg const&)
 .text._ZN10ArrayQueueIP7InvokerLi10EE3popERS1_
                0x000000000000318c       0x44 .pio/build/lplm4f120h5qr/src/main.cpp.o
                0x000000000000318c                ArrayQueue<Invoker*, 10>::pop(Invoker*&)
 .text._ZN10ArrayQueueIP7InvokerLi10EE4pushERKS1_
                0x00000000000031d0       0x50 .pio/build/lplm4f120h5qr/src/main.cpp.o
                0x00000000000031d0                ArrayQueue<Invoker*, 10>::push(Invoker* const&)
 .text._ZN6ThreadD2Ev
                0x0000000000003220       0x16 .pio/build/lplm4f120h5qr/src/main.cpp.o
                0x0000000000003220                Thread::~Thread()
                0x0000000000003220                Thread::~Thread()
 *fill*         0x0000000000003236        0x2 
 .text._ZN6SourceI11MqttMessageEC2Ev
                0x0000000000003238       0x18 .pio/build/lplm4f120h5qr/src/main.cpp.o
                0x0000000000003238                Source<MqttMessage>::Source()
                0x0000000000003238                Source<MqttMessage>::Source()
 .text._Z10freeMemoryv
                0x0000000000003250       0x14 .pio/build/lplm4f120h5qr/src/main.cpp.o
                0x0000000000003250                freeMemory()
 .text._ZNSt17_Function_handlerIFmvEUlvE_E9_M_invokeERKSt9_Any_data
                0x0000000000003264        0x4 .pio/build/lplm4f120h5qr/src/main.cpp.o
 .text._ZN6Button8newValueEb
                0x0000000000003268       0x22 .pio/build/lplm4f120h5qr/src/main.cpp.o
                0x0000000000003268                Button::newValue(bool)
 *fill*         0x000000000000328a        0x2 
 .text._ZN6Button10isrButton2Ev
                0x000000000000328c       0x24 .pio/build/lplm4f120h5qr/src/main.cpp.o
                0x000000000000328c                Button::isrButton2()
 .text._ZN6Button10isrButton1Ev
                0x00000000000032b0       0x24 .pio/build/lplm4f120h5qr/src/main.cpp.o
                0x00000000000032b0                Button::isrButton1()
 .text._Z11serialEventv
                0x00000000000032d4        0xc .pio/build/lplm4f120h5qr/src/main.cpp.o
                0x00000000000032d4                serialEvent()
 .text.loop     0x00000000000032e0        0xc .pio/build/lplm4f120h5qr/src/main.cpp.o
                0x00000000000032e0                loop
 .text._ZN23ArduinoJson6151_100001012JsonDocument2toINS_10VariantRefEEENS_9VariantToIT_E4typeEv
                0x00000000000032ec       0x2e .pio/build/lplm4f120h5qr/src/main.cpp.o
                0x00000000000032ec                ArduinoJson6151_1000010::VariantTo<ArduinoJson6151_1000010::VariantRef>::type ArduinoJson6151_1000010::JsonDocument::to<ArduinoJson6151_1000010::VariantRef>()
 *fill*         0x000000000000331a        0x2 
 .text._ZN12LambdaSourceIPKcEC2ESt8functionIFS1_vEE
                0x000000000000331c       0x34 .pio/build/lplm4f120h5qr/src/main.cpp.o
                0x000000000000331c                LambdaSource<char const*>::LambdaSource(std::function<char const* ()>)
                0x000000000000331c                LambdaSource<char const*>::LambdaSource(std::function<char const* ()>)
 .text._ZN9PublisherIbErsER10SubscriberIbE
                0x0000000000003350        0xa .pio/build/lplm4f120h5qr/src/main.cpp.o
                0x0000000000003350                Publisher<bool>::operator>>(Subscriber<bool>&)
 .text._ZN9PublisherIPKcErsER10SubscriberIS1_E
                0x000000000000335a        0xa .pio/build/lplm4f120h5qr/src/main.cpp.o
                0x000000000000335a                Publisher<char const*>::operator>>(Subscriber<char const*>&)
 .text._ZN9ValueFlowIbE2onERKb
                0x0000000000003364       0x14 .pio/build/lplm4f120h5qr/src/main.cpp.o
                0x0000000000003364                ValueFlow<bool>::on(bool const&)
 .text._ZN9ValueFlowIbE7requestEv
                0x0000000000003378       0x14 .pio/build/lplm4f120h5qr/src/main.cpp.o
                0x0000000000003378                ValueFlow<bool>::request()
                0x0000000000003386                non-virtual thunk to ValueFlow<bool>::request()
 .text._ZN6SourceIiE4emitERKi
                0x000000000000338c       0x1c .pio/build/lplm4f120h5qr/src/main.cpp.o
                0x000000000000338c                Source<int>::emit(int const&)
 .text._ZN11ValueSourceIiE7requestEv
                0x00000000000033a8       0x12 .pio/build/lplm4f120h5qr/src/main.cpp.o
                0x00000000000033a8                ValueSource<int>::request()
                0x00000000000033b4                non-virtual thunk to ValueSource<int>::request()
 .text._ZNSt17_Function_handlerIFvRKiEZN4EchoC1ER6ThreadEUlS1_E_E9_M_invokeERKSt9_Any_dataS1_
                0x00000000000033ba       0x20 .pio/build/lplm4f120h5qr/src/main.cpp.o
                0x00000000000033ba                std::_Function_handler<void (int const&), Echo::Echo(Thread&)::{lambda(int const&)#1}>::_M_invoke(std::_Any_data const&, int const&)
 .text._ZN11MqttMessageaSEOS_
                0x00000000000033da       0x1a .pio/build/lplm4f120h5qr/src/main.cpp.o
                0x00000000000033da                MqttMessage::operator=(MqttMessage&&)
 .text._ZN9PublisherI11MqttMessageErsER10SubscriberIS0_E
                0x00000000000033f4        0xa .pio/build/lplm4f120h5qr/src/main.cpp.o
                0x00000000000033f4                Publisher<MqttMessage>::operator>>(Subscriber<MqttMessage>&)
 .text._ZNSt8functionIFvRKbEEaSERKS3_
                0x00000000000033fe       0x3c .pio/build/lplm4f120h5qr/src/main.cpp.o
                0x00000000000033fe                std::function<void (bool const&)>::operator=(std::function<void (bool const&)> const&)
 *fill*         0x000000000000343a        0x2 
 .text._ZN4SinkI8TimerMsgLi2EEC2Ev
                0x000000000000343c       0x64 .pio/build/lplm4f120h5qr/src/main.cpp.o
                0x000000000000343c                Sink<TimerMsg, 2>::Sink()
                0x000000000000343c                Sink<TimerMsg, 2>::Sink()
 .text._ZN4EchoC2ER6Thread
                0x00000000000034a0       0xd4 .pio/build/lplm4f120h5qr/src/main.cpp.o
                0x00000000000034a0                Echo::Echo(Thread&)
                0x00000000000034a0                Echo::Echo(Thread&)
 .text._ZN4SinkIbLi2EEC2Ev
                0x0000000000003574       0x64 .pio/build/lplm4f120h5qr/src/main.cpp.o
                0x0000000000003574                Sink<bool, 2>::Sink()
                0x0000000000003574                Sink<bool, 2>::Sink()
 .text._ZN10LedBlinkerC2ER6Threadmm
                0x00000000000035d8       0x74 .pio/build/lplm4f120h5qr/src/main.cpp.o
                0x00000000000035d8                LedBlinker::LedBlinker(Thread&, unsigned long, unsigned long)
                0x00000000000035d8                LedBlinker::LedBlinker(Thread&, unsigned long, unsigned long)
 .text._ZNSt6vectorIP11RequestableSaIS1_EE19_M_emplace_back_auxIIS1_EEEvDpOT_
                0x000000000000364c       0x72 .pio/build/lplm4f120h5qr/src/main.cpp.o
                0x000000000000364c                void std::vector<Requestable*, std::allocator<Requestable*> >::_M_emplace_back_aux<Requestable*>(Requestable*&&)
                0x000000000000364c                void std::vector<Requestable*, std::allocator<Requestable*> >::_M_emplace_back_aux<Requestable*>(Requestable*&&)
 .text._ZNSt6vectorIP11RequestableSaIS1_EE12emplace_backIIS1_EEEvDpOT_
                0x00000000000036be       0x20 .pio/build/lplm4f120h5qr/src/main.cpp.o
                0x00000000000036be                void std::vector<Requestable*, std::allocator<Requestable*> >::emplace_back<Requestable*>(Requestable*&&)
                0x00000000000036be                void std::vector<Requestable*, std::allocator<Requestable*> >::emplace_back<Requestable*>(Requestable*&&)
 .text._ZN23ArduinoJson6151_100001017BasicJsonDocumentINS_16DefaultAllocatorEEC2EjS1_
                0x00000000000036de       0x2e .pio/build/lplm4f120h5qr/src/main.cpp.o
                0x00000000000036de                ArduinoJson6151_1000010::BasicJsonDocument<ArduinoJson6151_1000010::DefaultAllocator>::BasicJsonDocument(unsigned int, ArduinoJson6151_1000010::DefaultAllocator)
                0x00000000000036de                ArduinoJson6151_1000010::BasicJsonDocument<ArduinoJson6151_1000010::DefaultAllocator>::BasicJsonDocument(unsigned int, ArduinoJson6151_1000010::DefaultAllocator)
 .text._ZN23ArduinoJson6151_100001017BasicJsonDocumentINS_16DefaultAllocatorEE8freePoolEv
                0x000000000000370c        0xa .pio/build/lplm4f120h5qr/src/main.cpp.o
                0x000000000000370c                ArduinoJson6151_1000010::BasicJsonDocument<ArduinoJson6151_1000010::DefaultAllocator>::freePool()
 .text._ZNSt8functionIFiR11MqttMessageRKbEEC2ERKS5_
                0x0000000000003716       0x1c .pio/build/lplm4f120h5qr/src/main.cpp.o
                0x0000000000003716                std::function<int (MqttMessage&, bool const&)>::function(std::function<int (MqttMessage&, bool const&)> const&)
                0x0000000000003716                std::function<int (MqttMessage&, bool const&)>::function(std::function<int (MqttMessage&, bool const&)> const&)
 *fill*         0x0000000000003732        0x2 
 .text._ZN4Mqtt7toTopicIbEER10SubscriberIT_EPKc
                0x0000000000003734       0x98 .pio/build/lplm4f120h5qr/src/main.cpp.o
                0x0000000000003734                Subscriber<bool>& Mqtt::toTopic<bool>(char const*)
 .text._ZNSt8functionIFiR11MqttMessageRKmEEC2ERKS5_
                0x00000000000037cc       0x1c .pio/build/lplm4f120h5qr/src/main.cpp.o
                0x00000000000037cc                std::function<int (MqttMessage&, unsigned long const&)>::function(std::function<int (MqttMessage&, unsigned long const&)> const&)
                0x00000000000037cc                std::function<int (MqttMessage&, unsigned long const&)>::function(std::function<int (MqttMessage&, unsigned long const&)> const&)
 .text._ZNSt8functionIFiR11MqttMessageRKyEEC2ERKS5_
                0x00000000000037e8       0x1c .pio/build/lplm4f120h5qr/src/main.cpp.o
                0x00000000000037e8                std::function<int (MqttMessage&, unsigned long long const&)>::function(std::function<int (MqttMessage&, unsigned long long const&)> const&)
                0x00000000000037e8                std::function<int (MqttMessage&, unsigned long long const&)>::function(std::function<int (MqttMessage&, unsigned long long const&)> const&)
 .text._ZNSt8functionIFiR11MqttMessageRKPKcEEC2ERKS7_
                0x0000000000003804       0x1c .pio/build/lplm4f120h5qr/src/main.cpp.o
                0x0000000000003804                std::function<int (MqttMessage&, char const* const&)>::function(std::function<int (MqttMessage&, char const* const&)> const&)
                0x0000000000003804                std::function<int (MqttMessage&, char const* const&)>::function(std::function<int (MqttMessage&, char const* const&)> const&)
 .text._ZN4Mqtt7toTopicIPKcEER10SubscriberIT_ES2_
                0x0000000000003820       0x98 .pio/build/lplm4f120h5qr/src/main.cpp.o
                0x0000000000003820                Subscriber<char const*>& Mqtt::toTopic<char const*>(char const*)
 .text._ZNSt8functionIFiRiRK11MqttMessageEEC2ERKS5_
                0x00000000000038b8       0x1c .pio/build/lplm4f120h5qr/src/main.cpp.o
                0x00000000000038b8                std::function<int (int&, MqttMessage const&)>::function(std::function<int (int&, MqttMessage const&)> const&)
                0x00000000000038b8                std::function<int (int&, MqttMessage const&)>::function(std::function<int (int&, MqttMessage const&)> const&)
 .text._ZN4Mqtt9fromTopicIiEER6SourceIT_EPKc
                0x00000000000038d4       0x8c .pio/build/lplm4f120h5qr/src/main.cpp.o
                0x00000000000038d4                Source<int>& Mqtt::fromTopic<int>(char const*)
 .text._ZNSt8functionIFiR11MqttMessageRKiEEC2ERKS5_
                0x0000000000003960       0x1c .pio/build/lplm4f120h5qr/src/main.cpp.o
                0x0000000000003960                std::function<int (MqttMessage&, int const&)>::function(std::function<int (MqttMessage&, int const&)> const&)
                0x0000000000003960                std::function<int (MqttMessage&, int const&)>::function(std::function<int (MqttMessage&, int const&)> const&)
 .text.setup    0x000000000000397c      0x3d0 .pio/build/lplm4f120h5qr/src/main.cpp.o
                0x000000000000397c                setup
 .text._ZN23ArduinoJson6151_10000109variantAsIiEENS_9enable_ifIXsrNS_11is_integralIT_EE5valueES3_E4typeEPKNS_11VariantDataE
                0x0000000000003d4c       0xb4 .pio/build/lplm4f120h5qr/src/main.cpp.o
                0x0000000000003d4c                ArduinoJson6151_1000010::enable_if<ArduinoJson6151_1000010::is_integral<int>::value, int>::type ArduinoJson6151_1000010::variantAs<int>(ArduinoJson6151_1000010::VariantData const*)
 .text._ZN23ArduinoJson6151_100001011doSerializeINS_14JsonSerializerENS_17BasicJsonDocumentINS_16DefaultAllocatorEEENS_6WriterI6StringvEEEEjRKT0_T1_
                0x0000000000003e00       0x7c .pio/build/lplm4f120h5qr/src/main.cpp.o
                0x0000000000003e00                unsigned int ArduinoJson6151_1000010::doSerialize<ArduinoJson6151_1000010::JsonSerializer, ArduinoJson6151_1000010::BasicJsonDocument<ArduinoJson6151_1000010::DefaultAllocator>, ArduinoJson6151_1000010::Writer<String, void> >(ArduinoJson6151_1000010::BasicJsonDocument<ArduinoJson6151_1000010::DefaultAllocator> const&, ArduinoJson6151_1000010::Writer<String, void>)
 .text._ZN23ArduinoJson6151_10000109serializeINS_14JsonSerializerENS_17BasicJsonDocumentINS_16DefaultAllocatorEEE6StringEEjRKT0_RT1_
                0x0000000000003e7c       0x3c .pio/build/lplm4f120h5qr/src/main.cpp.o
                0x0000000000003e7c                unsigned int ArduinoJson6151_1000010::serialize<ArduinoJson6151_1000010::JsonSerializer, ArduinoJson6151_1000010::BasicJsonDocument<ArduinoJson6151_1000010::DefaultAllocator>, String>(ArduinoJson6151_1000010::BasicJsonDocument<ArduinoJson6151_1000010::DefaultAllocator> const&, String&)
 .text._ZZN6ToMqttIiEC1E6StringENKUlR11MqttMessageRKiE_clES3_S5_
                0x0000000000003eb8       0x94 .pio/build/lplm4f120h5qr/src/main.cpp.o
                0x0000000000003eb8                ToMqtt<int>::ToMqtt(String)::{lambda(MqttMessage&, int const&)#1}::operator()(MqttMessage&, int const&) const
 .text._ZNSt17_Function_handlerIFiR11MqttMessageRKiEZN6ToMqttIiEC1E6StringEUlS1_S3_E_E9_M_invokeERKSt9_Any_dataS1_S3_
                0x0000000000003f4c        0xa .pio/build/lplm4f120h5qr/src/main.cpp.o
                0x0000000000003f4c                std::_Function_handler<int (MqttMessage&, int const&), ToMqtt<int>::ToMqtt(String)::{lambda(MqttMessage&, int const&)#1}>::_M_invoke(std::_Any_data const&, MqttMessage&, int const&)
 *fill*         0x0000000000003f56        0x2 
 .text._ZNSt17_Function_handlerIFiR11MqttMessageRKbEZN6ToMqttIbEC1E6StringEUlS1_S3_E_E9_M_invokeERKSt9_Any_dataS1_S3_
                0x0000000000003f58       0x7c .pio/build/lplm4f120h5qr/src/main.cpp.o
                0x0000000000003f58                std::_Function_handler<int (MqttMessage&, bool const&), ToMqtt<bool>::ToMqtt(String)::{lambda(MqttMessage&, bool const&)#1}>::_M_invoke(std::_Any_data const&, MqttMessage&, bool const&)
 .text._ZNSt17_Function_handlerIFiR11MqttMessageRKmEZN6ToMqttImEC1E6StringEUlS1_S3_E_E9_M_invokeERKSt9_Any_dataS1_S3_
                0x0000000000003fd4       0x84 .pio/build/lplm4f120h5qr/src/main.cpp.o
                0x0000000000003fd4                std::_Function_handler<int (MqttMessage&, unsigned long const&), ToMqtt<unsigned long>::ToMqtt(String)::{lambda(MqttMessage&, unsigned long const&)#1}>::_M_invoke(std::_Any_data const&, MqttMessage&, unsigned long const&)
 .text._ZNSt17_Function_handlerIFiR11MqttMessageRKPKcEZN6ToMqttIS3_EC1E6StringEUlS1_S5_E_E9_M_invokeERKSt9_Any_dataS1_S5_
                0x0000000000004058       0x80 .pio/build/lplm4f120h5qr/src/main.cpp.o
                0x0000000000004058                std::_Function_handler<int (MqttMessage&, char const* const&), ToMqtt<char const*>::ToMqtt(String)::{lambda(MqttMessage&, char const* const&)#1}>::_M_invoke(std::_Any_data const&, MqttMessage&, char const* const&)
 .text._ZNSt17_Function_handlerIFiR11MqttMessageRKyEZN6ToMqttIyEC1E6StringEUlS1_S3_E_E9_M_invokeERKSt9_Any_dataS1_S3_
                0x00000000000040d8       0x84 .pio/build/lplm4f120h5qr/src/main.cpp.o
                0x00000000000040d8                std::_Function_handler<int (MqttMessage&, unsigned long long const&), ToMqtt<unsigned long long>::ToMqtt(String)::{lambda(MqttMessage&, unsigned long long const&)#1}>::_M_invoke(std::_Any_data const&, MqttMessage&, unsigned long long const&)
 .text._ZN6SourceIPKcE4emitERKS1_
                0x000000000000415c       0x1c .pio/build/lplm4f120h5qr/src/main.cpp.o
                0x000000000000415c                Source<char const*>::emit(char const* const&)
 .text._ZN11ValueSourceIPKcE7requestEv
                0x0000000000004178       0x12 .pio/build/lplm4f120h5qr/src/main.cpp.o
                0x0000000000004178                ValueSource<char const*>::request()
                0x0000000000004184                non-virtual thunk to ValueSource<char const*>::request()
 .text._ZNSt6vectorIP10SubscriberIiESaIS2_EE19_M_emplace_back_auxIIRKS2_EEEvDpOT_
                0x000000000000418a       0x72 .pio/build/lplm4f120h5qr/src/main.cpp.o
                0x000000000000418a                void std::vector<Subscriber<int>*, std::allocator<Subscriber<int>*> >::_M_emplace_back_aux<Subscriber<int>* const&>(Subscriber<int>* const&)
                0x000000000000418a                void std::vector<Subscriber<int>*, std::allocator<Subscriber<int>*> >::_M_emplace_back_aux<Subscriber<int>* const&>(Subscriber<int>* const&)
 .text._ZN6SourceIiE9subscribeEP10SubscriberIiE
                0x00000000000041fc       0x26 .pio/build/lplm4f120h5qr/src/main.cpp.o
                0x00000000000041fc                Source<int>::subscribe(Subscriber<int>*)
 .text._ZNSt6vectorIP10SubscriberIPKcESaIS4_EE19_M_emplace_back_auxIIRKS4_EEEvDpOT_
                0x0000000000004222       0x72 .pio/build/lplm4f120h5qr/src/main.cpp.o
                0x0000000000004222                void std::vector<Subscriber<char const*>*, std::allocator<Subscriber<char const*>*> >::_M_emplace_back_aux<Subscriber<char const*>* const&>(Subscriber<char const*>* const&)
                0x0000000000004222                void std::vector<Subscriber<char const*>*, std::allocator<Subscriber<char const*>*> >::_M_emplace_back_aux<Subscriber<char const*>* const&>(Subscriber<char const*>* const&)
 .text._ZN6SourceIPKcE9subscribeEP10SubscriberIS1_E
                0x0000000000004294       0x26 .pio/build/lplm4f120h5qr/src/main.cpp.o
                0x0000000000004294                Source<char const*>::subscribe(Subscriber<char const*>*)
 .text._ZNSt6vectorIP10SubscriberIyESaIS2_EE19_M_emplace_back_auxIIRKS2_EEEvDpOT_
                0x00000000000042ba       0x72 .pio/build/lplm4f120h5qr/src/main.cpp.o
                0x00000000000042ba                void std::vector<Subscriber<unsigned long long>*, std::allocator<Subscriber<unsigned long long>*> >::_M_emplace_back_aux<Subscriber<unsigned long long>* const&>(Subscriber<unsigned long long>* const&)
                0x00000000000042ba                void std::vector<Subscriber<unsigned long long>*, std::allocator<Subscriber<unsigned long long>*> >::_M_emplace_back_aux<Subscriber<unsigned long long>* const&>(Subscriber<unsigned long long>* const&)
 .text._ZN6SourceIyE9subscribeEP10SubscriberIyE
                0x000000000000432c       0x26 .pio/build/lplm4f120h5qr/src/main.cpp.o
                0x000000000000432c                Source<unsigned long long>::subscribe(Subscriber<unsigned long long>*)
 .text._ZNSt6vectorIP10SubscriberImESaIS2_EE19_M_emplace_back_auxIIRKS2_EEEvDpOT_
                0x0000000000004352       0x72 .pio/build/lplm4f120h5qr/src/main.cpp.o
                0x0000000000004352                void std::vector<Subscriber<unsigned long>*, std::allocator<Subscriber<unsigned long>*> >::_M_emplace_back_aux<Subscriber<unsigned long>* const&>(Subscriber<unsigned long>* const&)
                0x0000000000004352                void std::vector<Subscriber<unsigned long>*, std::allocator<Subscriber<unsigned long>*> >::_M_emplace_back_aux<Subscriber<unsigned long>* const&>(Subscriber<unsigned long>* const&)
 .text._ZN6SourceImE9subscribeEP10SubscriberImE
                0x00000000000043c4       0x26 .pio/build/lplm4f120h5qr/src/main.cpp.o
                0x00000000000043c4                Source<unsigned long>::subscribe(Subscriber<unsigned long>*)
 *fill*         0x00000000000043ea        0x2 
 .text.startup._GLOBAL__sub_I__ZSt25__throw_bad_function_callv
                0x00000000000043ec      0x390 .pio/build/lplm4f120h5qr/src/main.cpp.o
 .text._ZN4FlowIb11MqttMessageED2Ev
                0x000000000000477c       0x28 .pio/build/lplm4f120h5qr/src/main.cpp.o
                0x000000000000477c                Flow<bool, MqttMessage>::~Flow()
                0x000000000000477c                Flow<bool, MqttMessage>::~Flow()
 .text._ZN4FlowIb11MqttMessageED0Ev
                0x00000000000047a4       0x12 .pio/build/lplm4f120h5qr/src/main.cpp.o
                0x00000000000047a4                Flow<bool, MqttMessage>::~Flow()
 *fill*         0x00000000000047b6        0x2 
 .text._ZN10LambdaFlowIb11MqttMessageED2Ev
                0x00000000000047b8       0x28 .pio/build/lplm4f120h5qr/src/main.cpp.o
                0x00000000000047b8                LambdaFlow<bool, MqttMessage>::~LambdaFlow()
                0x00000000000047b8                LambdaFlow<bool, MqttMessage>::~LambdaFlow()
 .text._ZN10LambdaFlowIb11MqttMessageED0Ev
                0x00000000000047e0       0x12 .pio/build/lplm4f120h5qr/src/main.cpp.o
                0x00000000000047e0                LambdaFlow<bool, MqttMessage>::~LambdaFlow()
 *fill*         0x00000000000047f2        0x2 
 .text._ZN6ToMqttIbED2Ev
                0x00000000000047f4       0x28 .pio/build/lplm4f120h5qr/src/main.cpp.o
                0x00000000000047f4                ToMqtt<bool>::~ToMqtt()
                0x00000000000047f4                ToMqtt<bool>::~ToMqtt()
 .text._ZN6ToMqttIbED0Ev
                0x000000000000481c       0x12 .pio/build/lplm4f120h5qr/src/main.cpp.o
                0x000000000000481c                ToMqtt<bool>::~ToMqtt()
 *fill*         0x000000000000482e        0x2 
 .text._ZN4FlowIm11MqttMessageED2Ev
                0x0000000000004830       0x28 .pio/build/lplm4f120h5qr/src/main.cpp.o
                0x0000000000004830                Flow<unsigned long, MqttMessage>::~Flow()
                0x0000000000004830                Flow<unsigned long, MqttMessage>::~Flow()
 .text._ZN4FlowIm11MqttMessageED0Ev
                0x0000000000004858       0x12 .pio/build/lplm4f120h5qr/src/main.cpp.o
                0x0000000000004858                Flow<unsigned long, MqttMessage>::~Flow()
 *fill*         0x000000000000486a        0x2 
 .text._ZN10LambdaFlowIm11MqttMessageED2Ev
                0x000000000000486c       0x28 .pio/build/lplm4f120h5qr/src/main.cpp.o
                0x000000000000486c                LambdaFlow<unsigned long, MqttMessage>::~LambdaFlow()
                0x000000000000486c                LambdaFlow<unsigned long, MqttMessage>::~LambdaFlow()
 .text._ZN10LambdaFlowIm11MqttMessageED0Ev
                0x0000000000004894       0x12 .pio/build/lplm4f120h5qr/src/main.cpp.o
                0x0000000000004894                LambdaFlow<unsigned long, MqttMessage>::~LambdaFlow()
 *fill*         0x00000000000048a6        0x2 
 .text._ZN6ToMqttImED2Ev
                0x00000000000048a8       0x28 .pio/build/lplm4f120h5qr/src/main.cpp.o
                0x00000000000048a8                ToMqtt<unsigned long>::~ToMqtt()
                0x00000000000048a8                ToMqtt<unsigned long>::~ToMqtt()
 .text._ZN6ToMqttImED0Ev
                0x00000000000048d0       0x12 .pio/build/lplm4f120h5qr/src/main.cpp.o
                0x00000000000048d0                ToMqtt<unsigned long>::~ToMqtt()
 *fill*         0x00000000000048e2        0x2 
 .text._ZN4FlowIy11MqttMessageED2Ev
                0x00000000000048e4       0x28 .pio/build/lplm4f120h5qr/src/main.cpp.o
                0x00000000000048e4                Flow<unsigned long long, MqttMessage>::~Flow()
                0x00000000000048e4                Flow<unsigned long long, MqttMessage>::~Flow()
 .text._ZN4FlowIy11MqttMessageED0Ev
                0x000000000000490c       0x12 .pio/build/lplm4f120h5qr/src/main.cpp.o
                0x000000000000490c                Flow<unsigned long long, MqttMessage>::~Flow()
 *fill*         0x000000000000491e        0x2 
 .text._ZN10LambdaFlowIy11MqttMessageED2Ev
                0x0000000000004920       0x28 .pio/build/lplm4f120h5qr/src/main.cpp.o
                0x0000000000004920                LambdaFlow<unsigned long long, MqttMessage>::~LambdaFlow()
                0x0000000000004920                LambdaFlow<unsigned long long, MqttMessage>::~LambdaFlow()
 .text._ZN10LambdaFlowIy11MqttMessageED0Ev
                0x0000000000004948       0x12 .pio/build/lplm4f120h5qr/src/main.cpp.o
                0x0000000000004948                LambdaFlow<unsigned long long, MqttMessage>::~LambdaFlow()
 *fill*         0x000000000000495a        0x2 
 .text._ZN6ToMqttIyED2Ev
                0x000000000000495c       0x28 .pio/build/lplm4f120h5qr/src/main.cpp.o
                0x000000000000495c                ToMqtt<unsigned long long>::~ToMqtt()
                0x000000000000495c                ToMqtt<unsigned long long>::~ToMqtt()
 .text._ZN6ToMqttIyED0Ev
                0x0000000000004984       0x12 .pio/build/lplm4f120h5qr/src/main.cpp.o
                0x0000000000004984                ToMqtt<unsigned long long>::~ToMqtt()
 *fill*         0x0000000000004996        0x2 
 .text._ZN4FlowIPKc11MqttMessageED2Ev
                0x0000000000004998       0x28 .pio/build/lplm4f120h5qr/src/main.cpp.o
                0x0000000000004998                Flow<char const*, MqttMessage>::~Flow()
                0x0000000000004998                Flow<char const*, MqttMessage>::~Flow()
 .text._ZN4FlowIPKc11MqttMessageED0Ev
                0x00000000000049c0       0x12 .pio/build/lplm4f120h5qr/src/main.cpp.o
                0x00000000000049c0                Flow<char const*, MqttMessage>::~Flow()
 *fill*         0x00000000000049d2        0x2 
 .text._ZN10LambdaFlowIPKc11MqttMessageED2Ev
                0x00000000000049d4       0x28 .pio/build/lplm4f120h5qr/src/main.cpp.o
                0x00000000000049d4                LambdaFlow<char const*, MqttMessage>::~LambdaFlow()
                0x00000000000049d4                LambdaFlow<char const*, MqttMessage>::~LambdaFlow()
 .text._ZN10LambdaFlowIPKc11MqttMessageED0Ev
                0x00000000000049fc       0x12 .pio/build/lplm4f120h5qr/src/main.cpp.o
                0x00000000000049fc                LambdaFlow<char const*, MqttMessage>::~LambdaFlow()
 *fill*         0x0000000000004a0e        0x2 
 .text._ZN6ToMqttIPKcED2Ev
                0x0000000000004a10       0x28 .pio/build/lplm4f120h5qr/src/main.cpp.o
                0x0000000000004a10                ToMqtt<char const*>::~ToMqtt()
                0x0000000000004a10                ToMqtt<char const*>::~ToMqtt()
 .text._ZN6ToMqttIPKcED0Ev
                0x0000000000004a38       0x12 .pio/build/lplm4f120h5qr/src/main.cpp.o
                0x0000000000004a38                ToMqtt<char const*>::~ToMqtt()
 *fill*         0x0000000000004a4a        0x2 
 .text._ZN4FlowIi11MqttMessageED2Ev
                0x0000000000004a4c       0x28 .pio/build/lplm4f120h5qr/src/main.cpp.o
                0x0000000000004a4c                Flow<int, MqttMessage>::~Flow()
                0x0000000000004a4c                Flow<int, MqttMessage>::~Flow()
 .text._ZN4FlowIi11MqttMessageED0Ev
                0x0000000000004a74       0x12 .pio/build/lplm4f120h5qr/src/main.cpp.o
                0x0000000000004a74                Flow<int, MqttMessage>::~Flow()
 *fill*         0x0000000000004a86        0x2 
 .text._ZN10LambdaFlowIi11MqttMessageED2Ev
                0x0000000000004a88       0x28 .pio/build/lplm4f120h5qr/src/main.cpp.o
                0x0000000000004a88                LambdaFlow<int, MqttMessage>::~LambdaFlow()
                0x0000000000004a88                LambdaFlow<int, MqttMessage>::~LambdaFlow()
 .text._ZN10LambdaFlowIi11MqttMessageED0Ev
                0x0000000000004ab0       0x12 .pio/build/lplm4f120h5qr/src/main.cpp.o
                0x0000000000004ab0                LambdaFlow<int, MqttMessage>::~LambdaFlow()
 *fill*         0x0000000000004ac2        0x2 
 .text._ZN6ToMqttIiED2Ev
                0x0000000000004ac4       0x28 .pio/build/lplm4f120h5qr/src/main.cpp.o
                0x0000000000004ac4                ToMqtt<int>::~ToMqtt()
                0x0000000000004ac4                ToMqtt<int>::~ToMqtt()
 .text._ZN6ToMqttIiED0Ev
                0x0000000000004aec       0x12 .pio/build/lplm4f120h5qr/src/main.cpp.o
                0x0000000000004aec                ToMqtt<int>::~ToMqtt()
 *fill*         0x0000000000004afe        0x2 
 .text._ZSt25__throw_bad_function_callv
                0x0000000000004b00       0x50 .pio/build/lplm4f120h5qr/src/main.cpp.o
                0x0000000000004b00                std::__throw_bad_function_call()
 .text._ZN10LambdaFlowIi11MqttMessageE2onERKi
                0x0000000000004b50       0x36 .pio/build/lplm4f120h5qr/src/main.cpp.o
                0x0000000000004b50                LambdaFlow<int, MqttMessage>::on(int const&)
 .text._ZN10LambdaFlowI11MqttMessageiE2onERKS0_
                0x0000000000004b86       0x24 .pio/build/lplm4f120h5qr/src/main.cpp.o
                0x0000000000004b86                LambdaFlow<MqttMessage, int>::on(MqttMessage const&)
 .text._ZN10LambdaFlowIPKc11MqttMessageE2onERKS1_
                0x0000000000004baa       0x36 .pio/build/lplm4f120h5qr/src/main.cpp.o
                0x0000000000004baa                LambdaFlow<char const*, MqttMessage>::on(char const* const&)
 .text._ZN10LambdaFlowIy11MqttMessageE2onERKy
                0x0000000000004be0       0x36 .pio/build/lplm4f120h5qr/src/main.cpp.o
                0x0000000000004be0                LambdaFlow<unsigned long long, MqttMessage>::on(unsigned long long const&)
 .text._ZN10LambdaFlowIm11MqttMessageE2onERKm
                0x0000000000004c16       0x36 .pio/build/lplm4f120h5qr/src/main.cpp.o
                0x0000000000004c16                LambdaFlow<unsigned long, MqttMessage>::on(unsigned long const&)
 .text._ZN10LambdaFlowIb11MqttMessageE2onERKb
                0x0000000000004c4c       0x36 .pio/build/lplm4f120h5qr/src/main.cpp.o
                0x0000000000004c4c                LambdaFlow<bool, MqttMessage>::on(bool const&)
 .text._ZN12LambdaSourceIPKcE7requestEv
                0x0000000000004c82       0x28 .pio/build/lplm4f120h5qr/src/main.cpp.o
                0x0000000000004c82                LambdaSource<char const*>::request()
                0x0000000000004ca4                non-virtual thunk to LambdaSource<char const*>::request()
 .text._ZN12LambdaSourceIyE7requestEv
                0x0000000000004caa       0x36 .pio/build/lplm4f120h5qr/src/main.cpp.o
                0x0000000000004caa                LambdaSource<unsigned long long>::request()
                0x0000000000004cda                non-virtual thunk to LambdaSource<unsigned long long>::request()
 .text._ZN12LambdaSourceImE7requestEv
                0x0000000000004ce0       0x34 .pio/build/lplm4f120h5qr/src/main.cpp.o
                0x0000000000004ce0                LambdaSource<unsigned long>::request()
                0x0000000000004d0e                non-virtual thunk to LambdaSource<unsigned long>::request()
 .text._ZN4SinkI8TimerMsgLi2EE2onERKS0_
                0x0000000000004d14       0x24 .pio/build/lplm4f120h5qr/src/main.cpp.o
                0x0000000000004d14                Sink<TimerMsg, 2>::on(TimerMsg const&)
 .text._ZNKSt8functionIFvRKiEEclES1_
                0x0000000000004d38       0x10 .pio/build/lplm4f120h5qr/src/main.cpp.o
                0x0000000000004d38                std::function<void (int const&)>::operator()(int const&) const
 .text._ZN4SinkIiLi4EE2onERKi
                0x0000000000004d48       0x24 .pio/build/lplm4f120h5qr/src/main.cpp.o
                0x0000000000004d48                Sink<int, 4>::on(int const&)
 .text._ZNKSt8functionIFvRKbEEclES1_
                0x0000000000004d6c       0x10 .pio/build/lplm4f120h5qr/src/main.cpp.o
                0x0000000000004d6c                std::function<void (bool const&)>::operator()(bool const&) const
 .text._ZN4SinkIbLi2EE2onERKb
                0x0000000000004d7c       0x24 .pio/build/lplm4f120h5qr/src/main.cpp.o
                0x0000000000004d7c                Sink<bool, 2>::on(bool const&)
 .text._ZZN4SinkI8TimerMsgLi2EEC1EvENKUlRKS0_E_clES3_
                0x0000000000004da0       0x58 .pio/build/lplm4f120h5qr/src/main.cpp.o
                0x0000000000004da0                Sink<TimerMsg, 2>::Sink()::{lambda(TimerMsg const&)#1}::operator()(TimerMsg const&) const
 .text._ZNSt17_Function_handlerIFvRK8TimerMsgEZN4SinkIS0_Li2EEC1EvEUlS2_E_E9_M_invokeERKSt9_Any_dataS2_
                0x0000000000004df8        0xa .pio/build/lplm4f120h5qr/src/main.cpp.o
                0x0000000000004df8                std::_Function_handler<void (TimerMsg const&), Sink<TimerMsg, 2>::Sink()::{lambda(TimerMsg const&)#1}>::_M_invoke(std::_Any_data const&, TimerMsg const&)
 .text._ZZN4SinkI8TimerMsgLi2EEC1EvENUlRKS0_E_4_FUNES3_
                0x0000000000004e02        0xc .pio/build/lplm4f120h5qr/src/main.cpp.o
                0x0000000000004e02                Sink<TimerMsg, 2>::Sink()::{lambda(TimerMsg const&)#1}::_FUN(TimerMsg const&)
 *fill*         0x0000000000004e0e        0x2 
 .text._ZZN4SinkIbLi2EEC1EvENKUlRKbE_clES2_
                0x0000000000004e10       0x58 .pio/build/lplm4f120h5qr/src/main.cpp.o
                0x0000000000004e10                Sink<bool, 2>::Sink()::{lambda(bool const&)#1}::operator()(bool const&) const
 .text._ZNSt17_Function_handlerIFvRKbEZN4SinkIbLi2EEC1EvEUlS1_E_E9_M_invokeERKSt9_Any_dataS1_
                0x0000000000004e68        0xa .pio/build/lplm4f120h5qr/src/main.cpp.o
                0x0000000000004e68                std::_Function_handler<void (bool const&), Sink<bool, 2>::Sink()::{lambda(bool const&)#1}>::_M_invoke(std::_Any_data const&, bool const&)
 .text._ZZN4SinkIbLi2EEC1EvENUlRKbE_4_FUNES2_
                0x0000000000004e72        0xc .pio/build/lplm4f120h5qr/src/main.cpp.o
                0x0000000000004e72                Sink<bool, 2>::Sink()::{lambda(bool const&)#1}::_FUN(bool const&)
 *fill*         0x0000000000004e7e        0x2 
 .text._ZN4FlowIbbED2Ev
                0x0000000000004e80       0x28 .pio/build/lplm4f120h5qr/src/main.cpp.o
                0x0000000000004e80                Flow<bool, bool>::~Flow()
                0x0000000000004e80                Flow<bool, bool>::~Flow()
 .text._ZN4FlowIbbED0Ev
                0x0000000000004ea8       0x12 .pio/build/lplm4f120h5qr/src/main.cpp.o
                0x0000000000004ea8                Flow<bool, bool>::~Flow()
 *fill*         0x0000000000004eba        0x2 
 .text._ZN9ValueFlowIbED2Ev
                0x0000000000004ebc       0x20 .pio/build/lplm4f120h5qr/src/main.cpp.o
                0x0000000000004ebc                ValueFlow<bool>::~ValueFlow()
                0x0000000000004ebc                ValueFlow<bool>::~ValueFlow()
 .text._ZN9ValueFlowIbED0Ev
                0x0000000000004edc       0x12 .pio/build/lplm4f120h5qr/src/main.cpp.o
                0x0000000000004edc                ValueFlow<bool>::~ValueFlow()
 *fill*         0x0000000000004eee        0x2 
 .text._ZN6ButtonD2Ev
                0x0000000000004ef0       0x20 .pio/build/lplm4f120h5qr/src/main.cpp.o
                0x0000000000004ef0                Button::~Button()
                0x0000000000004ef0                Button::~Button()
 .text._ZN6ButtonD0Ev
                0x0000000000004f10       0x12 .pio/build/lplm4f120h5qr/src/main.cpp.o
                0x0000000000004f10                Button::~Button()
 *fill*         0x0000000000004f22        0x2 
 .text._ZZN8FromMqttIiEC1E6StringENKUlRiRK11MqttMessageE_clES2_S5_
                0x0000000000004f24      0x1e4 .pio/build/lplm4f120h5qr/src/main.cpp.o
                0x0000000000004f24                FromMqtt<int>::FromMqtt(String)::{lambda(int&, MqttMessage const&)#1}::operator()(int&, MqttMessage const&) const
 .text._ZNSt17_Function_handlerIFiRiRK11MqttMessageEZN8FromMqttIiEC1E6StringEUlS0_S3_E_E9_M_invokeERKSt9_Any_dataS0_S3_
                0x0000000000005108        0xa .pio/build/lplm4f120h5qr/src/main.cpp.o
                0x0000000000005108                std::_Function_handler<int (int&, MqttMessage const&), FromMqtt<int>::FromMqtt(String)::{lambda(int&, MqttMessage const&)#1}>::_M_invoke(std::_Any_data const&, int&, MqttMessage const&)
 *fill*         0x0000000000005112        0x2 
 .text._ZN4SinkI8TimerMsgLi2EED2Ev
                0x0000000000005114       0x78 .pio/build/lplm4f120h5qr/src/main.cpp.o
                0x0000000000005114                Sink<TimerMsg, 2>::~Sink()
                0x0000000000005114                Sink<TimerMsg, 2>::~Sink()
 .text._ZN4SinkI8TimerMsgLi2EED0Ev
                0x000000000000518c       0x12 .pio/build/lplm4f120h5qr/src/main.cpp.o
                0x000000000000518c                Sink<TimerMsg, 2>::~Sink()
 *fill*         0x000000000000519e        0x2 
 .text._ZN4SinkIbLi2EED2Ev
                0x00000000000051a0       0x78 .pio/build/lplm4f120h5qr/src/main.cpp.o
                0x00000000000051a0                Sink<bool, 2>::~Sink()
                0x00000000000051a0                Sink<bool, 2>::~Sink()
 .text._ZN4SinkIbLi2EED0Ev
                0x0000000000005218       0x12 .pio/build/lplm4f120h5qr/src/main.cpp.o
                0x0000000000005218                Sink<bool, 2>::~Sink()
 *fill*         0x000000000000522a        0x2 
 .text._ZN4SinkIiLi4EED2Ev
                0x000000000000522c       0x78 .pio/build/lplm4f120h5qr/src/main.cpp.o
                0x000000000000522c                Sink<int, 4>::~Sink()
                0x000000000000522c                Sink<int, 4>::~Sink()
 .text._ZN4SinkIiLi4EED0Ev
                0x00000000000052a4       0x12 .pio/build/lplm4f120h5qr/src/main.cpp.o
                0x00000000000052a4                Sink<int, 4>::~Sink()
 *fill*         0x00000000000052b6        0x2 
 .text._ZZN4SinkIiLi4EEC1EvENKUlRKiE_clES2_
                0x00000000000052b8       0x58 .pio/build/lplm4f120h5qr/src/main.cpp.o