Archive member included because of file (symbol)

/home/lieven/.platformio/packages/toolchain-gccarmnoneeabi@1.40804.0/bin/../lib/gcc/arm-none-eabi/4.8.4/../../../../arm-none-eabi/lib/armv7e-m/fpu/libc.a(lib_a-aeabi_atexit.o)
                              .pio/build/lplm4f120h5qr/src/main.cpp.o (__aeabi_atexit)
/home/lieven/.platformio/packages/toolchain-gccarmnoneeabi@1.40804.0/bin/../lib/gcc/arm-none-eabi/4.8.4/../../../../arm-none-eabi/lib/armv7e-m/fpu/libc.a(lib_a-cxa_atexit.o)
                              /home/lieven/.platformio/packages/toolchain-gccarmnoneeabi@1.40804.0/bin/../lib/gcc/arm-none-eabi/4.8.4/../../../../arm-none-eabi/lib/armv7e-m/fpu/libc.a(lib_a-aeabi_atexit.o) (__cxa_atexit)
/home/lieven/.platformio/packages/toolchain-gccarmnoneeabi@1.40804.0/bin/../lib/gcc/arm-none-eabi/4.8.4/../../../../arm-none-eabi/lib/armv7e-m/fpu/libc.a(lib_a-malloc.o)
                              .pio/build/lplm4f120h5qr/src/main.cpp.o (malloc)
/home/lieven/.platformio/packages/toolchain-gccarmnoneeabi@1.40804.0/bin/../lib/gcc/arm-none-eabi/4.8.4/../../../../arm-none-eabi/lib/armv7e-m/fpu/libc.a(lib_a-mallocr.o)
                              /home/lieven/.platformio/packages/toolchain-gccarmnoneeabi@1.40804.0/bin/../lib/gcc/arm-none-eabi/4.8.4/../../../../arm-none-eabi/lib/armv7e-m/fpu/libc.a(lib_a-malloc.o) (_malloc_r)
/home/lieven/.platformio/packages/toolchain-gccarmnoneeabi@1.40804.0/bin/../lib/gcc/arm-none-eabi/4.8.4/../../../../arm-none-eabi/lib/armv7e-m/fpu/libc.a(lib_a-memcpy.o)
                              .pio/build/lplm4f120h5qr/src/MqttSerial.cpp.o (memcpy)
/home/lieven/.platformio/packages/toolchain-gccarmnoneeabi@1.40804.0/bin/../lib/gcc/arm-none-eabi/4.8.4/../../../../arm-none-eabi/lib/armv7e-m/fpu/libc.a(lib_a-memmove.o)
                              .pio/build/lplm4f120h5qr/src/MqttSerial.cpp.o (memmove)
/home/lieven/.platformio/packages/toolchain-gccarmnoneeabi@1.40804.0/bin/../lib/gcc/arm-none-eabi/4.8.4/../../../../arm-none-eabi/lib/armv7e-m/fpu/libc.a(lib_a-mlock.o)
                              /home/lieven/.platformio/packages/toolchain-gccarmnoneeabi@1.40804.0/bin/../lib/gcc/arm-none-eabi/4.8.4/../../../../arm-none-eabi/lib/armv7e-m/fpu/libc.a(lib_a-mallocr.o) (__malloc_lock)
/home/lieven/.platformio/packages/toolchain-gccarmnoneeabi@1.40804.0/bin/../lib/gcc/arm-none-eabi/4.8.4/../../../../arm-none-eabi/lib/armv7e-m/fpu/libc.a(lib_a-sbrkr.o)
                              /home/lieven/.platformio/packages/toolchain-gccarmnoneeabi@1.40804.0/bin/../lib/gcc/arm-none-eabi/4.8.4/../../../../arm-none-eabi/lib/armv7e-m/fpu/libc.a(lib_a-mallocr.o) (_sbrk_r)
/home/lieven/.platformio/packages/toolchain-gccarmnoneeabi@1.40804.0/bin/../lib/gcc/arm-none-eabi/4.8.4/../../../../arm-none-eabi/lib/armv7e-m/fpu/libc.a(lib_a-sf_fpclassify.o)
                              .pio/build/lplm4f120h5qr/src/MqttSerial.cpp.o (__fpclassifyf)
/home/lieven/.platformio/packages/toolchain-gccarmnoneeabi@1.40804.0/bin/../lib/gcc/arm-none-eabi/4.8.4/../../../../arm-none-eabi/lib/armv7e-m/fpu/libc.a(lib_a-strcmp.o)
                              .pio/build/lplm4f120h5qr/src/MqttSerial.cpp.o (strcmp)
/home/lieven/.platformio/packages/toolchain-gccarmnoneeabi@1.40804.0/bin/../lib/gcc/arm-none-eabi/4.8.4/../../../../arm-none-eabi/lib/armv7e-m/fpu/libc.a(lib_a-strlen.o)
                              .pio/build/lplm4f120h5qr/src/MqttSerial.cpp.o (strlen)
/home/lieven/.platformio/packages/toolchain-gccarmnoneeabi@1.40804.0/bin/../lib/gcc/arm-none-eabi/4.8.4/../../../../arm-none-eabi/lib/armv7e-m/fpu/libc.a(lib_a-strncpy.o)
                              .pio/build/lplm4f120h5qr/src/Sys.cpp.o (strncpy)
/home/lieven/.platformio/packages/toolchain-gccarmnoneeabi@1.40804.0/bin/../lib/gcc/arm-none-eabi/4.8.4/../../../../arm-none-eabi/lib/armv7e-m/fpu/libc.a(lib_a-syssbrk.o)
                              .pio/build/lplm4f120h5qr/src/main.cpp.o (sbrk)
/home/lieven/.platformio/packages/toolchain-gccarmnoneeabi@1.40804.0/bin/../lib/gcc/arm-none-eabi/4.8.4/../../../../arm-none-eabi/lib/armv7e-m/fpu/libc.a(lib_a-__atexit.o)
                              /home/lieven/.platformio/packages/toolchain-gccarmnoneeabi@1.40804.0/bin/../lib/gcc/arm-none-eabi/4.8.4/../../../../arm-none-eabi/lib/armv7e-m/fpu/libc.a(lib_a-cxa_atexit.o) (__register_exitproc)
/home/lieven/.platformio/packages/toolchain-gccarmnoneeabi@1.40804.0/bin/../lib/gcc/arm-none-eabi/4.8.4/../../../../arm-none-eabi/lib/armv7e-m/fpu/libc.a(lib_a-freer.o)
                              /home/lieven/.platformio/packages/toolchain-gccarmnoneeabi@1.40804.0/bin/../lib/gcc/arm-none-eabi/4.8.4/../../../../arm-none-eabi/lib/armv7e-m/fpu/libc.a(lib_a-malloc.o) (_free_r)
/home/lieven/.platformio/packages/toolchain-gccarmnoneeabi@1.40804.0/bin/../lib/gcc/arm-none-eabi/4.8.4/../../../../arm-none-eabi/lib/armv7e-m/fpu/libc.a(lib_a-impure.o)
[...]
Memory Configuration

Name             Origin             Length             Attributes
flash            0x0000000000000000 0x0000000000040000 xr
ram              0x0000000020000000 0x0000000000008000 xrw
*default*        0x0000000000000000 0xffffffffffffffff

Linker script and memory map

LOAD .pio/build/lplm4f120h5qr/src/MqttSerial.cpp.o
LOAD .pio/build/lplm4f120h5qr/src/NanoAkka.cpp.o
LOAD .pio/build/lplm4f120h5qr/src/Sys.cpp.o
LOAD .pio/build/lplm4f120h5qr/src/main.cpp.o
LOAD .pio/build/lplm4f120h5qr/src/printf.c.o
START GROUP
LOAD /home/lieven/.platformio/packages/toolchain-gccarmnoneeabi@1.40804.0/bin/../lib/gcc/arm-none-eabi/4.8.4/../../../../arm-none-eabi/lib/armv7e-m/fpu/libc.a
LOAD /home/lieven/.platformio/packages/toolchain-gccarmnoneeabi@1.40804.0/bin/../lib/gcc/arm-none-eabi/4.8.4/armv7e-m/fpu/libgcc.a
LOAD /home/lieven/.platformio/packages/toolchain-gccarmnoneeabi@1.40804.0/bin/../lib/gcc/arm-none-eabi/4.8.4/../../../../arm-none-eabi/lib/armv7e-m/fpu/libm.a
LOAD /home/lieven/.platformio/packages/framework-energiativa/system/driverlib/libdriverlib.a
LOAD .pio/build/lplm4f120h5qr/libFrameworkEnergia.a
END GROUP

.text           0x0000000000000000     0x9f9c
                0x0000000000000000                . = ALIGN (0x4)
                0x0000000000000000                _text = .
 *(.isr_vector)
 .isr_vector    0x0000000000000000      0x26c .pio/build/lplm4f120h5qr/libFrameworkEnergia.a(startup_gcc.c.o)
                0x0000000000000000                g_pfnVectors
 *(.text .text* .gnu.linkonce.t.*)
 .text._ZNK22ArduinoJson6130_10000120DeserializationError14safeBoolHelperEv
                0x000000000000026c        0x2 .pio/build/lplm4f120h5qr/src/MqttSerial.cpp.o
                0x000000000000026c                ArduinoJson6130_100001::DeserializationError::safeBoolHelper() const
 .text._ZN10MqttSerial7requestEv
                0x000000000000026e        0x2 .pio/build/lplm4f120h5qr/src/MqttSerial.cpp.o
                0x000000000000026e                MqttSerial::request()
 .text._ZN10SubscriberI11MqttMessageED2Ev
                0x0000000000000270        0xc .pio/build/lplm4f120h5qr/src/MqttSerial.cpp.o
                0x0000000000000270                Subscriber<MqttMessage>::~Subscriber()
                0x0000000000000270                Subscriber<MqttMessage>::~Subscriber()
 .text._ZN10SubscriberI8TimerMsgED2Ev
                0x000000000000027c        0xc .pio/build/lplm4f120h5qr/src/MqttSerial.cpp.o
                0x000000000000027c                Subscriber<TimerMsg>::~Subscriber()
                0x000000000000027c                Subscriber<TimerMsg>::~Subscriber()
 .text._ZN4SinkI8TimerMsgLi3EE7requestEv
                0x0000000000000288        0xa .pio/build/lplm4f120h5qr/src/MqttSerial.cpp.o
                0x0000000000000288                Sink<TimerMsg, 3>::request()
 .text._ZN4SinkI11MqttMessageLi10EE7requestEv
                0x0000000000000292        0xa .pio/build/lplm4f120h5qr/src/MqttSerial.cpp.o
                0x0000000000000292                Sink<MqttMessage, 10>::request()
 .text._ZN4SinkI11MqttMessageLi5EE7requestEv
                0x000000000000029c        0xa .pio/build/lplm4f120h5qr/src/MqttSerial.cpp.o
                0x000000000000029c                Sink<MqttMessage, 5>::request()
 *fill*         0x00000000000002a6        0x2 
 .text._ZN10SubscriberI11MqttMessageED0Ev
                0x00000000000002a8       0x14 .pio/build/lplm4f120h5qr/src/MqttSerial.cpp.o
                0x00000000000002a8                Subscriber<MqttMessage>::~Subscriber()
 .text._ZN10SubscriberI8TimerMsgED0Ev
                0x00000000000002bc       0x14 .pio/build/lplm4f120h5qr/src/MqttSerial.cpp.o
                0x00000000000002bc                Subscriber<TimerMsg>::~Subscriber()
 .text._ZNSt14_Function_base13_Base_managerIZN10MqttSerial4initEvEUlRK11MqttMessageE_E10_M_managerERSt9_Any_dataRKS7_St18_Manager_operation
                0x00000000000002d0       0x30 .pio/build/lplm4f120h5qr/src/MqttSerial.cpp.o
 .text._ZN22ArduinoJson6130_10000111VariantData7setTypeEh.isra.15
                0x0000000000000300        0xc .pio/build/lplm4f120h5qr/src/MqttSerial.cpp.o
 .text._ZN11TimerSource7requestEv
                0x000000000000030c       0x78 .pio/build/lplm4f120h5qr/src/MqttSerial.cpp.o
                0x000000000000030c                TimerSource::request()
                0x000000000000037e                non-virtual thunk to TimerSource::request()
 .text._ZN10ArrayQueueI11MqttMessageLi5EE4pushERKS0_
                0x0000000000000384       0x68 .pio/build/lplm4f120h5qr/src/MqttSerial.cpp.o
                0x0000000000000384                ArrayQueue<MqttMessage, 5>::push(MqttMessage const&)
 .text._ZN11QueueSourceI11MqttMessageLi5EE2onERKS0_
                0x00000000000003ec        0xa .pio/build/lplm4f120h5qr/src/MqttSerial.cpp.o
                0x00000000000003ec                QueueSource<MqttMessage, 5>::on(MqttMessage const&)
 .text._ZNSt12_Vector_baseIP10SubscriberI8TimerMsgESaIS3_EE13_M_deallocateEPS3_j.isra.34
                0x00000000000003f6        0x8 .pio/build/lplm4f120h5qr/src/MqttSerial.cpp.o
 .text._ZNSt14_Function_base13_Base_managerIZN4SinkI11MqttMessageLi5EEC1EvEUlRKS2_E_E10_M_managerERSt9_Any_dataRKS8_St18_Manager_operation
                0x00000000000003fe       0x2a .pio/build/lplm4f120h5qr/src/MqttSerial.cpp.o
                0x00000000000003fe                std::_Function_base::_Base_manager<Sink<MqttMessage, 5>::Sink()::{lambda(MqttMessage const&)#1}>::_M_manager(std::_Any_data&, std::_Function_base::_Base_manager<Sink<MqttMessage, 5>::Sink()::{lambda(MqttMessage const&)#1}> const&, std::_Manager_operation)
 .text._ZNSt14_Function_base13_Base_managerIZN4SinkI11MqttMessageLi10EEC1EvEUlRKS2_E_E10_M_managerERSt9_Any_dataRKS8_St18_Manager_operation
                0x0000000000000428       0x2a .pio/build/lplm4f120h5qr/src/MqttSerial.cpp.o
                0x0000000000000428                std::_Function_base::_Base_manager<Sink<MqttMessage, 10>::Sink()::{lambda(MqttMessage const&)#1}>::_M_manager(std::_Any_data&, std::_Function_base::_Base_manager<Sink<MqttMessage, 10>::Sink()::{lambda(MqttMessage const&)#1}> const&, std::_Manager_operation)
 .text._ZNSt14_Function_base13_Base_managerIZN4SinkI8TimerMsgLi3EEC1EvEUlRKS2_E_E10_M_managerERSt9_Any_dataRKS8_St18_Manager_operation
                0x0000000000000452       0x2a .pio/build/lplm4f120h5qr/src/MqttSerial.cpp.o
                0x0000000000000452                std::_Function_base::_Base_manager<Sink<TimerMsg, 3>::Sink()::{lambda(TimerMsg const&)#1}>::_M_manager(std::_Any_data&, std::_Function_base::_Base_manager<Sink<TimerMsg, 3>::Sink()::{lambda(TimerMsg const&)#1}> const&, std::_Manager_operation)
 .text._ZN10ArrayQueueI11MqttMessageLi5EE3popERS0_
                0x000000000000047c       0x5c .pio/build/lplm4f120h5qr/src/MqttSerial.cpp.o
                0x000000000000047c                ArrayQueue<MqttMessage, 5>::pop(MqttMessage&)
 .text._ZN10ArrayQueueI8TimerMsgLi3EE3popERS0_
                0x00000000000004d8       0x48 .pio/build/lplm4f120h5qr/src/MqttSerial.cpp.o
                0x00000000000004d8                ArrayQueue<TimerMsg, 3>::pop(TimerMsg&)
 .text._ZN10ArrayQueueI8TimerMsgLi3EE4pushERKS0_
                0x0000000000000520       0x54 .pio/build/lplm4f120h5qr/src/MqttSerial.cpp.o
                0x0000000000000520                ArrayQueue<TimerMsg, 3>::push(TimerMsg const&)
 .text._ZN10ArrayQueueI11MqttMessageLi10EE3popERS0_
                0x0000000000000574       0x5c .pio/build/lplm4f120h5qr/src/MqttSerial.cpp.o
                0x0000000000000574                ArrayQueue<MqttMessage, 10>::pop(MqttMessage&)
 .text._ZN10ArrayQueueI11MqttMessageLi10EE4pushERKS0_
                0x00000000000005d0       0x68 .pio/build/lplm4f120h5qr/src/MqttSerial.cpp.o
                0x00000000000005d0                ArrayQueue<MqttMessage, 10>::push(MqttMessage const&)
 .text._ZNSt14_Function_baseD2Ev
                0x0000000000000638       0x12 .pio/build/lplm4f120h5qr/src/MqttSerial.cpp.o
                0x0000000000000638                std::_Function_base::~_Function_base()
                0x0000000000000638                std::_Function_base::~_Function_base()
 *fill*         0x000000000000064a        0x2 
 .text._ZN4SinkI8TimerMsgLi3EED2Ev
                0x000000000000064c       0x24 .pio/build/lplm4f120h5qr/src/MqttSerial.cpp.o
                0x000000000000064c                Sink<TimerMsg, 3>::~Sink()
                0x000000000000064c                Sink<TimerMsg, 3>::~Sink()
 .text._ZN4SinkI8TimerMsgLi3EED0Ev
                0x0000000000000670       0x12 .pio/build/lplm4f120h5qr/src/MqttSerial.cpp.o
                0x0000000000000670                Sink<TimerMsg, 3>::~Sink()
 .text._ZN22ArduinoJson6130_10000110MemoryPoolC2EPcj
                0x0000000000000682       0x16 .pio/build/lplm4f120h5qr/src/MqttSerial.cpp.o
                0x0000000000000682                ArduinoJson6130_100001::MemoryPool::MemoryPool(char*, unsigned int)
                0x0000000000000682                ArduinoJson6130_100001::MemoryPool::MemoryPool(char*, unsigned int)
 .text._ZN22ArduinoJson6130_10000112JsonDocument5clearEv
                0x0000000000000698       0x10 .pio/build/lplm4f120h5qr/src/MqttSerial.cpp.o
                0x0000000000000698                ArduinoJson6130_100001::JsonDocument::clear()
 .text._ZN22ArduinoJson6130_10000114CollectionData7addSlotEPNS_10MemoryPoolE
                0x00000000000006a8       0x3c .pio/build/lplm4f120h5qr/src/MqttSerial.cpp.o
                0x00000000000006a8                ArduinoJson6130_100001::CollectionData::addSlot(ArduinoJson6130_100001::MemoryPool*)
 .text._ZN22ArduinoJson6130_10000111VariantData10addElementEPNS_10MemoryPoolE
                0x00000000000006e4       0x30 .pio/build/lplm4f120h5qr/src/MqttSerial.cpp.o
                0x00000000000006e4                ArduinoJson6130_100001::VariantData::addElement(ArduinoJson6130_100001::MemoryPool*)
 .text._ZNK22ArduinoJson6130_10000114CollectionData3getEj
                0x0000000000000714       0x16 .pio/build/lplm4f120h5qr/src/MqttSerial.cpp.o
                0x0000000000000714                ArduinoJson6130_100001::CollectionData::get(unsigned int) const
 *fill*         0x000000000000072a        0x2 
 .text._ZNK22ArduinoJson6130_10000120DeserializationErrorcvMS0_KFvvEEv
                0x000000000000072c       0x18 .pio/build/lplm4f120h5qr/src/MqttSerial.cpp.o
                0x000000000000072c                ArduinoJson6130_100001::DeserializationError::operator void (ArduinoJson6130_100001::DeserializationError::*)() const() const
 .text._ZN22ArduinoJson6130_10000113StringBuilder6appendEc
                0x0000000000000744       0x1c .pio/build/lplm4f120h5qr/src/MqttSerial.cpp.o
                0x0000000000000744                ArduinoJson6130_100001::StringBuilder::append(char)
 .text._ZN22ArduinoJson6130_10000113StringBuilder8completeEv
                0x0000000000000760       0x22 .pio/build/lplm4f120h5qr/src/MqttSerial.cpp.o
                0x0000000000000760                ArduinoJson6130_100001::StringBuilder::complete()
 .text._ZN22ArduinoJson6130_1000016WriterI6StringvE5writeEPKhj
                0x0000000000000782       0x28 .pio/build/lplm4f120h5qr/src/MqttSerial.cpp.o
                0x0000000000000782                ArduinoJson6130_100001::Writer<String, void>::write(unsigned char const*, unsigned int)
 .text._ZN11MqttMessageD2Ev
                0x00000000000007aa       0x14 .pio/build/lplm4f120h5qr/src/MqttSerial.cpp.o
                0x00000000000007aa                MqttMessage::~MqttMessage()
                0x00000000000007aa                MqttMessage::~MqttMessage()
 *fill*         0x00000000000007be        0x2 
 .text._ZN4SinkI11MqttMessageLi10EED2Ev
                0x00000000000007c0       0x4c .pio/build/lplm4f120h5qr/src/MqttSerial.cpp.o
                0x00000000000007c0                Sink<MqttMessage, 10>::~Sink()
                0x00000000000007c0                Sink<MqttMessage, 10>::~Sink()
 .text._ZN4SinkI11MqttMessageLi10EED0Ev
                0x000000000000080c       0x12 .pio/build/lplm4f120h5qr/src/MqttSerial.cpp.o
                0x000000000000080c                Sink<MqttMessage, 10>::~Sink()
 *fill*         0x000000000000081e        0x2 
 .text._ZN10ArrayQueueI11MqttMessageLi5EED2Ev
                0x0000000000000820       0x28 .pio/build/lplm4f120h5qr/src/MqttSerial.cpp.o
                0x0000000000000820                ArrayQueue<MqttMessage, 5>::~ArrayQueue()
                0x0000000000000820                ArrayQueue<MqttMessage, 5>::~ArrayQueue()
 .text._ZN4SinkI11MqttMessageLi5EED2Ev
                0x0000000000000848       0x34 .pio/build/lplm4f120h5qr/src/MqttSerial.cpp.o
                0x0000000000000848                Sink<MqttMessage, 5>::~Sink()
                0x0000000000000848                Sink<MqttMessage, 5>::~Sink()
 .text._ZN4SinkI11MqttMessageLi5EED0Ev
                0x000000000000087c       0x12 .pio/build/lplm4f120h5qr/src/MqttSerial.cpp.o
                0x000000000000087c                Sink<MqttMessage, 5>::~Sink()
 *fill*         0x000000000000088e        0x2 
 .text._ZN11QueueSourceI11MqttMessageLi5EED2Ev
                0x0000000000000890       0x4c .pio/build/lplm4f120h5qr/src/MqttSerial.cpp.o
                0x0000000000000890                QueueSource<MqttMessage, 5>::~QueueSource()
                0x0000000000000890                QueueSource<MqttMessage, 5>::~QueueSource()
 .text._ZN11QueueSourceI11MqttMessageLi5EED0Ev
                0x00000000000008dc       0x12 .pio/build/lplm4f120h5qr/src/MqttSerial.cpp.o
                0x00000000000008dc                QueueSource<MqttMessage, 5>::~QueueSource()
 *fill*         0x00000000000008ee        0x2 
 .text._ZN10MqttSerialD2Ev
                0x00000000000008f0       0xec .pio/build/lplm4f120h5qr/src/MqttSerial.cpp.o
                0x00000000000008f0                MqttSerial::~MqttSerial()
                0x00000000000008f0                MqttSerial::~MqttSerial()
 .text._ZN10MqttSerialD0Ev
                0x00000000000009dc       0x12 .pio/build/lplm4f120h5qr/src/MqttSerial.cpp.o
                0x00000000000009dc                MqttSerial::~MqttSerial()
 *fill*         0x00000000000009ee        0x2 
 .text._ZN11MqttMessageC2Ev
                0x00000000000009f0       0x20 .pio/build/lplm4f120h5qr/src/MqttSerial.cpp.o
                0x00000000000009f0                MqttMessage::MqttMessage()
                0x00000000000009f0                MqttMessage::MqttMessage()
 .text._ZN11QueueSourceI11MqttMessageLi5EE7requestEv
                0x0000000000000a10       0x42 .pio/build/lplm4f120h5qr/src/MqttSerial.cpp.o
                0x0000000000000a10                QueueSource<MqttMessage, 5>::request()
                0x0000000000000a4c                non-virtual thunk to QueueSource<MqttMessage, 5>::request()
 *fill*         0x0000000000000a52        0x2 
 .text._ZN10ArrayQueueI11MqttMessageLi5EEC2Ev
                0x0000000000000a54       0x2c .pio/build/lplm4f120h5qr/src/MqttSerial.cpp.o
                0x0000000000000a54                ArrayQueue<MqttMessage, 5>::ArrayQueue()
                0x0000000000000a54                ArrayQueue<MqttMessage, 5>::ArrayQueue()
 .text._ZNSt6vectorIP11TimerSourceSaIS1_EE19_M_emplace_back_auxIIRKS1_EEEvDpOT_
                0x0000000000000a80       0x72 .pio/build/lplm4f120h5qr/src/MqttSerial.cpp.o
                0x0000000000000a80                void std::vector<TimerSource*, std::allocator<TimerSource*> >::_M_emplace_back_aux<TimerSource* const&>(TimerSource* const&)
                0x0000000000000a80                void std::vector<TimerSource*, std::allocator<TimerSource*> >::_M_emplace_back_aux<TimerSource* const&>(TimerSource* const&)
 *fill*         0x0000000000000af2        0x2 
 .text._ZN11TimerSourceC2ER6Threadimb
                0x0000000000000af4       0x68 .pio/build/lplm4f120h5qr/src/MqttSerial.cpp.o
                0x0000000000000af4                TimerSource::TimerSource(Thread&, int, unsigned long, bool)
                0x0000000000000af4                TimerSource::TimerSource(Thread&, int, unsigned long, bool)
 .text._ZNKSt8functionIFvRK11MqttMessageEEclES2_
                0x0000000000000b5c       0x10 .pio/build/lplm4f120h5qr/src/MqttSerial.cpp.o
                0x0000000000000b5c                std::function<void (MqttMessage const&)>::operator()(MqttMessage const&) const
 .text._ZN4SinkI11MqttMessageLi10EE2onERKS0_
                0x0000000000000b6c       0x2a .pio/build/lplm4f120h5qr/src/MqttSerial.cpp.o
                0x0000000000000b6c                Sink<MqttMessage, 10>::on(MqttMessage const&)
 .text._ZN4SinkI11MqttMessageLi5EE2onERKS0_
                0x0000000000000b96       0x28 .pio/build/lplm4f120h5qr/src/MqttSerial.cpp.o
                0x0000000000000b96                Sink<MqttMessage, 5>::on(MqttMessage const&)
 .text._ZN6SourceIbE4emitERKb
                0x0000000000000bbe       0x1c .pio/build/lplm4f120h5qr/src/MqttSerial.cpp.o
                0x0000000000000bbe                Source<bool>::emit(bool const&)
 .text._ZN11ValueSourceIbEaSEb
                0x0000000000000bda       0x12 .pio/build/lplm4f120h5qr/src/MqttSerial.cpp.o
                0x0000000000000bda                ValueSource<bool>::operator=(bool)
 .text._ZN11ValueSourceIbE7requestEv
                0x0000000000000bec       0x12 .pio/build/lplm4f120h5qr/src/MqttSerial.cpp.o
                0x0000000000000bec                ValueSource<bool>::request()
                0x0000000000000bf8                non-virtual thunk to ValueSource<bool>::request()
 .text._ZSt4swapISt9_Any_dataEvRT_S2_
                0x0000000000000bfe       0x20 .pio/build/lplm4f120h5qr/src/MqttSerial.cpp.o
                0x0000000000000bfe                void std::swap<std::_Any_data>(std::_Any_data&, std::_Any_data&)
 .text._ZNSt8functionIFvRK11MqttMessageEE4swapERS4_
                0x0000000000000c1e       0x1c .pio/build/lplm4f120h5qr/src/MqttSerial.cpp.o
                0x0000000000000c1e                std::function<void (MqttMessage const&)>::swap(std::function<void (MqttMessage const&)>&)
 *fill*         0x0000000000000c3a        0x2 
 .text._ZN4MqttC2ER6Thread
                0x0000000000000c3c      0x16c .pio/build/lplm4f120h5qr/src/MqttSerial.cpp.o
                0x0000000000000c3c                Mqtt::Mqtt(Thread&)
                0x0000000000000c3c                Mqtt::Mqtt(Thread&)
 .text._ZN10MqttSerialC2ER6Thread
                0x0000000000000da8      0x17c .pio/build/lplm4f120h5qr/src/MqttSerial.cpp.o
                0x0000000000000da8                MqttSerial::MqttSerial(Thread&)
                0x0000000000000da8                MqttSerial::MqttSerial(Thread&)
 .text._ZN22ArduinoJson6130_10000121variantSetOwnedStringINS_20ArduinoStringAdapterEEEbPNS_11VariantDataET_PNS_10MemoryPoolE
                0x0000000000000f24       0x44 .pio/build/lplm4f120h5qr/src/MqttSerial.cpp.o
                0x0000000000000f24                bool ArduinoJson6130_100001::variantSetOwnedString<ArduinoJson6130_100001::ArduinoStringAdapter>(ArduinoJson6130_100001::VariantData*, ArduinoJson6130_100001::ArduinoStringAdapter, ArduinoJson6130_100001::MemoryPool*)
 .text._ZN22ArduinoJson6130_10000116JsonDeserializerINS_6ReaderI6StringvEENS_12StringCopierEE7currentEv
                0x0000000000000f68       0x24 .pio/build/lplm4f120h5qr/src/MqttSerial.cpp.o
                0x0000000000000f68                ArduinoJson6130_100001::JsonDeserializer<ArduinoJson6130_100001::Reader<String, void>, ArduinoJson6130_100001::StringCopier>::current()
 .text._ZN22ArduinoJson6130_10000116JsonDeserializerINS_6ReaderI6StringvEENS_12StringCopierEE21skipSpacesAndCommentsEv
                0x0000000000000f8c       0x80 .pio/build/lplm4f120h5qr/src/MqttSerial.cpp.o
                0x0000000000000f8c                ArduinoJson6130_100001::JsonDeserializer<ArduinoJson6130_100001::Reader<String, void>, ArduinoJson6130_100001::StringCopier>::skipSpacesAndComments()
 .text._ZN22ArduinoJson6130_10000116JsonDeserializerINS_6ReaderI6StringvEENS_12StringCopierEE17parseQuotedStringERPKc
                0x000000000000100c       0x94 .pio/build/lplm4f120h5qr/src/MqttSerial.cpp.o
                0x000000000000100c                ArduinoJson6130_100001::JsonDeserializer<ArduinoJson6130_100001::Reader<String, void>, ArduinoJson6130_100001::StringCopier>::parseQuotedString(char const*&)
 .text._ZN22ArduinoJson6130_10000116JsonDeserializerINS_6ReaderI6StringvEENS_12StringCopierEE22canBeInNonQuotedStringEc
                0x00000000000010a0       0x2e .pio/build/lplm4f120h5qr/src/MqttSerial.cpp.o
                0x00000000000010a0                ArduinoJson6130_100001::JsonDeserializer<ArduinoJson6130_100001::Reader<String, void>, ArduinoJson6130_100001::StringCopier>::canBeInNonQuotedString(char)
 .text._ZN22ArduinoJson6130_10000116JsonDeserializerINS_6ReaderI6StringvEENS_12StringCopierEE8parseKeyERPKc
                0x00000000000010ce       0x78 .pio/build/lplm4f120h5qr/src/MqttSerial.cpp.o
                0x00000000000010ce                ArduinoJson6130_100001::JsonDeserializer<ArduinoJson6130_100001::Reader<String, void>, ArduinoJson6130_100001::StringCopier>::parseKey(char const*&)
 *fill*         0x0000000000001146        0x2 
 .text._ZN22ArduinoJson6130_10000111parseNumberIfyEENS_12ParsedNumberIT_T0_EEPKc
                0x0000000000001148      0x214 .pio/build/lplm4f120h5qr/src/MqttSerial.cpp.o
                0x0000000000001148                ArduinoJson6130_100001::ParsedNumber<float, unsigned long long> ArduinoJson6130_100001::parseNumber<float, unsigned long long>(char const*)
 .text._ZN22ArduinoJson6130_10000116JsonDeserializerINS_6ReaderI6StringvEENS_12StringCopierEE17parseNumericValueERNS_11VariantDataE
                0x000000000000135c       0xc8 .pio/build/lplm4f120h5qr/src/MqttSerial.cpp.o
                0x000000000000135c                ArduinoJson6130_100001::JsonDeserializer<ArduinoJson6130_100001::Reader<String, void>, ArduinoJson6130_100001::StringCopier>::parseNumericValue(ArduinoJson6130_100001::VariantData&)
 .text._ZN22ArduinoJson6130_10000116JsonDeserializerINS_6ReaderI6StringvEENS_12StringCopierEE12parseVariantERNS_11VariantDataE
                0x0000000000001424       0xba .pio/build/lplm4f120h5qr/src/MqttSerial.cpp.o
                0x0000000000001424                ArduinoJson6130_100001::JsonDeserializer<ArduinoJson6130_100001::Reader<String, void>, ArduinoJson6130_100001::StringCopier>::parseVariant(ArduinoJson6130_100001::VariantData&)
 .text._ZN22ArduinoJson6130_10000116JsonDeserializerINS_6ReaderI6StringvEENS_12StringCopierEE10parseArrayERNS_14CollectionDataE
                0x00000000000014de       0xcc .pio/build/lplm4f120h5qr/src/MqttSerial.cpp.o
                0x00000000000014de                ArduinoJson6130_100001::JsonDeserializer<ArduinoJson6130_100001::Reader<String, void>, ArduinoJson6130_100001::StringCopier>::parseArray(ArduinoJson6130_100001::CollectionData&)
 .text._ZN22ArduinoJson6130_10000116JsonDeserializerINS_6ReaderI6StringvEENS_12StringCopierEE11parseObjectERNS_14CollectionDataE
                0x00000000000015aa      0x17a .pio/build/lplm4f120h5qr/src/MqttSerial.cpp.o
                0x00000000000015aa                ArduinoJson6130_100001::JsonDeserializer<ArduinoJson6130_100001::Reader<String, void>, ArduinoJson6130_100001::StringCopier>::parseObject(ArduinoJson6130_100001::CollectionData&)
 .text._ZN22ArduinoJson6130_10000113TextFormatterINS_6WriterI6StringvEEE8writeRawEPKc
                0x0000000000001724       0x1e .pio/build/lplm4f120h5qr/src/MqttSerial.cpp.o
                0x0000000000001724                ArduinoJson6130_100001::TextFormatter<ArduinoJson6130_100001::Writer<String, void> >::writeRaw(char const*)
 .text._ZN22ArduinoJson6130_10000113TextFormatterINS_6WriterI6StringvEEE8writeRawEc
                0x0000000000001742       0x12 .pio/build/lplm4f120h5qr/src/MqttSerial.cpp.o
                0x0000000000001742                ArduinoJson6130_100001::TextFormatter<ArduinoJson6130_100001::Writer<String, void> >::writeRaw(char)
 .text._ZN22ArduinoJson6130_10000113TextFormatterINS_6WriterI6StringvEEE11writeStringEPKc
                0x0000000000001754       0x5c .pio/build/lplm4f120h5qr/src/MqttSerial.cpp.o
                0x0000000000001754                ArduinoJson6130_100001::TextFormatter<ArduinoJson6130_100001::Writer<String, void> >::writeString(char const*)
 .text._ZN22ArduinoJson6130_10000110FloatPartsIfEC2Ef
                0x00000000000017b0      0x178 .pio/build/lplm4f120h5qr/src/MqttSerial.cpp.o
                0x00000000000017b0                ArduinoJson6130_100001::FloatParts<float>::FloatParts(float)
                0x00000000000017b0                ArduinoJson6130_100001::FloatParts<float>::FloatParts(float)
 .text._ZN22ArduinoJson6130_10000113TextFormatterINS_6WriterI6StringvEEE8writeRawEPKcS6_
                0x0000000000001928       0x12 .pio/build/lplm4f120h5qr/src/MqttSerial.cpp.o
                0x0000000000001928                ArduinoJson6130_100001::TextFormatter<ArduinoJson6130_100001::Writer<String, void> >::writeRaw(char const*, char const*)
 *fill*         0x000000000000193a        0x2 
 .text._ZN22ArduinoJson6130_10000113TextFormatterINS_6WriterI6StringvEEE10writeFloatIfEEvT_
                0x000000000000193c      0x134 .pio/build/lplm4f120h5qr/src/MqttSerial.cpp.o
                0x000000000000193c                void ArduinoJson6130_100001::TextFormatter<ArduinoJson6130_100001::Writer<String, void> >::writeFloat<float>(float)
 .text._ZN22ArduinoJson6130_10000113TextFormatterINS_6WriterI6StringvEEE20writePositiveIntegerIyEEvT_
                0x0000000000001a70       0x4c .pio/build/lplm4f120h5qr/src/MqttSerial.cpp.o
                0x0000000000001a70                void ArduinoJson6130_100001::TextFormatter<ArduinoJson6130_100001::Writer<String, void> >::writePositiveInteger<unsigned long long>(unsigned long long)
 .text._ZNK22ArduinoJson6130_10000111VariantData6acceptINS_14JsonSerializerINS_6WriterI6StringvEEEEEEvRT_
                0x0000000000001abc      0x118 .pio/build/lplm4f120h5qr/src/MqttSerial.cpp.o
                0x0000000000001abc                void ArduinoJson6130_100001::VariantData::accept<ArduinoJson6130_100001::JsonSerializer<ArduinoJson6130_100001::Writer<String, void> > >(ArduinoJson6130_100001::JsonSerializer<ArduinoJson6130_100001::Writer<String, void> >&) const
 .text._ZN22ArduinoJson6130_10000113variantAcceptINS_14JsonSerializerINS_6WriterI6StringvEEEEEEvPKNS_11VariantDataERT_
                0x0000000000001bd4       0x18 .pio/build/lplm4f120h5qr/src/MqttSerial.cpp.o
                0x0000000000001bd4                void ArduinoJson6130_100001::variantAccept<ArduinoJson6130_100001::JsonSerializer<ArduinoJson6130_100001::Writer<String, void> > >(ArduinoJson6130_100001::VariantData const*, ArduinoJson6130_100001::JsonSerializer<ArduinoJson6130_100001::Writer<String, void> >&)
 .text._ZN22ArduinoJson6130_1000019variantAsI6StringEENS_9enable_ifIXsrNS_17IsWriteableStringIT_EE5valueES4_E4typeEPKNS_11VariantDataE
                0x0000000000001bec       0x50 .pio/build/lplm4f120h5qr/src/MqttSerial.cpp.o
                0x0000000000001bec                ArduinoJson6130_100001::enable_if<ArduinoJson6130_100001::IsWriteableString<String>::value, String>::type ArduinoJson6130_100001::variantAs<String>(ArduinoJson6130_100001::VariantData const*)
 .text._ZNKSt8functionIFvRK8TimerMsgEEclES2_
                0x0000000000001c3c       0x10 .pio/build/lplm4f120h5qr/src/MqttSerial.cpp.o
                0x0000000000001c3c                std::function<void (TimerMsg const&)>::operator()(TimerMsg const&) const
 .text._ZN4SinkI8TimerMsgLi3EE2onERKS0_
                0x0000000000001c4c       0x24 .pio/build/lplm4f120h5qr/src/MqttSerial.cpp.o
                0x0000000000001c4c                Sink<TimerMsg, 3>::on(TimerMsg const&)
 .text._ZNSt6vectorIP10SubscriberIbESaIS2_EE19_M_emplace_back_auxIIRKS2_EEEvDpOT_
                0x0000000000001c70       0x72 .pio/build/lplm4f120h5qr/src/MqttSerial.cpp.o
                0x0000000000001c70                void std::vector<Subscriber<bool>*, std::allocator<Subscriber<bool>*> >::_M_emplace_back_aux<Subscriber<bool>* const&>(Subscriber<bool>* const&)
                0x0000000000001c70                void std::vector<Subscriber<bool>*, std::allocator<Subscriber<bool>*> >::_M_emplace_back_aux<Subscriber<bool>* const&>(Subscriber<bool>* const&)
 .text._ZN6SourceIbE9subscribeEP10SubscriberIbE
                0x0000000000001ce2       0x26 .pio/build/lplm4f120h5qr/src/MqttSerial.cpp.o
                0x0000000000001ce2                Source<bool>::subscribe(Subscriber<bool>*)
 .text._ZNSt6vectorIP10SubscriberI11MqttMessageESaIS3_EE19_M_emplace_back_auxIIRKS3_EEEvDpOT_
                0x0000000000001d08       0x72 .pio/build/lplm4f120h5qr/src/MqttSerial.cpp.o
                0x0000000000001d08                void std::vector<Subscriber<MqttMessage>*, std::allocator<Subscriber<MqttMessage>*> >::_M_emplace_back_aux<Subscriber<MqttMessage>* const&>(Subscriber<MqttMessage>* const&)
                0x0000000000001d08                void std::vector<Subscriber<MqttMessage>*, std::allocator<Subscriber<MqttMessage>*> >::_M_emplace_back_aux<Subscriber<MqttMessage>* const&>(Subscriber<MqttMessage>* const&)
 .text._ZN6SourceI11MqttMessageE9subscribeEP10SubscriberIS0_E
                0x0000000000001d7a       0x26 .pio/build/lplm4f120h5qr/src/MqttSerial.cpp.o
                0x0000000000001d7a                Source<MqttMessage>::subscribe(Subscriber<MqttMessage>*)
 .text._ZNSt6vectorIP10SubscriberI8TimerMsgESaIS3_EE19_M_emplace_back_auxIIRKS3_EEEvDpOT_
                0x0000000000001da0       0x70 .pio/build/lplm4f120h5qr/src/MqttSerial.cpp.o
                0x0000000000001da0                void std::vector<Subscriber<TimerMsg>*, std::allocator<Subscriber<TimerMsg>*> >::_M_emplace_back_aux<Subscriber<TimerMsg>* const&>(Subscriber<TimerMsg>* const&)
                0x0000000000001da0                void std::vector<Subscriber<TimerMsg>*, std::allocator<Subscriber<TimerMsg>*> >::_M_emplace_back_aux<Subscriber<TimerMsg>* const&>(Subscriber<TimerMsg>* const&)
 .text._ZN6SourceI8TimerMsgE9subscribeEP10SubscriberIS0_E
                0x0000000000001e10       0x26 .pio/build/lplm4f120h5qr/src/MqttSerial.cpp.o
                0x0000000000001e10                Source<TimerMsg>::subscribe(Subscriber<TimerMsg>*)
 *fill*         0x0000000000001e36        0x2 
 .text._ZZN4SinkI11MqttMessageLi5EEC1EvENKUlRKS0_E_clES3_
                0x0000000000001e38       0x58 .pio/build/lplm4f120h5qr/src/MqttSerial.cpp.o
                0x0000000000001e38                Sink<MqttMessage, 5>::Sink()::{lambda(MqttMessage const&)#1}::operator()(MqttMessage const&) const
 .text._ZNSt17_Function_handlerIFvRK11MqttMessageEZN4SinkIS0_Li5EEC1EvEUlS2_E_E9_M_invokeERKSt9_Any_dataS2_
                0x0000000000001e90        0xa .pio/build/lplm4f120h5qr/src/MqttSerial.cpp.o
                0x0000000000001e90                std::_Function_handler<void (MqttMessage const&), Sink<MqttMessage, 5>::Sink()::{lambda(MqttMessage const&)#1}>::_M_invoke(std::_Any_data const&, MqttMessage const&)
 .text._ZZN4SinkI11MqttMessageLi5EEC1EvENUlRKS0_E_4_FUNES3_
                0x0000000000001e9a        0xc .pio/build/lplm4f120h5qr/src/MqttSerial.cpp.o
                0x0000000000001e9a                Sink<MqttMessage, 5>::Sink()::{lambda(MqttMessage const&)#1}::_FUN(MqttMessage const&)
 *fill*         0x0000000000001ea6        0x2 
 .text._ZZN4SinkI11MqttMessageLi10EEC1EvENKUlRKS0_E_clES3_
                0x0000000000001ea8       0x58 .pio/build/lplm4f120h5qr/src/MqttSerial.cpp.o
                0x0000000000001ea8                Sink<MqttMessage, 10>::Sink()::{lambda(MqttMessage const&)#1}::operator()(MqttMessage const&) const
 .text._ZNSt17_Function_handlerIFvRK11MqttMessageEZN4SinkIS0_Li10EEC1EvEUlS2_E_E9_M_invokeERKSt9_Any_dataS2_
                0x0000000000001f00        0xa .pio/build/lplm4f120h5qr/src/MqttSerial.cpp.o
                0x0000000000001f00                std::_Function_handler<void (MqttMessage const&), Sink<MqttMessage, 10>::Sink()::{lambda(MqttMessage const&)#1}>::_M_invoke(std::_Any_data const&, MqttMessage const&)
 .text._ZZN4SinkI11MqttMessageLi10EEC1EvENUlRKS0_E_4_FUNES3_
                0x0000000000001f0a        0xc .pio/build/lplm4f120h5qr/src/MqttSerial.cpp.o
                0x0000000000001f0a                Sink<MqttMessage, 10>::Sink()::{lambda(MqttMessage const&)#1}::_FUN(MqttMessage const&)
 *fill*         0x0000000000001f16        0x2 
 .text._ZZN4SinkI8TimerMsgLi3EEC1EvENKUlRKS0_E_clES3_
                0x0000000000001f18       0x58 .pio/build/lplm4f120h5qr/src/MqttSerial.cpp.o
                0x0000000000001f18                Sink<TimerMsg, 3>::Sink()::{lambda(TimerMsg const&)#1}::operator()(TimerMsg const&) const
 .text._ZNSt17_Function_handlerIFvRK8TimerMsgEZN4SinkIS0_Li3EEC1EvEUlS2_E_E9_M_invokeERKSt9_Any_dataS2_
                0x0000000000001f70        0xa .pio/build/lplm4f120h5qr/src/MqttSerial.cpp.o
                0x0000000000001f70                std::_Function_handler<void (TimerMsg const&), Sink<TimerMsg, 3>::Sink()::{lambda(TimerMsg const&)#1}>::_M_invoke(std::_Any_data const&, TimerMsg const&)
 .text._ZZN4SinkI8TimerMsgLi3EEC1EvENUlRKS0_E_4_FUNES3_
                0x0000000000001f7a        0xc .pio/build/lplm4f120h5qr/src/MqttSerial.cpp.o
                0x0000000000001f7a                Sink<TimerMsg, 3>::Sink()::{lambda(TimerMsg const&)#1}::_FUN(TimerMsg const&)
 *fill*         0x0000000000001f86        0x2 
 .text._ZN10MqttSerial4initEv
                0x0000000000001f88      0x134 .pio/build/lplm4f120h5qr/src/MqttSerial.cpp.o
                0x0000000000001f88                MqttSerial::init()
 .text._ZN10MqttSerial9rxdSerialER6String
                0x00000000000020bc      0x130 .pio/build/lplm4f120h5qr/src/MqttSerial.cpp.o
                0x00000000000020bc                MqttSerial::rxdSerial(String&)
 .text._ZN10MqttSerial16handleSerialByteEh
                0x00000000000021ec       0x3c .pio/build/lplm4f120h5qr/src/MqttSerial.cpp.o
                0x00000000000021ec                MqttSerial::handleSerialByte(unsigned char)
 .text._ZN10MqttSerial5onRxdEPv
                0x0000000000002228       0x50 .pio/build/lplm4f120h5qr/src/MqttSerial.cpp.o
                0x0000000000002228                MqttSerial::onRxd(void*)
 .text._ZN10MqttSerial9txdSerialERN22ArduinoJson6130_10000112JsonDocumentE
                0x0000000000002278       0x44 .pio/build/lplm4f120h5qr/src/MqttSerial.cpp.o
                0x0000000000002278                MqttSerial::txdSerial(ArduinoJson6130_100001::JsonDocument&)
 .text._ZN10MqttSerial7publishER6StringS0_
                0x00000000000022bc       0x60 .pio/build/lplm4f120h5qr/src/MqttSerial.cpp.o
                0x00000000000022bc                MqttSerial::publish(String&, String)
 .text._ZNSt17_Function_handlerIFvRK11MqttMessageEZN10MqttSerial4initEvEUlS2_E_E9_M_invokeERKSt9_Any_dataS2_
                0x000000000000231c       0x4c .pio/build/lplm4f120h5qr/src/MqttSerial.cpp.o
 .text._ZN10MqttSerial9subscribeER6String
                0x0000000000002368       0x4e .pio/build/lplm4f120h5qr/src/MqttSerial.cpp.o
                0x0000000000002368                MqttSerial::subscribe(String&)
 *fill*         0x00000000000023b6        0x2 
 .text._ZN10MqttSerial2onERK8TimerMsg
                0x00000000000023b8      0x128 .pio/build/lplm4f120h5qr/src/MqttSerial.cpp.o
                0x00000000000023b8                MqttSerial::on(TimerMsg const&)
 .text._ZN4SinkI8TimerMsgLi3EE6invokeEv
                0x00000000000024e0       0x78 .pio/build/lplm4f120h5qr/src/MqttSerial.cpp.o
                0x00000000000024e0                Sink<TimerMsg, 3>::invoke()
                0x0000000000002550                non-virtual thunk to Sink<TimerMsg, 3>::invoke()
 .text._ZN4SinkI11MqttMessageLi10EE6invokeEv
                0x0000000000002558       0x78 .pio/build/lplm4f120h5qr/src/MqttSerial.cpp.o
                0x0000000000002558                Sink<MqttMessage, 10>::invoke()
                0x00000000000025c8                non-virtual thunk to Sink<MqttMessage, 10>::invoke()
 .text._ZN4SinkI11MqttMessageLi5EE6invokeEv
                0x00000000000025d0       0x78 .pio/build/lplm4f120h5qr/src/MqttSerial.cpp.o
                0x00000000000025d0                Sink<MqttMessage, 5>::invoke()
                0x0000000000002640                non-virtual thunk to Sink<MqttMessage, 5>::invoke()
 .text._ZN6Thread11createQueueEv
                0x0000000000002648        0x2 .pio/build/lplm4f120h5qr/src/NanoAkka.cpp.o
                0x0000000000002648                Thread::createQueue()
 *fill*         0x000000000000264a        0x2 
 .text._ZN6Thread7enqueueEP7Invoker
                0x000000000000264c       0x48 .pio/build/lplm4f120h5qr/src/NanoAkka.cpp.o
                0x000000000000264c                Thread::enqueue(Invoker*)
 .text._ZN6Thread4loopEv
                0x0000000000002694      0x1a8 .pio/build/lplm4f120h5qr/src/NanoAkka.cpp.o
                0x0000000000002694                Thread::loop()
 .text._ZN3Sys6millisEv
                0x000000000000283c        0xa .pio/build/lplm4f120h5qr/src/Sys.cpp.o
                0x000000000000283c                Sys::millis()
 *fill*         0x0000000000002846        0x2 
 .text._ZN3Sys3cpuEv
                0x0000000000002848        0x8 .pio/build/lplm4f120h5qr/src/Sys.cpp.o
                0x0000000000002848                Sys::cpu()
 .text._ZN3Sys5boardEv
                0x0000000000002850        0x8 .pio/build/lplm4f120h5qr/src/Sys.cpp.o
                0x0000000000002850                Sys::board()
 .text._ZN3Sys3nowEv
                0x0000000000002858       0x1c .pio/build/lplm4f120h5qr/src/Sys.cpp.o
                0x0000000000002858                Sys::now()
 .text._ZN3Sys8hostnameEPKc
                0x0000000000002874       0x10 .pio/build/lplm4f120h5qr/src/Sys.cpp.o
                0x0000000000002874                Sys::hostname(char const*)
 .text._ZN3Sys8hostnameEv
                0x0000000000002884        0x8 .pio/build/lplm4f120h5qr/src/Sys.cpp.o
                0x0000000000002884                Sys::hostname()
 .text._ZN10SubscriberIbED2Ev
                0x000000000000288c        0xc .pio/build/lplm4f120h5qr/src/main.cpp.o
                0x000000000000288c                Subscriber<bool>::~Subscriber()
                0x000000000000288c                Subscriber<bool>::~Subscriber()
 .text._ZNSt17_Function_handlerIFvRKbEZN10LedBlinkerC1ER6ThreadmmEUlbE_E9_M_invokeERKSt9_Any_dataS1_
                0x0000000000002898       0x16 .pio/build/lplm4f120h5qr/src/main.cpp.o
 *fill*         0x00000000000028ae        0x2 
 .text._ZN10SubscriberIiED2Ev
                0x00000000000028b0        0xc .pio/build/lplm4f120h5qr/src/main.cpp.o
                0x00000000000028b0                Subscriber<int>::~Subscriber()
                0x00000000000028b0                Subscriber<int>::~Subscriber()
 .text._ZNSt17_Function_handlerIFvRKbEZN6PollerC1ER6ThreadEUlS1_E_E9_M_invokeERKSt9_Any_dataS1_
                0x00000000000028bc        0xc .pio/build/lplm4f120h5qr/src/main.cpp.o
                0x00000000000028bc                std::_Function_handler<void (bool const&), Poller::Poller(Thread&)::{lambda(bool const&)#1}>::_M_invoke(std::_Any_data const&, bool const&)
 .text._ZN10SubscriberImED2Ev
                0x00000000000028c8        0xc .pio/build/lplm4f120h5qr/src/main.cpp.o
                0x00000000000028c8                Subscriber<unsigned long>::~Subscriber()
                0x00000000000028c8                Subscriber<unsigned long>::~Subscriber()
 .text._ZN10SubscriberIyED2Ev
                0x00000000000028d4        0xc .pio/build/lplm4f120h5qr/src/main.cpp.o
                0x00000000000028d4                Subscriber<unsigned long long>::~Subscriber()
                0x00000000000028d4                Subscriber<unsigned long long>::~Subscriber()
 .text._ZN10SubscriberIPKcED2Ev
                0x00000000000028e0        0xc .pio/build/lplm4f120h5qr/src/main.cpp.o
                0x00000000000028e0                Subscriber<char const*>::~Subscriber()
                0x00000000000028e0                Subscriber<char const*>::~Subscriber()
 .text._ZN6ToMqttIPKcE7requestEv
                0x00000000000028ec        0x8 .pio/build/lplm4f120h5qr/src/main.cpp.o
                0x00000000000028ec                ToMqtt<char const*>::request()
                0x00000000000028ee                non-virtual thunk to ToMqtt<char const*>::request()
 .text._ZN10LambdaFlowIPKc11MqttMessageE7requestEv
                0x00000000000028f4        0x8 .pio/build/lplm4f120h5qr/src/main.cpp.o
                0x00000000000028f4                LambdaFlow<char const*, MqttMessage>::request()
                0x00000000000028f6                non-virtual thunk to LambdaFlow<char const*, MqttMessage>::request()
 .text._ZN6ToMqttIyE7requestEv
                0x00000000000028fc        0x8 .pio/build/lplm4f120h5qr/src/main.cpp.o
                0x00000000000028fc                ToMqtt<unsigned long long>::request()
                0x00000000000028fe                non-virtual thunk to ToMqtt<unsigned long long>::request()
 .text._ZN10LambdaFlowIy11MqttMessageE7requestEv
                0x0000000000002904        0x8 .pio/build/lplm4f120h5qr/src/main.cpp.o
                0x0000000000002904                LambdaFlow<unsigned long long, MqttMessage>::request()
                0x0000000000002906                non-virtual thunk to LambdaFlow<unsigned long long, MqttMessage>::request()
 .text._ZN6ToMqttImE7requestEv
                0x000000000000290c        0x8 .pio/build/lplm4f120h5qr/src/main.cpp.o
                0x000000000000290c                ToMqtt<unsigned long>::request()
                0x000000000000290e                non-virtual thunk to ToMqtt<unsigned long>::request()
 .text._ZN10LambdaFlowIm11MqttMessageE7requestEv
                0x0000000000002914        0x8 .pio/build/lplm4f120h5qr/src/main.cpp.o
                0x0000000000002914                LambdaFlow<unsigned long, MqttMessage>::request()
                0x0000000000002916                non-virtual thunk to LambdaFlow<unsigned long, MqttMessage>::request()
 .text._ZN6ToMqttIbE7requestEv
                0x000000000000291c        0x8 .pio/build/lplm4f120h5qr/src/main.cpp.o
                0x000000000000291c                ToMqtt<bool>::request()
                0x000000000000291e                non-virtual thunk to ToMqtt<bool>::request()
 .text._ZN10LambdaFlowIb11MqttMessageE7requestEv
                0x0000000000002924        0x8 .pio/build/lplm4f120h5qr/src/main.cpp.o
                0x0000000000002924                LambdaFlow<bool, MqttMessage>::request()
                0x0000000000002926                non-virtual thunk to LambdaFlow<bool, MqttMessage>::request()
 .text._ZN4SinkI8TimerMsgLi2EE7requestEv
                0x000000000000292c        0xa .pio/build/lplm4f120h5qr/src/main.cpp.o
                0x000000000000292c                Sink<TimerMsg, 2>::request()
 .text._ZN4SinkIiLi4EE7requestEv
                0x0000000000002936        0xa .pio/build/lplm4f120h5qr/src/main.cpp.o
                0x0000000000002936                Sink<int, 4>::request()
 .text._ZN4SinkIbLi2EE7requestEv
                0x0000000000002940        0xa .pio/build/lplm4f120h5qr/src/main.cpp.o
                0x0000000000002940                Sink<bool, 2>::request()
 .text._ZNSt17_Function_handlerIFyvEUlvE0_E9_M_invokeERKSt9_Any_data
                0x000000000000294a        0x4 .pio/build/lplm4f120h5qr/src/main.cpp.o
 *fill*         0x000000000000294e        0x2 
 .text._ZN10SubscriberIbED0Ev
                0x0000000000002950       0x14 .pio/build/lplm4f120h5qr/src/main.cpp.o
                0x0000000000002950                Subscriber<bool>::~Subscriber()
 .text._ZN10SubscriberIiED0Ev
                0x0000000000002964       0x14 .pio/build/lplm4f120h5qr/src/main.cpp.o
                0x0000000000002964                Subscriber<int>::~Subscriber()
 .text._ZN10SubscriberImED0Ev
                0x0000000000002978       0x14 .pio/build/lplm4f120h5qr/src/main.cpp.o
                0x0000000000002978                Subscriber<unsigned long>::~Subscriber()
 .text._ZN10SubscriberIyED0Ev
                0x000000000000298c       0x14 .pio/build/lplm4f120h5qr/src/main.cpp.o
                0x000000000000298c                Subscriber<unsigned long long>::~Subscriber()
 .text._ZN10SubscriberIPKcED0Ev
                0x00000000000029a0       0x14 .pio/build/lplm4f120h5qr/src/main.cpp.o
                0x00000000000029a0                Subscriber<char const*>::~Subscriber()
 .text._ZN10LedBlinker2onERK8TimerMsg
                0x00000000000029b4       0x1e .pio/build/lplm4f120h5qr/src/main.cpp.o
                0x00000000000029b4                LedBlinker::on(TimerMsg const&)
 .text._ZNSt17_Function_handlerIFPKcvEUlvE1_E9_M_invokeERKSt9_Any_data
                0x00000000000029d2        0x4 .pio/build/lplm4f120h5qr/src/main.cpp.o
 .text._ZNSt17_Function_handlerIFPKcvEUlvE2_E9_M_invokeERKSt9_Any_data
                0x00000000000029d6        0x4 .pio/build/lplm4f120h5qr/src/main.cpp.o
 .text._ZNSt17_Function_handlerIFPKcvEUlvE3_E9_M_invokeERKSt9_Any_data
                0x00000000000029da        0x4 .pio/build/lplm4f120h5qr/src/main.cpp.o
 .text._ZNSt14_Function_base13_Base_managerIZN10LedBlinkerC1ER6ThreadmmEUlbE_E10_M_managerERSt9_Any_dataRKS6_St18_Manager_operation
                0x00000000000029de       0x30 .pio/build/lplm4f120h5qr/src/main.cpp.o
 .text._ZNSt14_Function_base13_Base_managerIZ5setupEUlPKcE_E10_M_managerERSt9_Any_dataRKS5_St18_Manager_operation
                0x0000000000002a0e       0x2a .pio/build/lplm4f120h5qr/src/main.cpp.o
 .text._ZNSt14_Function_base13_Base_managerIUlvE_E10_M_managerERSt9_Any_dataRKS3_St18_Manager_operation
                0x0000000000002a38       0x2a .pio/build/lplm4f120h5qr/src/main.cpp.o
 .text._ZNSt14_Function_base13_Base_managerIUlvE0_E10_M_managerERSt9_Any_dataRKS3_St18_Manager_operation
                0x0000000000002a62       0x2a .pio/build/lplm4f120h5qr/src/main.cpp.o
 .text._ZNSt14_Function_base13_Base_managerIUlvE1_E10_M_managerERSt9_Any_dataRKS3_St18_Manager_operation
                0x0000000000002a8c       0x2a .pio/build/lplm4f120h5qr/src/main.cpp.o
 .text._ZNSt14_Function_base13_Base_managerIUlvE2_E10_M_managerERSt9_Any_dataRKS3_St18_Manager_operation
                0x0000000000002ab6       0x2a .pio/build/lplm4f120h5qr/src/main.cpp.o
 .text._ZNSt14_Function_base13_Base_managerIUlvE3_E10_M_managerERSt9_Any_dataRKS3_St18_Manager_operation
                0x0000000000002ae0       0x2a .pio/build/lplm4f120h5qr/src/main.cpp.o
 *fill*         0x0000000000002b0a        0x2 
 .text._ZN6Button4initEv.isra.52
                0x0000000000002b0c       0x38 .pio/build/lplm4f120h5qr/src/main.cpp.o
 .text._ZNSt17_Function_handlerIFvRK8TimerMsgEZN6PollerC1ER6ThreadEUlS0_E0_E9_M_invokeERKSt9_Any_dataS2_
                0x0000000000002b44       0x30 .pio/build/lplm4f120h5qr/src/main.cpp.o
                0x0000000000002b44                std::_Function_handler<void (TimerMsg const&), Poller::Poller(Thread&)::{lambda(TimerMsg)#2}>::_M_invoke(std::_Any_data const&, TimerMsg const&)
 .text._ZN10ArrayQueueIbLi2EE4pushERKb
                0x0000000000002b74       0x5c .pio/build/lplm4f120h5qr/src/main.cpp.o
                0x0000000000002b74                ArrayQueue<bool, 2>::push(bool const&)
 .text._ZNSt14_Function_base13_Base_managerIZN6PingerC1ER6ThreadEUlRKiE_E10_M_managerERSt9_Any_dataRKS8_St18_Manager_operation
                0x0000000000002bd0       0x30 .pio/build/lplm4f120h5qr/src/main.cpp.o
                0x0000000000002bd0                std::_Function_base::_Base_manager<Pinger::Pinger(Thread&)::{lambda(int const&)#1}>::_M_manager(std::_Any_data&, std::_Function_base::_Base_manager<Pinger::Pinger(Thread&)::{lambda(int const&)#1}> const&, std::_Manager_operation)
 .text._ZNSt14_Function_base13_Base_managerIZN4EchoC1ER6ThreadEUlRKiE_E10_M_managerERSt9_Any_dataRKS8_St18_Manager_operation
                0x0000000000002c00       0x30 .pio/build/lplm4f120h5qr/src/main.cpp.o
                0x0000000000002c00                std::_Function_base::_Base_manager<Echo::Echo(Thread&)::{lambda(int const&)#1}>::_M_manager(std::_Any_data&, std::_Function_base::_Base_manager<Echo::Echo(Thread&)::{lambda(int const&)#1}> const&, std::_Manager_operation)
 .text._ZNSt14_Function_base13_Base_managerIZN6PollerC1ER6ThreadEUlRKbE_E10_M_managerERSt9_Any_dataRKS8_St18_Manager_operation
                0x0000000000002c30       0x30 .pio/build/lplm4f120h5qr/src/main.cpp.o
                0x0000000000002c30                std::_Function_base::_Base_manager<Poller::Poller(Thread&)::{lambda(bool const&)#1}>::_M_manager(std::_Any_data&, std::_Function_base::_Base_manager<Poller::Poller(Thread&)::{lambda(bool const&)#1}> const&, std::_Manager_operation)
 .text._ZNSt14_Function_base13_Base_managerIZN6PollerC1ER6ThreadEUl8TimerMsgE0_E10_M_managerERSt9_Any_dataRKS7_St18_Manager_operation
                0x0000000000002c60       0x30 .pio/build/lplm4f120h5qr/src/main.cpp.o
                0x0000000000002c60                std::_Function_base::_Base_manager<Poller::Poller(Thread&)::{lambda(TimerMsg)#2}>::_M_manager(std::_Any_data&, std::_Function_base::_Base_manager<Poller::Poller(Thread&)::{lambda(TimerMsg)#2}> const&, std::_Manager_operation)
 .text._ZNSt14_Function_base13_Base_managerIZN4SinkI8TimerMsgLi2EEC1EvEUlRKS2_E_E10_M_managerERSt9_Any_dataRKS8_St18_Manager_operation
                0x0000000000002c90       0x2a .pio/build/lplm4f120h5qr/src/main.cpp.o
                0x0000000000002c90                std::_Function_base::_Base_manager<Sink<TimerMsg, 2>::Sink()::{lambda(TimerMsg const&)#1}>::_M_manager(std::_Any_data&, std::_Function_base::_Base_manager<Sink<TimerMsg, 2>::Sink()::{lambda(TimerMsg const&)#1}> const&, std::_Manager_operation)
 .text._ZNSt14_Function_base13_Base_managerIZN4SinkIbLi2EEC1EvEUlRKbE_E10_M_managerERSt9_Any_dataRKS7_St18_Manager_operation
                0x0000000000002cba       0x2a .pio/build/lplm4f120h5qr/src/main.cpp.o
                0x0000000000002cba                std::_Function_base::_Base_manager<Sink<bool, 2>::Sink()::{lambda(bool const&)#1}>::_M_manager(std::_Any_data&, std::_Function_base::_Base_manager<Sink<bool, 2>::Sink()::{lambda(bool const&)#1}> const&, std::_Manager_operation)
 .text._ZNSt14_Function_base13_Base_managerIZN4SinkIiLi4EEC1EvEUlRKiE_E10_M_managerERSt9_Any_dataRKS7_St18_Manager_operation
                0x0000000000002ce4       0x2a .pio/build/lplm4f120h5qr/src/main.cpp.o
                0x0000000000002ce4                std::_Function_base::_Base_manager<Sink<int, 4>::Sink()::{lambda(int const&)#1}>::_M_manager(std::_Any_data&, std::_Function_base::_Base_manager<Sink<int, 4>::Sink()::{lambda(int const&)#1}> const&, std::_Manager_operation)
 .text._ZNSt14_Function_base13_Base_managerIZN6ToMqttIbEC1E6StringEUlR11MqttMessageRKbE_E10_M_managerERSt9_Any_dataRKSA_St18_Manager_operation
                0x0000000000002d0e       0x30 .pio/build/lplm4f120h5qr/src/main.cpp.o
                0x0000000000002d0e                std::_Function_base::_Base_manager<ToMqtt<bool>::ToMqtt(String)::{lambda(MqttMessage&, bool const&)#1}>::_M_manager(std::_Any_data&, std::_Function_base::_Base_manager<ToMqtt<bool>::ToMqtt(String)::{lambda(MqttMessage&, bool const&)#1}> const&, std::_Manager_operation)
 .text._ZNSt14_Function_base13_Base_managerIZN6ToMqttImEC1E6StringEUlR11MqttMessageRKmE_E10_M_managerERSt9_Any_dataRKSA_St18_Manager_operation
                0x0000000000002d3e       0x30 .pio/build/lplm4f120h5qr/src/main.cpp.o
                0x0000000000002d3e                std::_Function_base::_Base_manager<ToMqtt<unsigned long>::ToMqtt(String)::{lambda(MqttMessage&, unsigned long const&)#1}>::_M_manager(std::_Any_data&, std::_Function_base::_Base_manager<ToMqtt<unsigned long>::ToMqtt(String)::{lambda(MqttMessage&, unsigned long const&)#1}> const&, std::_Manager_operation)
 .text._ZNSt14_Function_base13_Base_managerIZN6ToMqttIyEC1E6StringEUlR11MqttMessageRKyE_E10_M_managerERSt9_Any_dataRKSA_St18_Manager_operation
                0x0000000000002d6e       0x30 .pio/build/lplm4f120h5qr/src/main.cpp.o
                0x0000000000002d6e                std::_Function_base::_Base_manager<ToMqtt<unsigned long long>::ToMqtt(String)::{lambda(MqttMessage&, unsigned long long const&)#1}>::_M_manager(std::_Any_data&, std::_Function_base::_Base_manager<ToMqtt<unsigned long long>::ToMqtt(String)::{lambda(MqttMessage&, unsigned long long const&)#1}> const&, std::_Manager_operation)
 .text._ZNSt14_Function_base13_Base_managerIZN6ToMqttIPKcEC1E6StringEUlR11MqttMessageRKS3_E_E10_M_managerERSt9_Any_dataRKSC_St18_Manager_operation
                0x0000000000002d9e       0x30 .pio/build/lplm4f120h5qr/src/main.cpp.o
                0x0000000000002d9e                std::_Function_base::_Base_manager<ToMqtt<char const*>::ToMqtt(String)::{lambda(MqttMessage&, char const* const&)#1}>::_M_manager(std::_Any_data&, std::_Function_base::_Base_manager<ToMqtt<char const*>::ToMqtt(String)::{lambda(MqttMessage&, char const* const&)#1}> const&, std::_Manager_operation)
 *fill*         0x0000000000002dce        0x2 
 .text._ZN10ArrayQueueIbLi2EE3popERb
                0x0000000000002dd0       0x50 .pio/build/lplm4f120h5qr/src/main.cpp.o
                0x0000000000002dd0                ArrayQueue<bool, 2>::pop(bool&)
 .text._ZN10ArrayQueueIiLi4EE3popERi
                0x0000000000002e20       0x50 .pio/build/lplm4f120h5qr/src/main.cpp.o
                0x0000000000002e20                ArrayQueue<int, 4>::pop(int&)
 .text._ZN10ArrayQueueIiLi4EE4pushERKi
                0x0000000000002e70       0x5c .pio/build/lplm4f120h5qr/src/main.cpp.o
                0x0000000000002e70                ArrayQueue<int, 4>::push(int const&)
 .text._ZN10ArrayQueueI8TimerMsgLi2EE3popERS0_
                0x0000000000002ecc       0x50 .pio/build/lplm4f120h5qr/src/main.cpp.o
                0x0000000000002ecc                ArrayQueue<TimerMsg, 2>::pop(TimerMsg&)
 .text._ZN10ArrayQueueI8TimerMsgLi2EE4pushERKS0_
                0x0000000000002f1c       0x5c .pio/build/lplm4f120h5qr/src/main.cpp.o
                0x0000000000002f1c                ArrayQueue<TimerMsg, 2>::push(TimerMsg const&)
 .text._ZN10ArrayQueueIP7InvokerLi10EE3popERS1_
                0x0000000000002f78       0x44 .pio/build/lplm4f120h5qr/src/main.cpp.o
                0x0000000000002f78                ArrayQueue<Invoker*, 10>::pop(Invoker*&)
 .text._ZN10ArrayQueueIP7InvokerLi10EE4pushERKS1_
                0x0000000000002fbc       0x50 .pio/build/lplm4f120h5qr/src/main.cpp.o
                0x0000000000002fbc                ArrayQueue<Invoker*, 10>::push(Invoker* const&)
 .text._ZN6ThreadD2Ev
                0x000000000000300c       0x16 .pio/build/lplm4f120h5qr/src/main.cpp.o
                0x000000000000300c                Thread::~Thread()
                0x000000000000300c                Thread::~Thread()
 *fill*         0x0000000000003022        0x2 
 .text._ZN4FlowIbbED2Ev
                0x0000000000003024       0x2c .pio/build/lplm4f120h5qr/src/main.cpp.o
                0x0000000000003024                Flow<bool, bool>::~Flow()
                0x0000000000003024                Flow<bool, bool>::~Flow()
 .text._ZN4FlowIbbED0Ev
                0x0000000000003050       0x12 .pio/build/lplm4f120h5qr/src/main.cpp.o
                0x0000000000003050                Flow<bool, bool>::~Flow()
 *fill*         0x0000000000003062        0x2 
 .text._ZN9ValueFlowIbED2Ev
                0x0000000000003064       0x20 .pio/build/lplm4f120h5qr/src/main.cpp.o
                0x0000000000003064                ValueFlow<bool>::~ValueFlow()
                0x0000000000003064                ValueFlow<bool>::~ValueFlow()
 .text._ZN9ValueFlowIbED0Ev
                0x0000000000003084       0x12 .pio/build/lplm4f120h5qr/src/main.cpp.o
                0x0000000000003084                ValueFlow<bool>::~ValueFlow()
 *fill*         0x0000000000003096        0x2 
 .text._ZN6ButtonD2Ev
                0x0000000000003098       0x20 .pio/build/lplm4f120h5qr/src/main.cpp.o
                0x0000000000003098                Button::~Button()
                0x0000000000003098                Button::~Button()
 .text._ZN6ButtonD0Ev
                0x00000000000030b8       0x12 .pio/build/lplm4f120h5qr/src/main.cpp.o
                0x00000000000030b8                Button::~Button()
 *fill*         0x00000000000030ca        0x2 
 .text._ZN11ValueSourceIPKcED2Ev
                0x00000000000030cc       0x1c .pio/build/lplm4f120h5qr/src/main.cpp.o
                0x00000000000030cc                ValueSource<char const*>::~ValueSource()
                0x00000000000030cc                ValueSource<char const*>::~ValueSource()
 .text._ZN4SinkI8TimerMsgLi2EED2Ev
                0x00000000000030e8       0x24 .pio/build/lplm4f120h5qr/src/main.cpp.o
                0x00000000000030e8                Sink<TimerMsg, 2>::~Sink()
                0x00000000000030e8                Sink<TimerMsg, 2>::~Sink()
 .text._ZN4SinkI8TimerMsgLi2EED0Ev
                0x000000000000310c       0x12 .pio/build/lplm4f120h5qr/src/main.cpp.o
                0x000000000000310c                Sink<TimerMsg, 2>::~Sink()
 *fill*         0x000000000000311e        0x2 
 .text._ZN4SinkIbLi2EED2Ev
                0x0000000000003120       0x24 .pio/build/lplm4f120h5qr/src/main.cpp.o
                0x0000000000003120                Sink<bool, 2>::~Sink()
                0x0000000000003120                Sink<bool, 2>::~Sink()
 .text._ZN4SinkIbLi2EED0Ev
                0x0000000000003144       0x12 .pio/build/lplm4f120h5qr/src/main.cpp.o
                0x0000000000003144                Sink<bool, 2>::~Sink()
 *fill*         0x0000000000003156        0x2 
 .text._ZN10LedBlinkerD2Ev
                0x0000000000003158       0x38 .pio/build/lplm4f120h5qr/src/main.cpp.o
                0x0000000000003158                LedBlinker::~LedBlinker()
                0x0000000000003158                LedBlinker::~LedBlinker()
 .text._ZN10LedBlinkerD0Ev
                0x0000000000003190       0x12 .pio/build/lplm4f120h5qr/src/main.cpp.o
                0x0000000000003190                LedBlinker::~LedBlinker()
 *fill*         0x00000000000031a2        0x2 
 .text._ZN6PollerD2Ev
                0x00000000000031a4       0x3c .pio/build/lplm4f120h5qr/src/main.cpp.o
                0x00000000000031a4                Poller::~Poller()
                0x00000000000031a4                Poller::~Poller()
 .text._ZN6PollerD0Ev
                0x00000000000031e0       0x12 .pio/build/lplm4f120h5qr/src/main.cpp.o
                0x00000000000031e0                Poller::~Poller()
 *fill*         0x00000000000031f2        0x2 
 .text._ZN4SinkIiLi4EED2Ev
                0x00000000000031f4       0x24 .pio/build/lplm4f120h5qr/src/main.cpp.o
                0x00000000000031f4                Sink<int, 4>::~Sink()
                0x00000000000031f4                Sink<int, 4>::~Sink()
 .text._ZN4SinkIiLi4EED0Ev
                0x0000000000003218       0x12 .pio/build/lplm4f120h5qr/src/main.cpp.o
                0x0000000000003218                Sink<int, 4>::~Sink()
 *fill*         0x000000000000322a        0x2 
 .text._ZN18SubscriberFunctionIPKcED2Ev
                0x000000000000322c       0x20 .pio/build/lplm4f120h5qr/src/main.cpp.o
                0x000000000000322c                SubscriberFunction<char const*>::~SubscriberFunction()
                0x000000000000322c                SubscriberFunction<char const*>::~SubscriberFunction()
 .text._ZN18SubscriberFunctionIPKcED0Ev
                0x000000000000324c       0x12 .pio/build/lplm4f120h5qr/src/main.cpp.o
                0x000000000000324c                SubscriberFunction<char const*>::~SubscriberFunction()
 *fill*         0x000000000000325e        0x2 
 .text._ZN12LambdaSourceIPKcED2Ev
                0x0000000000003260       0x30 .pio/build/lplm4f120h5qr/src/main.cpp.o
                0x0000000000003260                LambdaSource<char const*>::~LambdaSource()
                0x0000000000003260                LambdaSource<char const*>::~LambdaSource()
 .text._ZN12LambdaSourceImED2Ev
                0x0000000000003290       0x30 .pio/build/lplm4f120h5qr/src/main.cpp.o
                0x0000000000003290                LambdaSource<unsigned long>::~LambdaSource()
                0x0000000000003290                LambdaSource<unsigned long>::~LambdaSource()
 .text._ZN12LambdaSourceIyED2Ev
                0x00000000000032c0       0x30 .pio/build/lplm4f120h5qr/src/main.cpp.o
                0x00000000000032c0                LambdaSource<unsigned long long>::~LambdaSource()
                0x00000000000032c0                LambdaSource<unsigned long long>::~LambdaSource()
 .text._ZN6SourceI11MqttMessageED2Ev
                0x00000000000032f0       0x1c .pio/build/lplm4f120h5qr/src/main.cpp.o
                0x00000000000032f0                Source<MqttMessage>::~Source()
                0x00000000000032f0                Source<MqttMessage>::~Source()
 .text._ZN4FlowIb11MqttMessageED2Ev
                0x000000000000330c       0x28 .pio/build/lplm4f120h5qr/src/main.cpp.o
                0x000000000000330c                Flow<bool, MqttMessage>::~Flow()
                0x000000000000330c                Flow<bool, MqttMessage>::~Flow()
 .text._ZN4FlowIb11MqttMessageED0Ev
                0x0000000000003334       0x12 .pio/build/lplm4f120h5qr/src/main.cpp.o
                0x0000000000003334                Flow<bool, MqttMessage>::~Flow()
 *fill*         0x0000000000003346        0x2 
 .text._ZN10LambdaFlowIb11MqttMessageED2Ev
                0x0000000000003348       0x28 .pio/build/lplm4f120h5qr/src/main.cpp.o
                0x0000000000003348                LambdaFlow<bool, MqttMessage>::~LambdaFlow()
                0x0000000000003348                LambdaFlow<bool, MqttMessage>::~LambdaFlow()
 .text._ZN10LambdaFlowIb11MqttMessageED0Ev
                0x0000000000003370       0x12 .pio/build/lplm4f120h5qr/src/main.cpp.o
                0x0000000000003370                LambdaFlow<bool, MqttMessage>::~LambdaFlow()
 *fill*         0x0000000000003382        0x2 
 .text._ZN6ToMqttIbED2Ev
                0x0000000000003384       0x28 .pio/build/lplm4f120h5qr/src/main.cpp.o
                0x0000000000003384                ToMqtt<bool>::~ToMqtt()
                0x0000000000003384                ToMqtt<bool>::~ToMqtt()
 .text._ZN6ToMqttIbED0Ev
                0x00000000000033ac       0x12 .pio/build/lplm4f120h5qr/src/main.cpp.o
                0x00000000000033ac                ToMqtt<bool>::~ToMqtt()
 *fill*         0x00000000000033be        0x2 
 .text._ZN4FlowIm11MqttMessageED2Ev
                0x00000000000033c0       0x28 .pio/build/lplm4f120h5qr/src/main.cpp.o
                0x00000000000033c0                Flow<unsigned long, MqttMessage>::~Flow()
                0x00000000000033c0                Flow<unsigned long, MqttMessage>::~Flow()
 .text._ZN4FlowIm11MqttMessageED0Ev
                0x00000000000033e8       0x12 .pio/build/lplm4f120h5qr/src/main.cpp.o
                0x00000000000033e8                Flow<unsigned long, MqttMessage>::~Flow()
 *fill*         0x00000000000033fa        0x2 
 .text._ZN10LambdaFlowIm11MqttMessageED2Ev
                0x00000000000033fc       0x28 .pio/build/lplm4f120h5qr/src/main.cpp.o
                0x00000000000033fc                LambdaFlow<unsigned long, MqttMessage>::~LambdaFlow()
                0x00000000000033fc                LambdaFlow<unsigned long, MqttMessage>::~LambdaFlow()
 .text._ZN10LambdaFlowIm11MqttMessageED0Ev
                0x0000000000003424       0x12 .pio/build/lplm4f120h5qr/src/main.cpp.o
                0x0000000000003424                LambdaFlow<unsigned long, MqttMessage>::~LambdaFlow()
 *fill*         0x0000000000003436        0x2 
 .text._ZN6ToMqttImED2Ev
                0x0000000000003438       0x28 .pio/build/lplm4f120h5qr/src/main.cpp.o
                0x0000000000003438                ToMqtt<unsigned long>::~ToMqtt()
                0x0000000000003438                ToMqtt<unsigned long>::~ToMqtt()
 .text._ZN6ToMqttImED0Ev
                0x0000000000003460       0x12 .pio/build/lplm4f120h5qr/src/main.cpp.o
                0x0000000000003460                ToMqtt<unsigned long>::~ToMqtt()
 *fill*         0x0000000000003472        0x2 
 .text._ZN4FlowIy11MqttMessageED2Ev
                0x0000000000003474       0x28 .pio/build/lplm4f120h5qr/src/main.cpp.o
                0x0000000000003474                Flow<unsigned long long, MqttMessage>::~Flow()
                0x0000000000003474                Flow<unsigned long long, MqttMessage>::~Flow()
 .text._ZN4FlowIy11MqttMessageED0Ev
                0x000000000000349c       0x12 .pio/build/lplm4f120h5qr/src/main.cpp.o
                0x000000000000349c                Flow<unsigned long long, MqttMessage>::~Flow()
 *fill*         0x00000000000034ae        0x2 
 .text._ZN10LambdaFlowIy11MqttMessageED2Ev
                0x00000000000034b0       0x28 .pio/build/lplm4f120h5qr/src/main.cpp.o
                0x00000000000034b0                LambdaFlow<unsigned long long, MqttMessage>::~LambdaFlow()
                0x00000000000034b0                LambdaFlow<unsigned long long, MqttMessage>::~LambdaFlow()
 .text._ZN10LambdaFlowIy11MqttMessageED0Ev
                0x00000000000034d8       0x12 .pio/build/lplm4f120h5qr/src/main.cpp.o
                0x00000000000034d8                LambdaFlow<unsigned long long, MqttMessage>::~LambdaFlow()
 *fill*         0x00000000000034ea        0x2 
 .text._ZN6ToMqttIyED2Ev
                0x00000000000034ec       0x28 .pio/build/lplm4f120h5qr/src/main.cpp.o
                0x00000000000034ec                ToMqtt<unsigned long long>::~ToMqtt()
                0x00000000000034ec                ToMqtt<unsigned long long>::~ToMqtt()
 .text._ZN6ToMqttIyED0Ev
                0x0000000000003514       0x12 .pio/build/lplm4f120h5qr/src/main.cpp.o
                0x0000000000003514                ToMqtt<unsigned long long>::~ToMqtt()
 *fill*         0x0000000000003526        0x2 
 .text._ZN4FlowIPKc11MqttMessageED2Ev
                0x0000000000003528       0x28 .pio/build/lplm4f120h5qr/src/main.cpp.o
                0x0000000000003528                Flow<char const*, MqttMessage>::~Flow()
                0x0000000000003528                Flow<char const*, MqttMessage>::~Flow()
 .text._ZN4FlowIPKc11MqttMessageED0Ev
                0x0000000000003550       0x12 .pio/build/lplm4f120h5qr/src/main.cpp.o
                0x0000000000003550                Flow<char const*, MqttMessage>::~Flow()
 *fill*         0x0000000000003562        0x2 
 .text._ZN10LambdaFlowIPKc11MqttMessageED2Ev
                0x0000000000003564       0x28 .pio/build/lplm4f120h5qr/src/main.cpp.o
                0x0000000000003564                LambdaFlow<char const*, MqttMessage>::~LambdaFlow()
                0x0000000000003564                LambdaFlow<char const*, MqttMessage>::~LambdaFlow()
 .text._ZN10LambdaFlowIPKc11MqttMessageED0Ev
                0x000000000000358c       0x12 .pio/build/lplm4f120h5qr/src/main.cpp.o
                0x000000000000358c                LambdaFlow<char const*, MqttMessage>::~LambdaFlow()
 *fill*         0x000000000000359e        0x2 
 .text._ZN6ToMqttIPKcED2Ev
                0x00000000000035a0       0x28 .pio/build/lplm4f120h5qr/src/main.cpp.o
                0x00000000000035a0                ToMqtt<char const*>::~ToMqtt()
                0x00000000000035a0                ToMqtt<char const*>::~ToMqtt()
 .text._ZN6ToMqttIPKcED0Ev
                0x00000000000035c8       0x12 .pio/build/lplm4f120h5qr/src/main.cpp.o
                0x00000000000035c8                ToMqtt<char const*>::~ToMqtt()
 .text._Z10freeMemoryv
                0x00000000000035da       0x14 .pio/build/lplm4f120h5qr/src/main.cpp.o
                0x00000000000035da                freeMemory()
 .text._ZNSt17_Function_handlerIFmvEUlvE_E9_M_invokeERKSt9_Any_data
                0x00000000000035ee        0x4 .pio/build/lplm4f120h5qr/src/main.cpp.o
 .text._ZN6Button8newValueEb
                0x00000000000035f2       0x22 .pio/build/lplm4f120h5qr/src/main.cpp.o
                0x00000000000035f2                Button::newValue(bool)
 .text._ZN6Button10isrButton2Ev
                0x0000000000003614       0x24 .pio/build/lplm4f120h5qr/src/main.cpp.o
                0x0000000000003614                Button::isrButton2()
 .text._ZN6Button10isrButton1Ev
                0x0000000000003638       0x24 .pio/build/lplm4f120h5qr/src/main.cpp.o
                0x0000000000003638                Button::isrButton1()
 .text._ZN11ValueSourceIiED2Ev
                0x000000000000365c       0x1c .pio/build/lplm4f120h5qr/src/main.cpp.o
                0x000000000000365c                ValueSource<int>::~ValueSource()
                0x000000000000365c                ValueSource<int>::~ValueSource()
 .text._ZN4EchoD2Ev
                0x0000000000003678       0x1e .pio/build/lplm4f120h5qr/src/main.cpp.o
                0x0000000000003678                Echo::~Echo()
                0x0000000000003678                Echo::~Echo()
 .text._ZN6PingerD2Ev
                0x0000000000003696       0x16 .pio/build/lplm4f120h5qr/src/main.cpp.o
                0x0000000000003696                Pinger::~Pinger()
                0x0000000000003696                Pinger::~Pinger()
 .text._Z11serialEventv
                0x00000000000036ac        0xc .pio/build/lplm4f120h5qr/src/main.cpp.o
                0x00000000000036ac                serialEvent()
 .text.loop     0x00000000000036b8        0xc .pio/build/lplm4f120h5qr/src/main.cpp.o
                0x00000000000036b8                loop
 .text._ZN22ArduinoJson6130_10000112JsonDocument2toINS_10VariantRefEEENS_9VariantToIT_E4typeEv
                0x00000000000036c4       0x1a .pio/build/lplm4f120h5qr/src/main.cpp.o
                0x00000000000036c4                ArduinoJson6130_100001::VariantTo<ArduinoJson6130_100001::VariantRef>::type ArduinoJson6130_100001::JsonDocument::to<ArduinoJson6130_100001::VariantRef>()
 *fill*         0x00000000000036de        0x2 
 .text._ZN12LambdaSourceIPKcEC2ESt8functionIFS1_vEE
                0x00000000000036e0       0x34 .pio/build/lplm4f120h5qr/src/main.cpp.o
                0x00000000000036e0                LambdaSource<char const*>::LambdaSource(std::function<char const* ()>)
                0x00000000000036e0                LambdaSource<char const*>::LambdaSource(std::function<char const* ()>)
 .text._ZN9PublisherIbErsER10SubscriberIbE
                0x0000000000003714        0xa .pio/build/lplm4f120h5qr/src/main.cpp.o
                0x0000000000003714                Publisher<bool>::operator>>(Subscriber<bool>&)
 .text._ZN9PublisherIPKcErsER10SubscriberIS1_E
                0x000000000000371e        0xa .pio/build/lplm4f120h5qr/src/main.cpp.o
                0x000000000000371e                Publisher<char const*>::operator>>(Subscriber<char const*>&)
 .text._ZN9ValueFlowIbE2onERKb
                0x0000000000003728       0x14 .pio/build/lplm4f120h5qr/src/main.cpp.o
                0x0000000000003728                ValueFlow<bool>::on(bool const&)
 .text._ZN9ValueFlowIbE7requestEv
                0x000000000000373c       0x14 .pio/build/lplm4f120h5qr/src/main.cpp.o
                0x000000000000373c                ValueFlow<bool>::request()
                0x000000000000374a                non-virtual thunk to ValueFlow<bool>::request()
 .text._ZN6SourceIiE4emitERKi
                0x0000000000003750       0x1c .pio/build/lplm4f120h5qr/src/main.cpp.o
                0x0000000000003750                Source<int>::emit(int const&)
 .text._ZN11ValueSourceIiEaSEi
                0x000000000000376c       0x12 .pio/build/lplm4f120h5qr/src/main.cpp.o
                0x000000000000376c                ValueSource<int>::operator=(int)
 .text._ZNSt17_Function_handlerIFvRKiEZN6PingerC1ER6ThreadEUlS1_E_E9_M_invokeERKSt9_Any_dataS1_
                0x000000000000377e       0x14 .pio/build/lplm4f120h5qr/src/main.cpp.o
                0x000000000000377e                std::_Function_handler<void (int const&), Pinger::Pinger(Thread&)::{lambda(int const&)#1}>::_M_invoke(std::_Any_data const&, int const&)
 .text._ZN11ValueSourceIiE7requestEv
                0x0000000000003792       0x12 .pio/build/lplm4f120h5qr/src/main.cpp.o
                0x0000000000003792                ValueSource<int>::request()
                0x000000000000379e                non-virtual thunk to ValueSource<int>::request()
 .text._ZN11MqttMessageaSEOS_
                0x00000000000037a4       0x1a .pio/build/lplm4f120h5qr/src/main.cpp.o
                0x00000000000037a4                MqttMessage::operator=(MqttMessage&&)
 .text._ZN9PublisherI11MqttMessageErsER10SubscriberIS0_E
                0x00000000000037be        0xa .pio/build/lplm4f120h5qr/src/main.cpp.o
                0x00000000000037be                Publisher<MqttMessage>::operator>>(Subscriber<MqttMessage>&)
 .text._ZNSt8functionIFvRKPKcEEC2ERKS5_
                0x00000000000037c8       0x1c .pio/build/lplm4f120h5qr/src/main.cpp.o
                0x00000000000037c8                std::function<void (char const* const&)>::function(std::function<void (char const* const&)> const&)
                0x00000000000037c8                std::function<void (char const* const&)>::function(std::function<void (char const* const&)> const&)
 .text._ZNSt8functionIFvRKbEEaSERKS3_
                0x00000000000037e4       0x3c .pio/build/lplm4f120h5qr/src/main.cpp.o
                0x00000000000037e4                std::function<void (bool const&)>::operator=(std::function<void (bool const&)> const&)
 .text._ZNSt8functionIFvRKiEEaSERKS3_
                0x0000000000003820       0x3c .pio/build/lplm4f120h5qr/src/main.cpp.o
                0x0000000000003820                std::function<void (int const&)>::operator=(std::function<void (int const&)> const&)
 .text._ZN4SinkI8TimerMsgLi2EEC2Ev
                0x000000000000385c       0x64 .pio/build/lplm4f120h5qr/src/main.cpp.o
                0x000000000000385c                Sink<TimerMsg, 2>::Sink()
                0x000000000000385c                Sink<TimerMsg, 2>::Sink()
 .text._ZN4SinkIiLi4EEC2Ev
                0x00000000000038c0       0x64 .pio/build/lplm4f120h5qr/src/main.cpp.o
                0x00000000000038c0                Sink<int, 4>::Sink()
                0x00000000000038c0                Sink<int, 4>::Sink()
 .text._ZN4SinkIbLi2EEC2Ev
                0x0000000000003924       0x64 .pio/build/lplm4f120h5qr/src/main.cpp.o
                0x0000000000003924                Sink<bool, 2>::Sink()
                0x0000000000003924                Sink<bool, 2>::Sink()
 .text._ZN10LedBlinkerC2ER6Threadmm
                0x0000000000003988       0x74 .pio/build/lplm4f120h5qr/src/main.cpp.o
                0x0000000000003988                LedBlinker::LedBlinker(Thread&, unsigned long, unsigned long)
                0x0000000000003988                LedBlinker::LedBlinker(Thread&, unsigned long, unsigned long)
 .text._ZN6PollerC2ER6Thread
                0x00000000000039fc       0xd8 .pio/build/lplm4f120h5qr/src/main.cpp.o
                0x00000000000039fc                Poller::Poller(Thread&)
                0x00000000000039fc                Poller::Poller(Thread&)
 .text._ZNSt6vectorIP11RequestableSaIS1_EE19_M_emplace_back_auxIIS1_EEEvDpOT_
                0x0000000000003ad4       0x72 .pio/build/lplm4f120h5qr/src/main.cpp.o
                0x0000000000003ad4                void std::vector<Requestable*, std::allocator<Requestable*> >::_M_emplace_back_aux<Requestable*>(Requestable*&&)
                0x0000000000003ad4                void std::vector<Requestable*, std::allocator<Requestable*> >::_M_emplace_back_aux<Requestable*>(Requestable*&&)
 .text._ZNSt6vectorIP11RequestableSaIS1_EE12emplace_backIIS1_EEEvDpOT_
                0x0000000000003b46       0x20 .pio/build/lplm4f120h5qr/src/main.cpp.o
                0x0000000000003b46                void std::vector<Requestable*, std::allocator<Requestable*> >::emplace_back<Requestable*>(Requestable*&&)
                0x0000000000003b46                void std::vector<Requestable*, std::allocator<Requestable*> >::emplace_back<Requestable*>(Requestable*&&)
 .text._ZN22ArduinoJson6130_10000117BasicJsonDocumentINS_16DefaultAllocatorEEC2EjS1_
                0x0000000000003b66       0x30 .pio/build/lplm4f120h5qr/src/main.cpp.o
                0x0000000000003b66                ArduinoJson6130_100001::BasicJsonDocument<ArduinoJson6130_100001::DefaultAllocator>::BasicJsonDocument(unsigned int, ArduinoJson6130_100001::DefaultAllocator)
                0x0000000000003b66                ArduinoJson6130_100001::BasicJsonDocument<ArduinoJson6130_100001::DefaultAllocator>::BasicJsonDocument(unsigned int, ArduinoJson6130_100001::DefaultAllocator)
 .text._ZNSt8functionIFiR11MqttMessageRKbEEC2ERKS5_
                0x0000000000003b96       0x1c .pio/build/lplm4f120h5qr/src/main.cpp.o
                0x0000000000003b96                std::function<int (MqttMessage&, bool const&)>::function(std::function<int (MqttMessage&, bool const&)> const&)
                0x0000000000003b96                std::function<int (MqttMessage&, bool const&)>::function(std::function<int (MqttMessage&, bool const&)> const&)
 *fill*         0x0000000000003bb2        0x2 
 .text._ZN4Mqtt7toTopicIbEER10SubscriberIT_EPKc
                0x0000000000003bb4       0x8c .pio/build/lplm4f120h5qr/src/main.cpp.o
                0x0000000000003bb4                Subscriber<bool>& Mqtt::toTopic<bool>(char const*)
 .text._ZNSt8functionIFiR11MqttMessageRKmEEC2ERKS5_
                0x0000000000003c40       0x1c .pio/build/lplm4f120h5qr/src/main.cpp.o
                0x0000000000003c40                std::function<int (MqttMessage&, unsigned long const&)>::function(std::function<int (MqttMessage&, unsigned long const&)> const&)
                0x0000000000003c40                std::function<int (MqttMessage&, unsigned long const&)>::function(std::function<int (MqttMessage&, unsigned long const&)> const&)
 .text._ZN4Mqtt7toTopicImEER10SubscriberIT_EPKc
                0x0000000000003c5c       0x8c .pio/build/lplm4f120h5qr/src/main.cpp.o
                0x0000000000003c5c                Subscriber<unsigned long>& Mqtt::toTopic<unsigned long>(char const*)
 .text._ZNSt8functionIFiR11MqttMessageRKyEEC2ERKS5_
                0x0000000000003ce8       0x1c .pio/build/lplm4f120h5qr/src/main.cpp.o
                0x0000000000003ce8                std::function<int (MqttMessage&, unsigned long long const&)>::function(std::function<int (MqttMessage&, unsigned long long const&)> const&)
                0x0000000000003ce8                std::function<int (MqttMessage&, unsigned long long const&)>::function(std::function<int (MqttMessage&, unsigned long long const&)> const&)
 .text._ZN4Mqtt7toTopicIyEER10SubscriberIT_EPKc
                0x0000000000003d04       0x8c .pio/build/lplm4f120h5qr/src/main.cpp.o
                0x0000000000003d04                Subscriber<unsigned long long>& Mqtt::toTopic<unsigned long long>(char const*)
 .text._ZNSt8functionIFiR11MqttMessageRKPKcEEC2ERKS7_
                0x0000000000003d90       0x1c .pio/build/lplm4f120h5qr/src/main.cpp.o
                0x0000000000003d90                std::function<int (MqttMessage&, char const* const&)>::function(std::function<int (MqttMessage&, char const* const&)> const&)
                0x0000000000003d90                std::function<int (MqttMessage&, char const* const&)>::function(std::function<int (MqttMessage&, char const* const&)> const&)
 .text._ZN4Mqtt7toTopicIPKcEER10SubscriberIT_ES2_
                0x0000000000003dac       0x8c .pio/build/lplm4f120h5qr/src/main.cpp.o
                0x0000000000003dac                Subscriber<char const*>& Mqtt::toTopic<char const*>(char const*)
 .text._ZN22ArduinoJson6130_10000113serializeJsonINS_17BasicJsonDocumentINS_16DefaultAllocatorEEE6StringEEjRKT_RT0_
                0x0000000000003e38       0x28 .pio/build/lplm4f120h5qr/src/main.cpp.o
                0x0000000000003e38                unsigned int ArduinoJson6130_100001::serializeJson<ArduinoJson6130_100001::BasicJsonDocument<ArduinoJson6130_100001::DefaultAllocator>, String>(ArduinoJson6130_100001::BasicJsonDocument<ArduinoJson6130_100001::DefaultAllocator> const&, String&)
 .text._ZNSt17_Function_handlerIFiR11MqttMessageRKmEZN6ToMqttImEC1E6StringEUlS1_S3_E_E9_M_invokeERKSt9_Any_dataS1_S3_
                0x0000000000003e60       0x7c .pio/build/lplm4f120h5qr/src/main.cpp.o
                0x0000000000003e60                std::_Function_handler<int (MqttMessage&, unsigned long const&), ToMqtt<unsigned long>::ToMqtt(String)::{lambda(MqttMessage&, unsigned long const&)#1}>::_M_invoke(std::_Any_data const&, MqttMessage&, unsigned long const&)
 .text._ZNSt17_Function_handlerIFiR11MqttMessageRKyEZN6ToMqttIyEC1E6StringEUlS1_S3_E_E9_M_invokeERKSt9_Any_dataS1_S3_
                0x0000000000003edc       0x7c .pio/build/lplm4f120h5qr/src/main.cpp.o
                0x0000000000003edc                std::_Function_handler<int (MqttMessage&, unsigned long long const&), ToMqtt<unsigned long long>::ToMqtt(String)::{lambda(MqttMessage&, unsigned long long const&)#1}>::_M_invoke(std::_Any_data const&, MqttMessage&, unsigned long long const&)
 .text._ZNSt17_Function_handlerIFiR11MqttMessageRKPKcEZN6ToMqttIS3_EC1E6StringEUlS1_S5_E_E9_M_invokeERKSt9_Any_dataS1_S5_
                0x0000000000003f58       0x80 .pio/build/lplm4f120h5qr/src/main.cpp.o
                0x0000000000003f58                std::_Function_handler<int (MqttMessage&, char const* const&), ToMqtt<char const*>::ToMqtt(String)::{lambda(MqttMessage&, char const* const&)#1}>::_M_invoke(std::_Any_data const&, MqttMessage&, char const* const&)
 .text._ZNSt17_Function_handlerIFiR11MqttMessageRKbEZN6ToMqttIbEC1E6StringEUlS1_S3_E_E9_M_invokeERKSt9_Any_dataS1_S3_
                0x0000000000003fd8       0x80 .pio/build/lplm4f120h5qr/src/main.cpp.o
                0x0000000000003fd8                std::_Function_handler<int (MqttMessage&, bool const&), ToMqtt<bool>::ToMqtt(String)::{lambda(MqttMessage&, bool const&)#1}>::_M_invoke(std::_Any_data const&, MqttMessage&, bool const&)
 .text._ZN6SourceI11MqttMessageE4emitERKS0_
                0x0000000000004058       0x1c .pio/build/lplm4f120h5qr/src/main.cpp.o
                0x0000000000004058                Source<MqttMessage>::emit(MqttMessage const&)
 .text._ZN6SourceIPKcE4emitERKS1_
                0x0000000000004074       0x1c .pio/build/lplm4f120h5qr/src/main.cpp.o
                0x0000000000004074                Source<char const*>::emit(char const* const&)
 .text._ZN11ValueSourceIPKcE7requestEv
                0x0000000000004090       0x12 .pio/build/lplm4f120h5qr/src/main.cpp.o
                0x0000000000004090                ValueSource<char const*>::request()
                0x000000000000409c                non-virtual thunk to ValueSource<char const*>::request()
 .text._ZNSt6vectorIP10SubscriberIPKcESaIS4_EE19_M_emplace_back_auxIIRKS4_EEEvDpOT_
                0x00000000000040a2       0x72 .pio/build/lplm4f120h5qr/src/main.cpp.o
                0x00000000000040a2                void std::vector<Subscriber<char const*>*, std::allocator<Subscriber<char const*>*> >::_M_emplace_back_aux<Subscriber<char const*>* const&>(Subscriber<char const*>* const&)
                0x00000000000040a2                void std::vector<Subscriber<char const*>*, std::allocator<Subscriber<char const*>*> >::_M_emplace_back_aux<Subscriber<char const*>* const&>(Subscriber<char const*>* const&)
 .text._ZN6SourceIPKcE9subscribeEP10SubscriberIS1_E
                0x0000000000004114       0x26 .pio/build/lplm4f120h5qr/src/main.cpp.o
                0x0000000000004114                Source<char const*>::subscribe(Subscriber<char const*>*)
 .text._ZNSt6vectorIP10SubscriberIyESaIS2_EE19_M_emplace_back_auxIIRKS2_EEEvDpOT_
                0x000000000000413a       0x72 .pio/build/lplm4f120h5qr/src/main.cpp.o
                0x000000000000413a                void std::vector<Subscriber<unsigned long long>*, std::allocator<Subscriber<unsigned long long>*> >::_M_emplace_back_aux<Subscriber<unsigned long long>* const&>(Subscriber<unsigned long long>* const&)
                0x000000000000413a                void std::vector<Subscriber<unsigned long long>*, std::allocator<Subscriber<unsigned long long>*> >::_M_emplace_back_aux<Subscriber<unsigned long long>* const&>(Subscriber<unsigned long long>* const&)
 .text._ZN6SourceIyE9subscribeEP10SubscriberIyE
                0x00000000000041ac       0x26 .pio/build/lplm4f120h5qr/src/main.cpp.o
                0x00000000000041ac                Source<unsigned long long>::subscribe(Subscriber<unsigned long long>*)
 .text._ZNSt6vectorIP10SubscriberImESaIS2_EE19_M_emplace_back_auxIIRKS2_EEEvDpOT_
                0x00000000000041d2       0x72 .pio/build/lplm4f120h5qr/src/main.cpp.o
                0x00000000000041d2                void std::vector<Subscriber<unsigned long>*, std::allocator<Subscriber<unsigned long>*> >::_M_emplace_back_aux<Subscriber<unsigned long>* const&>(Subscriber<unsigned long>* const&)
                0x00000000000041d2                void std::vector<Subscriber<unsigned long>*, std::allocator<Subscriber<unsigned long>*> >::_M_emplace_back_aux<Subscriber<unsigned long>* const&>(Subscriber<unsigned long>* const&)
 .text._ZN6SourceImE9subscribeEP10SubscriberImE
                0x0000000000004244       0x26 .pio/build/lplm4f120h5qr/src/main.cpp.o
                0x0000000000004244                Source<unsigned long>::subscribe(Subscriber<unsigned long>*)
 .text._ZNSt6vectorIP10SubscriberIiESaIS2_EE19_M_emplace_back_auxIIRKS2_EEEvDpOT_
                0x000000000000426a       0x72 .pio/build/lplm4f120h5qr/src/main.cpp.o
                0x000000000000426a                void std::vector<Subscriber<int>*, std::allocator<Subscriber<int>*> >::_M_emplace_back_aux<Subscriber<int>* const&>(Subscriber<int>* const&)
                0x000000000000426a                void std::vector<Subscriber<int>*, std::allocator<Subscriber<int>*> >::_M_emplace_back_aux<Subscriber<int>* const&>(Subscriber<int>* const&)
 .text._ZN6SourceIiE9subscribeEP10SubscriberIiE
                0x00000000000042dc       0x26 .pio/build/lplm4f120h5qr/src/main.cpp.o
                0x00000000000042dc                Source<int>::subscribe(Subscriber<int>*)
 *fill*         0x0000000000004302        0x2 
 .text.startup._GLOBAL__sub_I__ZSt25__throw_bad_function_callv
                0x0000000000004304      0x3a4 .pio/build/lplm4f120h5qr/src/main.cpp.o
 .text._ZSt25__throw_bad_function_callv
                0x00000000000046a8       0x50 .pio/build/lplm4f120h5qr/src/main.cpp.o
                0x00000000000046a8                std::__throw_bad_function_call()
 .text._ZNKSt8functionIFvRKbEEclES1_
                0x00000000000046f8       0x10 .pio/build/lplm4f120h5qr/src/main.cpp.o
                0x00000000000046f8                std::function<void (bool const&)>::operator()(bool const&) const
 .text._ZN4SinkIbLi2EE2onERKb
                0x0000000000004708       0x24 .pio/build/lplm4f120h5qr/src/main.cpp.o
                0x0000000000004708                Sink<bool, 2>::on(bool const&)
 .text.setup    0x000000000000472c      0x300 .pio/build/lplm4f120h5qr/src/main.cpp.o
                0x000000000000472c                setup
 .text._ZN18SubscriberFunctionIPKcE2onERKS1_
                0x0000000000004a2c       0x12 .pio/build/lplm4f120h5qr/src/main.cpp.o
                0x0000000000004a2c                SubscriberFunction<char const*>::on(char const* const&)
 .text._ZN10LambdaFlowIPKc11MqttMessageE2onERKS1_
                0x0000000000004a3e       0x36 .pio/build/lplm4f120h5qr/src/main.cpp.o
                0x0000000000004a3e                LambdaFlow<char const*, MqttMessage>::on(char const* const&)
 .text._ZN10LambdaFlowIy11MqttMessageE2onERKy
                0x0000000000004a74       0x36 .pio/build/lplm4f120h5qr/src/main.cpp.o
                0x0000000000004a74                LambdaFlow<unsigned long long, MqttMessage>::on(unsigned long long const&)
 .text._ZN10LambdaFlowIm11MqttMessageE2onERKm
                0x0000000000004aaa       0x36 .pio/build/lplm4f120h5qr/src/main.cpp.o
                0x0000000000004aaa                LambdaFlow<unsigned long, MqttMessage>::on(unsigned long const&)
 .text._ZN10LambdaFlowIb11MqttMessageE2onERKb
                0x0000000000004ae0       0x36 .pio/build/lplm4f120h5qr/src/main.cpp.o
                0x0000000000004ae0                LambdaFlow<bool, MqttMessage>::on(bool const&)
 .text._ZN12LambdaSourceIPKcE7requestEv
                0x0000000000004b16       0x28 .pio/build/lplm4f120h5qr/src/main.cpp.o
                0x0000000000004b16                LambdaSource<char const*>::request()
                0x0000000000004b38                non-virtual thunk to LambdaSource<char const*>::request()
 .text._ZN12LambdaSourceIyE7requestEv
                0x0000000000004b3e       0x36 .pio/build/lplm4f120h5qr/src/main.cpp.o
                0x0000000000004b3e                LambdaSource<unsigned long long>::request()
                0x0000000000004b6e                non-virtual thunk to LambdaSource<unsigned long long>::request()
 .text._ZN12LambdaSourceImE7requestEv
                0x0000000000004b74       0x34 .pio/build/lplm4f120h5qr/src/main.cpp.o
                0x0000000000004b74                LambdaSource<unsigned long>::request()
                0x0000000000004ba2                non-virtual thunk to LambdaSource<unsigned long>::request()
 .text._ZN4SinkI8TimerMsgLi2EE2onERKS0_
                0x0000000000004ba8       0x24 .pio/build/lplm4f120h5qr/src/main.cpp.o
                0x0000000000004ba8                Sink<TimerMsg, 2>::on(TimerMsg const&)
 .text._ZNKSt8functionIFvRKiEEclES1_
                0x0000000000004bcc       0x10 .pio/build/lplm4f120h5qr/src/main.cpp.o
                0x0000000000004bcc                std::function<void (int const&)>::operator()(int const&) const
 .text._ZN4SinkIiLi4EE2onERKi
                0x0000000000004bdc       0x24 .pio/build/lplm4f120h5qr/src/main.cpp.o
                0x0000000000004bdc                Sink<int, 4>::on(int const&)
 .text._ZZN4SinkI8TimerMsgLi2EEC1EvENKUlRKS0_E_clES3_
                0x0000000000004c00       0x58 .pio/build/lplm4f120h5qr/src/main.cpp.o
                0x0000000000004c00                Sink<TimerMsg, 2>::Sink()::{lambda(TimerMsg const&)#1}::operator()(TimerMsg const&) const
 .text._ZNSt17_Function_handlerIFvRK8TimerMsgEZN4SinkIS0_Li2EEC1EvEUlS2_E_E9_M_invokeERKSt9_Any_dataS2_
                0x0000000000004c58        0xa .pio/build/lplm4f120h5qr/src/main.cpp.o
                0x0000000000004c58                std::_Function_handler<void (TimerMsg const&), Sink<TimerMsg, 2>::Sink()::{lambda(TimerMsg const&)#1}>::_M_invoke(std::_Any_data const&, TimerMsg const&)
 .text._ZZN4SinkI8TimerMsgLi2EEC1EvENUlRKS0_E_4_FUNES3_
                0x0000000000004c62        0xc .pio/build/lplm4f120h5qr/src/main.cpp.o
                0x0000000000004c62                Sink<TimerMsg, 2>::Sink()::{lambda(TimerMsg const&)#1}::_FUN(TimerMsg const&)
 *fill*         0x0000000000004c6e        0x2 
 .text._ZZN4SinkIbLi2EEC1EvENKUlRKbE_clES2_
                0x0000000000004c70       0x58 .pio/build/lplm4f120h5qr/src/main.cpp.o
                0x0000000000004c70                Sink<bool, 2>::Sink()::{lambda(bool const&)#1}::operator()(bool const&) const
 .text._ZNSt17_Function_handlerIFvRKbEZN4SinkIbLi2EEC1EvEUlS1_E_E9_M_invokeERKSt9_Any_dataS1_
                0x0000000000004cc8        0xa .pio/build/lplm4f120h5qr/src/main.cpp.o
                0x0000000000004cc8                std::_Function_handler<void (bool const&), Sink<bool, 2>::Sink()::{lambda(bool const&)#1}>::_M_invoke(std::_Any_data const&, bool const&)
 .text._ZZN4SinkIbLi2EEC1EvENUlRKbE_4_FUNES2_
                0x0000000000004cd2        0xc .pio/build/lplm4f120h5qr/src/main.cpp.o
                0x0000000000004cd2                Sink<bool, 2>::Sink()::{lambda(bool const&)#1}::_FUN(bool const&)
 *fill*         0x0000000000004cde        0x2 
 .text._ZNSt17_Function_handlerIFvRKPKcEZ5setupEUlS1_E_E9_M_invokeERKSt9_Any_dataS3_
                0x0000000000004ce0       0x58 .pio/build/lplm4f120h5qr/src/main.cpp.o
 .text._ZZN4SinkIiLi4EEC1EvENKUlRKiE_clES2_
                0x0000000000004d38       0x58 .pio/build/lplm4f120h5qr/src/main.cpp.o
                0x0000000000004d38                Sink<int, 4>::Sink()::{lambda(int const&)#1}::operator()(int const&) const
 .text._ZNSt17_Function_handlerIFvRKiEZN4SinkIiLi4EEC1EvEUlS1_E_E9_M_invokeERKSt9_Any_dataS1_
                0x0000000000004d90        0xa .pio/build/lplm4f120h5qr/src/main.cpp.o
                0x0000000000004d90                std::_Function_handler<void (int const&), Sink<int, 4>::Sink()::{lambda(int const&)#1}>::_M_invoke(std::_Any_data const&, int const&)
 .text._ZZN4SinkIiLi4EEC1EvENUlRKiE_4_FUNES2_
                0x0000000000004d9a        0xc .pio/build/lplm4f120h5qr/src/main.cpp.o
                0x0000000000004d9a                Sink<int, 4>::Sink()::{lambda(int const&)#1}::_FUN(int const&)
 *fill*         0x0000000000004da6        0x2 
 .text._ZN4SinkI8TimerMsgLi2EE6invokeEv
                0x0000000000004da8       0x78 .pio/build/lplm4f120h5qr/src/main.cpp.o
                0x0000000000004da8                Sink<TimerMsg, 2>::invoke()
                0x0000000000004e18                non-virtual thunk to Sink<TimerMsg, 2>::invoke()
 .text._ZN4SinkIiLi4EE6invokeEv
                0x0000000000004e20       0x78 .pio/build/lplm4f120h5qr/src/main.cpp.o
                0x0000000000004e20                Sink<int, 4>::invoke()
                0x0000000000004e90                non-virtual thunk to Sink<int, 4>::invoke()
 .text._ZN4SinkIbLi2EE6invokeEv
                0x0000000000004e98       0x78 .pio/build/lplm4f120h5qr/src/main.cpp.o
                0x0000000000004e98                Sink<bool, 2>::invoke()
                0x0000000000004f08                non-virtual thunk to Sink<bool, 2>::invoke()
 .text._ZZN4EchoC1ER6ThreadENKUlRKiE_clES3_
                0x0000000000004f10       0x9c .pio/build/lplm4f120h5qr/src/main.cpp.o
                0x0000000000004f10                Echo::Echo(Thread&)::{lambda(int const&)#1}::operator()(int const&) const
 .text._ZNSt17_Function_handlerIFvRKiEZN4EchoC1ER6ThreadEUlS1_E_E9_M_invokeERKSt9_Any_dataS1_